Archive member included to satisfy reference by file (symbol)

../../libdaisy/build\libdaisy.a(daisy_seed.o)
                              build/globalFunc.o (daisy::DaisySeed::Configure())
../../libdaisy/build\libdaisy.a(codec_ak4556.o)
                              ../../libdaisy/build\libdaisy.a(daisy_seed.o) (daisy::Ak4556::Init(dsy_gpio_pin))
../../libdaisy/build\libdaisy.a(sdram.o)
                              ../../libdaisy/build\libdaisy.a(daisy_seed.o) (dsy_sdram_init)
../../libdaisy/build\libdaisy.a(audio.o)
                              ../../libdaisy/build\libdaisy.a(daisy_seed.o) (daisy::AudioHandle::Init(daisy::AudioHandle::Config const&, daisy::SaiHandle))
../../libdaisy/build\libdaisy.a(usb.o)
                              build/metamorphic_project.o (daisy::UsbHandle::Init(daisy::UsbHandle::UsbPeriph))
../../libdaisy/build\libdaisy.a(gpio.o)
                              build/globalFunc.o (dsy_gpio_init)
../../libdaisy/build\libdaisy.a(qspi.o)
                              ../../libdaisy/build\libdaisy.a(daisy_seed.o) (dsy_qspi_init)
../../libdaisy/build\libdaisy.a(sai.o)
                              ../../libdaisy/build\libdaisy.a(daisy_seed.o) (daisy::SaiHandle::Init(daisy::SaiHandle::Config const&))
../../libdaisy/build\libdaisy.a(spi.o)
                              build/globalFunc.o (daisy::SpiHandle::Init(daisy::SpiHandle::Config const&))
../../libdaisy/build\libdaisy.a(uart.o)
                              build/globalFunc.o (daisy::UartHandler::Init(daisy::UartHandler::Config const&))
../../libdaisy/build\libdaisy.a(system.o)
                              build/metamorphic_project.o (daisy::System::GetNow())
../../libdaisy/build\libdaisy.a(system_stm32h7xx.o)
                              build/startup_stm32h750xx.o (SystemInit)
../../libdaisy/build\libdaisy.a(usbd_cdc_if.o)
                              ../../libdaisy/build\libdaisy.a(usb.o) (CDC_Transmit_FS)
../../libdaisy/build\libdaisy.a(usbd_conf.o)
                              ../../libdaisy/build\libdaisy.a(usb.o) (hpcd_USB_OTG_HS)
../../libdaisy/build\libdaisy.a(usbd_desc.o)
                              ../../libdaisy/build\libdaisy.a(usb.o) (HS_Desc)
../../libdaisy/build\libdaisy.a(hal_map.o)
                              ../../libdaisy/build\libdaisy.a(sdram.o) (dsy_hal_map_get_port)
../../libdaisy/build\libdaisy.a(stm32h7xx_hal.o)
                              ../../libdaisy/build\libdaisy.a(system.o) (HAL_Init)
../../libdaisy/build\libdaisy.a(stm32h7xx_hal_cortex.o)
                              ../../libdaisy/build\libdaisy.a(stm32h7xx_hal.o) (HAL_NVIC_SetPriorityGrouping)
../../libdaisy/build\libdaisy.a(stm32h7xx_hal_dma.o)
                              ../../libdaisy/build\libdaisy.a(sai.o) (HAL_DMA_Init)
../../libdaisy/build\libdaisy.a(stm32h7xx_hal_gpio.o)
                              ../../libdaisy/build\libdaisy.a(sdram.o) (HAL_GPIO_Init)
../../libdaisy/build\libdaisy.a(stm32h7xx_hal_pcd.o)
                              ../../libdaisy/build\libdaisy.a(usbd_conf.o) (HAL_PCD_Init)
../../libdaisy/build\libdaisy.a(stm32h7xx_hal_pcd_ex.o)
                              ../../libdaisy/build\libdaisy.a(usbd_conf.o) (HAL_PCDEx_SetTxFiFo)
../../libdaisy/build\libdaisy.a(stm32h7xx_hal_pwr_ex.o)
                              ../../libdaisy/build\libdaisy.a(system.o) (HAL_PWREx_ConfigSupply)
../../libdaisy/build\libdaisy.a(stm32h7xx_hal_qspi.o)
                              ../../libdaisy/build\libdaisy.a(qspi.o) (HAL_QSPI_Init)
../../libdaisy/build\libdaisy.a(stm32h7xx_hal_rcc.o)
                              ../../libdaisy/build\libdaisy.a(system.o) (HAL_RCC_OscConfig)
../../libdaisy/build\libdaisy.a(stm32h7xx_hal_rcc_ex.o)
                              ../../libdaisy/build\libdaisy.a(system.o) (HAL_RCCEx_PeriphCLKConfig)
../../libdaisy/build\libdaisy.a(stm32h7xx_hal_sai.o)
                              ../../libdaisy/build\libdaisy.a(sai.o) (HAL_SAI_InitProtocol)
../../libdaisy/build\libdaisy.a(stm32h7xx_hal_sdram.o)
                              ../../libdaisy/build\libdaisy.a(sdram.o) (HAL_SDRAM_Init)
../../libdaisy/build\libdaisy.a(stm32h7xx_hal_spi.o)
                              ../../libdaisy/build\libdaisy.a(spi.o) (HAL_SPI_Init)
../../libdaisy/build\libdaisy.a(stm32h7xx_hal_uart.o)
                              ../../libdaisy/build\libdaisy.a(uart.o) (HAL_UART_Transmit)
../../libdaisy/build\libdaisy.a(stm32h7xx_hal_uart_ex.o)
                              ../../libdaisy/build\libdaisy.a(stm32h7xx_hal_uart.o) (HAL_UARTEx_WakeupCallback)
../../libdaisy/build\libdaisy.a(stm32h7xx_ll_fmc.o)
                              ../../libdaisy/build\libdaisy.a(stm32h7xx_hal_sdram.o) (FMC_SDRAM_Init)
../../libdaisy/build\libdaisy.a(stm32h7xx_ll_usb.o)
                              ../../libdaisy/build\libdaisy.a(stm32h7xx_hal_pcd.o) (USB_CoreInit)
../../libdaisy/build\libdaisy.a(usbd_cdc.o)
                              ../../libdaisy/build\libdaisy.a(usb.o) (USBD_CDC_RegisterInterface)
[...]
Memory Configuration

Name             Origin             Length             Attributes
FLASH            0x08000000         0x00020000         xr
DTCMRAM          0x20000000         0x00020000         xrw
SRAM             0x24000000         0x00080000         xrw
RAM_D2           0x30000000         0x00048000         xrw
RAM_D3           0x38000000         0x00010000         xrw
ITCMRAM          0x00000000         0x00010000         xrw
SDRAM            0xc0000000         0x04000000         xrw
QSPIFLASH        0x90000000         0x00800000         xr
*default*        0x00000000         0xffffffff

Linker script and memory map

LOAD c:/users/vinícius/documents/daisytoolchain-0.3.1/windows/bin/../lib/gcc/arm-none-eabi/10.2.1/thumb/v7e-m+dp/hard/crti.o
LOAD c:/users/vinícius/documents/daisytoolchain-0.3.1/windows/bin/../lib/gcc/arm-none-eabi/10.2.1/thumb/v7e-m+dp/hard/crtbegin.o
LOAD c:/users/vinícius/documents/daisytoolchain-0.3.1/windows/bin/../lib/gcc/arm-none-eabi/10.2.1/../../../../arm-none-eabi/lib/thumb/v7e-m+dp/hard/crt0.o
LOAD build/startup_stm32h750xx.o
LOAD build/globalFunc.o
LOAD build/menus.o
LOAD build/metamorphic_project.o
LOAD ../../libdaisy/build\libdaisy.a
LOAD c:/users/vinícius/documents/daisytoolchain-0.3.1/windows/bin/../lib/gcc/arm-none-eabi/10.2.1/../../../../arm-none-eabi/lib/thumb/v7e-m+dp/hard\libnosys.a
LOAD ../../DaisySP/build\libdaisysp.a
LOAD c:/users/vinícius/documents/daisytoolchain-0.3.1/windows/bin/../lib/gcc/arm-none-eabi/10.2.1/../../../../arm-none-eabi/lib/thumb/v7e-m+dp/hard\libstdc++_nano.a
LOAD c:/users/vinícius/documents/daisytoolchain-0.3.1/windows/bin/../lib/gcc/arm-none-eabi/10.2.1/../../../../arm-none-eabi/lib/thumb/v7e-m+dp/hard\libm.a
LOAD c:/users/vinícius/documents/daisytoolchain-0.3.1/windows/bin/../lib/gcc/arm-none-eabi/10.2.1/../../../../arm-none-eabi/lib/thumb/v7e-m+dp/hard\libc_nano.a
START GROUP
LOAD c:/users/vinícius/documents/daisytoolchain-0.3.1/windows/bin/../lib/gcc/arm-none-eabi/10.2.1/thumb/v7e-m+dp/hard\libgcc.a
LOAD c:/users/vinícius/documents/daisytoolchain-0.3.1/windows/bin/../lib/gcc/arm-none-eabi/10.2.1/../../../../arm-none-eabi/lib/thumb/v7e-m+dp/hard\libc_nano.a
END GROUP
START GROUP
LOAD c:/users/vinícius/documents/daisytoolchain-0.3.1/windows/bin/../lib/gcc/arm-none-eabi/10.2.1/thumb/v7e-m+dp/hard\libgcc.a
LOAD c:/users/vinícius/documents/daisytoolchain-0.3.1/windows/bin/../lib/gcc/arm-none-eabi/10.2.1/../../../../arm-none-eabi/lib/thumb/v7e-m+dp/hard\libc_nano.a
LOAD c:/users/vinícius/documents/daisytoolchain-0.3.1/windows/bin/../lib/gcc/arm-none-eabi/10.2.1/../../../../arm-none-eabi/lib/thumb/v7e-m+dp/hard\libnosys.a
END GROUP
START GROUP
LOAD c:/users/vinícius/documents/daisytoolchain-0.3.1/windows/bin/../lib/gcc/arm-none-eabi/10.2.1/thumb/v7e-m+dp/hard\libgcc.a
LOAD c:/users/vinícius/documents/daisytoolchain-0.3.1/windows/bin/../lib/gcc/arm-none-eabi/10.2.1/../../../../arm-none-eabi/lib/thumb/v7e-m+dp/hard\libc_nano.a
LOAD c:/users/vinícius/documents/daisytoolchain-0.3.1/windows/bin/../lib/gcc/arm-none-eabi/10.2.1/../../../../arm-none-eabi/lib/thumb/v7e-m+dp/hard\libnosys.a
END GROUP
LOAD c:/users/vinícius/documents/daisytoolchain-0.3.1/windows/bin/../lib/gcc/arm-none-eabi/10.2.1/thumb/v7e-m+dp/hard/crtend.o
LOAD c:/users/vinícius/documents/daisytoolchain-0.3.1/windows/bin/../lib/gcc/arm-none-eabi/10.2.1/thumb/v7e-m+dp/hard/crtn.o
                0x20020000                _estack = 0x20020000

.isr_vector     0x08000000      0x298
                0x08000000                . = ALIGN (0x4)
 *(.isr_vector)
 .isr_vector    0x08000000      0x298 build/startup_stm32h750xx.o
                0x08000000                g_pfnVectors
                0x08000298                . = ALIGN (0x4)

.text           0x080002a0    0x129f0
                0x080002a0                . = ALIGN (0x4)
                0x080002a0                _stext = .
 *(.text)
 .text          0x080002a0       0x40 c:/users/vinícius/documents/daisytoolchain-0.3.1/windows/bin/../lib/gcc/arm-none-eabi/10.2.1/thumb/v7e-m+dp/hard/crtbegin.o
 .text          0x080002e0       0x14 c:/users/vinícius/documents/daisytoolchain-0.3.1/windows/bin/../lib/gcc/arm-none-eabi/10.2.1/../../../../arm-none-eabi/lib/thumb/v7e-m+dp/hard\libc_nano.a(lib_a-strcmp.o)
                0x080002e0                strcmp
 *fill*         0x080002f4        0xc 
 .text          0x08000300       0xa0 c:/users/vinícius/documents/daisytoolchain-0.3.1/windows/bin/../lib/gcc/arm-none-eabi/10.2.1/../../../../arm-none-eabi/lib/thumb/v7e-m+dp/hard\libc_nano.a(lib_a-memchr.o)
                0x08000300                memchr
 .text          0x080003a0      0x378 c:/users/vinícius/documents/daisytoolchain-0.3.1/windows/bin/../lib/gcc/arm-none-eabi/10.2.1/thumb/v7e-m+dp/hard\libgcc.a(_arm_addsubdf3.o)
                0x080003a0                __aeabi_drsub
                0x080003a8                __aeabi_dsub
                0x080003a8                __subdf3
                0x080003ac                __aeabi_dadd
                0x080003ac                __adddf3
                0x08000624                __floatunsidf
                0x08000624                __aeabi_ui2d
                0x08000644                __floatsidf
                0x08000644                __aeabi_i2d
                0x08000668                __aeabi_f2d
                0x08000668                __extendsfdf2
                0x080006ac                __floatundidf
                0x080006ac                __aeabi_ul2d
                0x080006bc                __floatdidf
                0x080006bc                __aeabi_l2d
 .text          0x08000718       0x30 c:/users/vinícius/documents/daisytoolchain-0.3.1/windows/bin/../lib/gcc/arm-none-eabi/10.2.1/thumb/v7e-m+dp/hard\libgcc.a(_aeabi_uldivmod.o)
                0x08000718                __aeabi_uldivmod
 .text          0x08000748      0x2d0 c:/users/vinícius/documents/daisytoolchain-0.3.1/windows/bin/../lib/gcc/arm-none-eabi/10.2.1/thumb/v7e-m+dp/hard\libgcc.a(_udivmoddi4.o)
                0x08000748                __udivmoddi4
 .text          0x08000a18        0x4 c:/users/vinícius/documents/daisytoolchain-0.3.1/windows/bin/../lib/gcc/arm-none-eabi/10.2.1/thumb/v7e-m+dp/hard\libgcc.a(_dvmd_tls.o)
                0x08000a18                __aeabi_idiv0
                0x08000a18                __aeabi_ldiv0
 *(.text*)
 .text.Default_Handler
                0x08000a1c        0x4 build/startup_stm32h750xx.o
                0x08000a1c                RTC_Alarm_IRQHandler
                0x08000a1c                HASH_RNG_IRQHandler
                0x08000a1c                EXTI2_IRQHandler
                0x08000a1c                TIM8_CC_IRQHandler
                0x08000a1c                HRTIM1_Master_IRQHandler
                0x08000a1c                DebugMon_Handler
                0x08000a1c                SPI4_IRQHandler
                0x08000a1c                TIM1_CC_IRQHandler
                0x08000a1c                BDMA_Channel6_IRQHandler
                0x08000a1c                DMA2_Stream5_IRQHandler
                0x08000a1c                HRTIM1_FLT_IRQHandler
                0x08000a1c                JPEG_IRQHandler
                0x08000a1c                BDMA_Channel1_IRQHandler
                0x08000a1c                HRTIM1_TIMD_IRQHandler
                0x08000a1c                TAMP_STAMP_IRQHandler
                0x08000a1c                PendSV_Handler
                0x08000a1c                NMI_Handler
                0x08000a1c                EXTI3_IRQHandler
                0x08000a1c                LPTIM4_IRQHandler
                0x08000a1c                TIM8_TRG_COM_TIM14_IRQHandler
                0x08000a1c                LPTIM2_IRQHandler
                0x08000a1c                DFSDM1_FLT1_IRQHandler
                0x08000a1c                DMAMUX2_OVR_IRQHandler
                0x08000a1c                TIM8_UP_TIM13_IRQHandler
                0x08000a1c                I2C3_ER_IRQHandler
                0x08000a1c                DFSDM1_FLT2_IRQHandler
                0x08000a1c                MDMA_IRQHandler
                0x08000a1c                LPTIM3_IRQHandler
                0x08000a1c                HSEM1_IRQHandler
                0x08000a1c                EXTI0_IRQHandler
                0x08000a1c                DMA1_Stream2_IRQHandler
                0x08000a1c                FPU_IRQHandler
                0x08000a1c                OTG_HS_WKUP_IRQHandler
                0x08000a1c                FDCAN1_IT1_IRQHandler
                0x08000a1c                UsageFault_Handler
                0x08000a1c                LTDC_ER_IRQHandler
                0x08000a1c                DMA2_Stream2_IRQHandler
                0x08000a1c                HRTIM1_TIME_IRQHandler
                0x08000a1c                SPI1_IRQHandler
                0x08000a1c                TIM6_DAC_IRQHandler
                0x08000a1c                DCMI_IRQHandler
                0x08000a1c                HRTIM1_TIMC_IRQHandler
                0x08000a1c                DMA2_Stream3_IRQHandler
                0x08000a1c                SAI2_IRQHandler
                0x08000a1c                DFSDM1_FLT3_IRQHandler
                0x08000a1c                TIM17_IRQHandler
                0x08000a1c                CRYP_IRQHandler
                0x08000a1c                BDMA_Channel7_IRQHandler
                0x08000a1c                LPTIM5_IRQHandler
                0x08000a1c                ADC3_IRQHandler
                0x08000a1c                DMA2_Stream0_IRQHandler
                0x08000a1c                TIM4_IRQHandler
                0x08000a1c                BDMA_Channel2_IRQHandler
                0x08000a1c                DMAMUX1_OVR_IRQHandler
                0x08000a1c                TIM16_IRQHandler
                0x08000a1c                BDMA_Channel5_IRQHandler
                0x08000a1c                TIM3_IRQHandler
                0x08000a1c                RCC_IRQHandler
                0x08000a1c                TIM8_BRK_TIM12_IRQHandler
                0x08000a1c                TIM1_TRG_COM_IRQHandler
                0x08000a1c                Default_Handler
                0x08000a1c                ECC_IRQHandler
                0x08000a1c                CEC_IRQHandler
                0x08000a1c                EXTI15_10_IRQHandler
                0x08000a1c                BDMA_Channel0_IRQHandler
                0x08000a1c                ADC_IRQHandler
                0x08000a1c                DMA1_Stream7_IRQHandler
                0x08000a1c                HRTIM1_TIMA_IRQHandler
                0x08000a1c                SPI5_IRQHandler
                0x08000a1c                TIM7_IRQHandler
                0x08000a1c                SDMMC1_IRQHandler
                0x08000a1c                TIM5_IRQHandler
                0x08000a1c                DMA2_Stream7_IRQHandler
                0x08000a1c                TIM15_IRQHandler
                0x08000a1c                PVD_AVD_IRQHandler
                0x08000a1c                EXTI9_5_IRQHandler
                0x08000a1c                RTC_WKUP_IRQHandler
                0x08000a1c                LTDC_IRQHandler
                0x08000a1c                SAI3_IRQHandler
                0x08000a1c                ETH_WKUP_IRQHandler
                0x08000a1c                SPDIF_RX_IRQHandler
                0x08000a1c                SPI2_IRQHandler
                0x08000a1c                MemManage_Handler
                0x08000a1c                SVC_Handler
                0x08000a1c                CRS_IRQHandler
                0x08000a1c                EXTI4_IRQHandler
                0x08000a1c                HRTIM1_TIMB_IRQHandler
                0x08000a1c                FDCAN2_IT1_IRQHandler
                0x08000a1c                ETH_IRQHandler
                0x08000a1c                TIM1_UP_IRQHandler
                0x08000a1c                BDMA_Channel4_IRQHandler
                0x08000a1c                WWDG_IRQHandler
                0x08000a1c                SPI6_IRQHandler
                0x08000a1c                I2C4_EV_IRQHandler
                0x08000a1c                MDIOS_IRQHandler
                0x08000a1c                FDCAN2_IT0_IRQHandler
                0x08000a1c                FDCAN1_IT0_IRQHandler
                0x08000a1c                TIM2_IRQHandler
                0x08000a1c                OTG_FS_WKUP_IRQHandler
                0x08000a1c                DMA2D_IRQHandler
                0x08000a1c                TIM1_BRK_IRQHandler
                0x08000a1c                EXTI1_IRQHandler
                0x08000a1c                SDMMC2_IRQHandler
                0x08000a1c                BDMA_Channel3_IRQHandler
                0x08000a1c                MDIOS_WKUP_IRQHandler
                0x08000a1c                DFSDM1_FLT0_IRQHandler
                0x08000a1c                SAI4_IRQHandler
                0x08000a1c                I2C2_ER_IRQHandler
                0x08000a1c                DMA2_Stream1_IRQHandler
                0x08000a1c                FLASH_IRQHandler
                0x08000a1c                DMA2_Stream4_IRQHandler
                0x08000a1c                BusFault_Handler
                0x08000a1c                SPI3_IRQHandler
                0x08000a1c                WAKEUP_PIN_IRQHandler
                0x08000a1c                I2C1_ER_IRQHandler
                0x08000a1c                FMC_IRQHandler
                0x08000a1c                FDCAN_CAL_IRQHandler
                0x08000a1c                SWPMI1_IRQHandler
                0x08000a1c                COMP1_IRQHandler
                0x08000a1c                LPTIM1_IRQHandler
                0x08000a1c                I2C4_ER_IRQHandler
                0x08000a1c                DMA2_Stream6_IRQHandler
                0x08000a1c                SAI1_IRQHandler
 .text.Reset_Handler
                0x08000a20       0x44 build/startup_stm32h750xx.o
                0x08000a20                Reset_Handler
 .text._Z17HandleMidiMessage9MidiEventPN7daisysp10OscillatorE
                0x08000a64       0x8c build/globalFunc.o
                0x08000a64                HandleMidiMessage(MidiEvent, daisysp::Oscillator*)
 .text._ZN5daisy13SSD130xDriverILj128ELj64ENS_24SSD130x4WireSpiTransportEE4InitENS2_6ConfigE
                0x08000af0      0x2d4 build/globalFunc.o
                0x08000af0                daisy::SSD130xDriver<128u, 64u, daisy::SSD130x4WireSpiTransport>::Init(daisy::SSD130xDriver<128u, 64u, daisy::SSD130x4WireSpiTransport>::Config)
 .text._Z9SynthInitPN5daisy9DaisySeedEPNS_11OledDisplayINS_13SSD130xDriverILj128ELj64ENS_24SSD130x4WireSpiTransportEEEEEPN7daisysp10OscillatorEPNS_11MidiHandlerINS_17MidiUartTransportEEE
                0x08000dc4       0xf4 build/globalFunc.o
                0x08000dc4                SynthInit(daisy::DaisySeed*, daisy::OledDisplay<daisy::SSD130xDriver<128u, 64u, daisy::SSD130x4WireSpiTransport> >*, daisysp::Oscillator*, daisy::MidiHandler<daisy::MidiUartTransport>*)
 .text._ZN5daisy11OledDisplayINS_13SSD130xDriverILj128ELj64ENS_24SSD130x4WireSpiTransportEEEE4FillEb
                0x08000eb8       0x10 build/menus.o
                0x08000eb8                daisy::OledDisplay<daisy::SSD130xDriver<128u, 64u, daisy::SSD130x4WireSpiTransport> >::Fill(bool)
 .text._ZNK5daisy11OledDisplayINS_13SSD130xDriverILj128ELj64ENS_24SSD130x4WireSpiTransportEEEE5WidthEv
                0x08000ec8        0x4 build/menus.o
                0x08000ec8                daisy::OledDisplay<daisy::SSD130xDriver<128u, 64u, daisy::SSD130x4WireSpiTransport> >::Width() const
 .text._ZNK5daisy11OledDisplayINS_13SSD130xDriverILj128ELj64ENS_24SSD130x4WireSpiTransportEEEE6HeightEv
                0x08000ecc        0x4 build/menus.o
                0x08000ecc                daisy::OledDisplay<daisy::SSD130xDriver<128u, 64u, daisy::SSD130x4WireSpiTransport> >::Height() const
 .text._ZN5daisy11OledDisplayINS_13SSD130xDriverILj128ELj64ENS_24SSD130x4WireSpiTransportEEEE6UpdateEv
                0x08000ed0       0x8c build/menus.o
                0x08000ed0                daisy::OledDisplay<daisy::SSD130xDriver<128u, 64u, daisy::SSD130x4WireSpiTransport> >::Update()
 .text._ZN5daisy25OneBitGraphicsDisplayImplINS_11OledDisplayINS_13SSD130xDriverILj128ELj64ENS_24SSD130x4WireSpiTransportEEEEEE8DrawLineEjjjjb
                0x08000f5c       0xfc build/menus.o
                0x08000f5c                daisy::OneBitGraphicsDisplayImpl<daisy::OledDisplay<daisy::SSD130xDriver<128u, 64u, daisy::SSD130x4WireSpiTransport> > >::DrawLine(unsigned int, unsigned int, unsigned int, unsigned int, bool)
 .text._ZN5daisy25OneBitGraphicsDisplayImplINS_11OledDisplayINS_13SSD130xDriverILj128ELj64ENS_24SSD130x4WireSpiTransportEEEEEE8DrawRectEjjjjbb
                0x08001058      0x418 build/menus.o
                0x08001058                daisy::OneBitGraphicsDisplayImpl<daisy::OledDisplay<daisy::SSD130xDriver<128u, 64u, daisy::SSD130x4WireSpiTransport> > >::DrawRect(unsigned int, unsigned int, unsigned int, unsigned int, bool, bool)
 .text._ZN5Menus12SplashScreenEPN5daisy11OledDisplayINS0_13SSD130xDriverILj128ELj64ENS0_24SSD130x4WireSpiTransportEEEEE
                0x08001470     0x11dc build/menus.o
                0x08001470                Menus::SplashScreen(daisy::OledDisplay<daisy::SSD130xDriver<128u, 64u, daisy::SSD130x4WireSpiTransport> >*)
 .text._ZN5daisy9DaisySeedD2Ev
                0x0800264c        0x4 build/metamorphic_project.o
                0x0800264c                daisy::DaisySeed::~DaisySeed()
                0x0800264c                daisy::DaisySeed::~DaisySeed()
 .text._ZN7daisysp10OscillatorD2Ev
                0x08002650        0x4 build/metamorphic_project.o
                0x08002650                daisysp::Oscillator::~Oscillator()
                0x08002650                daisysp::Oscillator::~Oscillator()
 .text._ZN5daisy11OledDisplayINS_13SSD130xDriverILj128ELj64ENS_24SSD130x4WireSpiTransportEEEED2Ev
                0x08002654        0x4 build/metamorphic_project.o
                0x08002654                daisy::OledDisplay<daisy::SSD130xDriver<128u, 64u, daisy::SSD130x4WireSpiTransport> >::~OledDisplay()
                0x08002654                daisy::OledDisplay<daisy::SSD130xDriver<128u, 64u, daisy::SSD130x4WireSpiTransport> >::~OledDisplay()
 .text._ZN5daisy11MidiHandlerINS_17MidiUartTransportEED2Ev
                0x08002658        0x4 build/metamorphic_project.o
                0x08002658                daisy::MidiHandler<daisy::MidiUartTransport>::~MidiHandler()
                0x08002658                daisy::MidiHandler<daisy::MidiUartTransport>::~MidiHandler()
 .text._Z13AudioCallbackPKPKfPPfj
                0x0800265c       0x34 build/metamorphic_project.o
                0x0800265c                AudioCallback(float const* const*, float**, unsigned int)
 .text._ZN5daisy11OledDisplayINS_13SSD130xDriverILj128ELj64ENS_24SSD130x4WireSpiTransportEEEED0Ev
                0x08002690       0x10 build/metamorphic_project.o
                0x08002690                daisy::OledDisplay<daisy::SSD130xDriver<128u, 64u, daisy::SSD130x4WireSpiTransport> >::~OledDisplay()
 .text._ZN5daisy25OneBitGraphicsDisplayImplINS_11OledDisplayINS_13SSD130xDriverILj128ELj64ENS_24SSD130x4WireSpiTransportEEEEEE9WriteCharEc7FontDefb
                0x080026a0      0x1a0 build/metamorphic_project.o
                0x080026a0                daisy::OneBitGraphicsDisplayImpl<daisy::OledDisplay<daisy::SSD130xDriver<128u, 64u, daisy::SSD130x4WireSpiTransport> > >::WriteChar(char, FontDef, bool)
 .text._ZN5daisy25OneBitGraphicsDisplayImplINS_11OledDisplayINS_13SSD130xDriverILj128ELj64ENS_24SSD130x4WireSpiTransportEEEEEE11WriteStringEPKc7FontDefb
                0x08002840       0x40 build/metamorphic_project.o
                0x08002840                daisy::OneBitGraphicsDisplayImpl<daisy::OledDisplay<daisy::SSD130xDriver<128u, 64u, daisy::SSD130x4WireSpiTransport> > >::WriteString(char const*, FontDef, bool)
 .text._ZN5daisy11OledDisplayINS_13SSD130xDriverILj128ELj64ENS_24SSD130x4WireSpiTransportEEEE9DrawPixelEjjb
                0x08002880       0x44 build/metamorphic_project.o
                0x08002880                daisy::OledDisplay<daisy::SSD130xDriver<128u, 64u, daisy::SSD130x4WireSpiTransport> >::DrawPixel(unsigned int, unsigned int, bool)
 *fill*         0x080028c4        0x4 
 .text._ZN5daisy25OneBitGraphicsDisplayImplINS_11OledDisplayINS_13SSD130xDriverILj128ELj64ENS_24SSD130x4WireSpiTransportEEEEEE7DrawArcEjjjiib
                0x080028c8      0x478 build/metamorphic_project.o
                0x080028c8                daisy::OneBitGraphicsDisplayImpl<daisy::OledDisplay<daisy::SSD130xDriver<128u, 64u, daisy::SSD130x4WireSpiTransport> > >::DrawArc(unsigned int, unsigned int, unsigned int, int, int, bool)
 .text.startup.main
                0x08002d40      0x370 build/metamorphic_project.o
                0x08002d40                main
 .text.startup._GLOBAL__sub_I_hw
                0x080030b0       0x9c build/metamorphic_project.o
 .text._ZN5daisy9DaisySeed9ConfigureEv
                0x0800314c       0x4c ../../libdaisy/build\libdaisy.a(daisy_seed.o)
                0x0800314c                daisy::DaisySeed::Configure()
 .text._ZN5daisy9DaisySeed6GetPinEh
                0x08003198       0x2c ../../libdaisy/build\libdaisy.a(daisy_seed.o)
                0x08003198                daisy::DaisySeed::GetPin(unsigned char)
 .text._ZN5daisy9DaisySeed10StartAudioEPFvPKPKfPPfjE
                0x080031c4        0x8 ../../libdaisy/build\libdaisy.a(daisy_seed.o)
                0x080031c4                daisy::DaisySeed::StartAudio(void (*)(float const* const*, float**, unsigned int))
 .text._ZN5daisy9DaisySeed15AudioSampleRateEv
                0x080031cc        0x8 ../../libdaisy/build\libdaisy.a(daisy_seed.o)
                0x080031cc                daisy::DaisySeed::AudioSampleRate()
 *fill*         0x080031d4        0x4 
 .text._ZN5daisy9DaisySeed14ConfigureAudioEv
                0x080031d8       0x78 ../../libdaisy/build\libdaisy.a(daisy_seed.o)
                0x080031d8                daisy::DaisySeed::ConfigureAudio()
 .text._ZN5daisy9DaisySeed4InitEb
                0x08003250       0x7c ../../libdaisy/build\libdaisy.a(daisy_seed.o)
                0x08003250                daisy::DaisySeed::Init(bool)
 .text._ZN5daisy6Ak45564InitE12dsy_gpio_pin
                0x080032cc       0x44 ../../libdaisy/build\libdaisy.a(codec_ak4556.o)
                0x080032cc                daisy::Ak4556::Init(dsy_gpio_pin)
 .text.dsy_sdram_init
                0x08003310      0x108 ../../libdaisy/build\libdaisy.a(sdram.o)
                0x08003310                dsy_sdram_init
 .text.HAL_SDRAM_MspInit
                0x08003418      0x1d0 ../../libdaisy/build\libdaisy.a(sdram.o)
                0x08003418                HAL_SDRAM_MspInit
 .text._ZN5daisy11AudioHandle4Impl16InternalCallbackEPlS2_j
                0x080035e8      0xbbc ../../libdaisy/build\libdaisy.a(audio.o)
                0x080035e8                daisy::AudioHandle::Impl::InternalCallback(long*, long*, unsigned int)
 .text._ZN5daisy11AudioHandle4InitERKNS0_6ConfigENS_9SaiHandleE
                0x080041a4       0x64 ../../libdaisy/build\libdaisy.a(audio.o)
                0x080041a4                daisy::AudioHandle::Init(daisy::AudioHandle::Config const&, daisy::SaiHandle)
 .text._ZNK5daisy11AudioHandle9GetConfigEv
                0x08004208        0x8 ../../libdaisy/build\libdaisy.a(audio.o)
                0x08004208                daisy::AudioHandle::GetConfig() const
 .text._ZN5daisy11AudioHandle13GetSampleRateEv
                0x08004210        0x8 ../../libdaisy/build\libdaisy.a(audio.o)
                0x08004210                daisy::AudioHandle::GetSampleRate()
 .text._ZN5daisy11AudioHandle5StartEPFvPKPKfPPfjE
                0x08004218       0x44 ../../libdaisy/build\libdaisy.a(audio.o)
                0x08004218                daisy::AudioHandle::Start(void (*)(float const* const*, float**, unsigned int))
 .text.startup._GLOBAL__sub_I__ZN5daisy11AudioHandle4Impl4InitENS0_6ConfigENS_9SaiHandleE
                0x0800425c       0x10 ../../libdaisy/build\libdaisy.a(audio.o)
 .text.DummyRxCallback
                0x0800426c        0x4 ../../libdaisy/build\libdaisy.a(usb.o)
                0x0800426c                DummyRxCallback
 .text._ZN5daisy9UsbHandle4InitENS0_9UsbPeriphE
                0x08004270      0x10c ../../libdaisy/build\libdaisy.a(usb.o)
                0x08004270                daisy::UsbHandle::Init(daisy::UsbHandle::UsbPeriph)
 .text.OTG_HS_EP1_OUT_IRQHandler
                0x0800437c        0xc ../../libdaisy/build\libdaisy.a(usb.o)
                0x0800437c                OTG_HS_EP1_OUT_IRQHandler
 .text.OTG_HS_EP1_IN_IRQHandler
                0x08004388        0xc ../../libdaisy/build\libdaisy.a(usb.o)
                0x08004388                OTG_HS_EP1_IN_IRQHandler
 .text.OTG_HS_IRQHandler
                0x08004394        0xc ../../libdaisy/build\libdaisy.a(usb.o)
                0x08004394                OTG_HS_IRQHandler
 .text.OTG_FS_EP1_OUT_IRQHandler
                0x080043a0        0xc ../../libdaisy/build\libdaisy.a(usb.o)
                0x080043a0                OTG_FS_EP1_OUT_IRQHandler
 .text.OTG_FS_EP1_IN_IRQHandler
                0x080043ac        0xc ../../libdaisy/build\libdaisy.a(usb.o)
                0x080043ac                OTG_FS_EP1_IN_IRQHandler
 .text.OTG_FS_IRQHandler
                0x080043b8        0xc ../../libdaisy/build\libdaisy.a(usb.o)
                0x080043b8                OTG_FS_IRQHandler
 .text.dsy_gpio_init
                0x080043c4      0x1b8 ../../libdaisy/build\libdaisy.a(gpio.o)
                0x080043c4                dsy_gpio_init
 .text.dsy_gpio_write
                0x0800457c       0x24 ../../libdaisy/build\libdaisy.a(gpio.o)
                0x0800457c                dsy_gpio_write
 .text.dsy_qspi_init
                0x080045a0      0x388 ../../libdaisy/build\libdaisy.a(qspi.o)
                0x080045a0                dsy_qspi_init
 .text.HAL_QSPI_MspInit
                0x08004928      0x10c ../../libdaisy/build\libdaisy.a(qspi.o)
                0x08004928                HAL_QSPI_MspInit
 .text.HAL_QSPI_MspDeInit
                0x08004a34       0x58 ../../libdaisy/build\libdaisy.a(qspi.o)
                0x08004a34                HAL_QSPI_MspDeInit
 .text.QUADSPI_IRQHandler
                0x08004a8c        0xc ../../libdaisy/build\libdaisy.a(qspi.o)
                0x08004a8c                QUADSPI_IRQHandler
 .text._ZN5daisy9SaiHandle4Impl7InitDmaENS1_15PeripheralBlockE
                0x08004a98       0xa0 ../../libdaisy/build\libdaisy.a(sai.o)
                0x08004a98                daisy::SaiHandle::Impl::InitDma(daisy::SaiHandle::Impl::PeripheralBlock)
 .text._ZN5daisy9SaiHandle4Impl8InitPinsEv
                0x08004b38       0xa8 ../../libdaisy/build\libdaisy.a(sai.o)
                0x08004b38                daisy::SaiHandle::Impl::InitPins()
 .text.HAL_SAI_MspInit
                0x08004be0      0x164 ../../libdaisy/build\libdaisy.a(sai.o)
                0x08004be0                HAL_SAI_MspInit
 .text.DMA1_Stream0_IRQHandler
                0x08004d44        0xc ../../libdaisy/build\libdaisy.a(sai.o)
                0x08004d44                DMA1_Stream0_IRQHandler
 .text.DMA1_Stream1_IRQHandler
                0x08004d50        0xc ../../libdaisy/build\libdaisy.a(sai.o)
                0x08004d50                DMA1_Stream1_IRQHandler
 .text.DMA1_Stream3_IRQHandler
                0x08004d5c        0xc ../../libdaisy/build\libdaisy.a(sai.o)
                0x08004d5c                DMA1_Stream3_IRQHandler
 .text.DMA1_Stream4_IRQHandler
                0x08004d68        0xc ../../libdaisy/build\libdaisy.a(sai.o)
                0x08004d68                DMA1_Stream4_IRQHandler
 .text.HAL_SAI_RxHalfCpltCallback
                0x08004d74       0x78 ../../libdaisy/build\libdaisy.a(sai.o)
                0x08004d74                HAL_SAI_RxHalfCpltCallback
 .text.HAL_SAI_RxCpltCallback
                0x08004dec       0x70 ../../libdaisy/build\libdaisy.a(sai.o)
                0x08004dec                HAL_SAI_RxCpltCallback
 *fill*         0x08004e5c        0x4 
 .text._ZN5daisy9SaiHandle4InitERKNS0_6ConfigE
                0x08004e60      0x1f0 ../../libdaisy/build\libdaisy.a(sai.o)
                0x08004e60                daisy::SaiHandle::Init(daisy::SaiHandle::Config const&)
 .text._ZNK5daisy9SaiHandle9GetConfigEv
                0x08005050        0x4 ../../libdaisy/build\libdaisy.a(sai.o)
                0x08005050                daisy::SaiHandle::GetConfig() const
 .text._ZN5daisy9SaiHandle8StartDmaEPlS1_jPFvS1_S1_jE
                0x08005054       0x68 ../../libdaisy/build\libdaisy.a(sai.o)
                0x08005054                daisy::SaiHandle::StartDma(long*, long*, unsigned int, void (*)(long*, long*, unsigned int))
 .text._ZN5daisy9SaiHandle13GetSampleRateEv
                0x080050bc       0x24 ../../libdaisy/build\libdaisy.a(sai.o)
                0x080050bc                daisy::SaiHandle::GetSampleRate()
 .text._ZNK5daisy9SaiHandle9GetOffsetEv
                0x080050e0        0x8 ../../libdaisy/build\libdaisy.a(sai.o)
                0x080050e0                daisy::SaiHandle::GetOffset() const
 .text._ZN5daisy9SpiHandle4Impl8InitPinsEv
                0x080050e8      0x274 ../../libdaisy/build\libdaisy.a(spi.o)
                0x080050e8                daisy::SpiHandle::Impl::InitPins()
 .text.HAL_SPI_MspInit
                0x0800535c      0x154 ../../libdaisy/build\libdaisy.a(spi.o)
                0x0800535c                HAL_SPI_MspInit
 .text._ZN5daisy9SpiHandle4InitERKNS0_6ConfigE
                0x080054b0      0x104 ../../libdaisy/build\libdaisy.a(spi.o)
                0x080054b0                daisy::SpiHandle::Init(daisy::SpiHandle::Config const&)
 .text._ZN5daisy9SpiHandle16BlockingTransmitEPhjm
                0x080055b4       0x14 ../../libdaisy/build\libdaisy.a(spi.o)
                0x080055b4                daisy::SpiHandle::BlockingTransmit(unsigned char*, unsigned int, unsigned long)
 .text.startup._GLOBAL__sub_I__Z19MapInstanceToHandleP11SPI_TypeDef
                0x080055c8      0x168 ../../libdaisy/build\libdaisy.a(spi.o)
 .text._ZN5daisy11UartHandler4Impl8InitPinsEv
                0x08005730      0x15c ../../libdaisy/build\libdaisy.a(uart.o)
                0x08005730                daisy::UartHandler::Impl::InitPins()
 .text._ZN5daisy11UartHandler4Impl14UARTRxCompleteEv
                0x0800588c       0xfc ../../libdaisy/build\libdaisy.a(uart.o)
                0x0800588c                daisy::UartHandler::Impl::UARTRxComplete()
 .text.HAL_UART_RxCpltCallback
                0x08005988       0x90 ../../libdaisy/build\libdaisy.a(uart.o)
                0x08005988                HAL_UART_RxCpltCallback
 .text.HAL_UART_ErrorCallback
                0x08005a18       0x94 ../../libdaisy/build\libdaisy.a(uart.o)
                0x08005a18                HAL_UART_ErrorCallback
 .text.HAL_UART_MspInit
                0x08005aac      0x28c ../../libdaisy/build\libdaisy.a(uart.o)
                0x08005aac                HAL_UART_MspInit
 .text.USART1_IRQHandler
                0x08005d38       0xa8 ../../libdaisy/build\libdaisy.a(uart.o)
                0x08005d38                USART1_IRQHandler
 .text.USART2_IRQHandler
                0x08005de0       0xac ../../libdaisy/build\libdaisy.a(uart.o)
                0x08005de0                USART2_IRQHandler
 .text.USART3_IRQHandler
                0x08005e8c       0xac ../../libdaisy/build\libdaisy.a(uart.o)
                0x08005e8c                USART3_IRQHandler
 .text.UART4_IRQHandler
                0x08005f38       0xac ../../libdaisy/build\libdaisy.a(uart.o)
                0x08005f38                UART4_IRQHandler
 .text.UART5_IRQHandler
                0x08005fe4       0xac ../../libdaisy/build\libdaisy.a(uart.o)
                0x08005fe4                UART5_IRQHandler
 .text.USART6_IRQHandler
                0x08006090       0xac ../../libdaisy/build\libdaisy.a(uart.o)
                0x08006090                USART6_IRQHandler
 .text.UART7_IRQHandler
                0x0800613c       0xac ../../libdaisy/build\libdaisy.a(uart.o)
                0x0800613c                UART7_IRQHandler
 .text.UART8_IRQHandler
                0x080061e8       0xac ../../libdaisy/build\libdaisy.a(uart.o)
                0x080061e8                UART8_IRQHandler
 .text.LPUART1_IRQHandler
                0x08006294       0xb4 ../../libdaisy/build\libdaisy.a(uart.o)
                0x08006294                LPUART1_IRQHandler
 .text.DMA1_Stream5_IRQHandler
                0x08006348        0xc ../../libdaisy/build\libdaisy.a(uart.o)
                0x08006348                DMA1_Stream5_IRQHandler
 .text._ZN5daisy11UartHandler4InitERKNS0_6ConfigE
                0x08006354      0x104 ../../libdaisy/build\libdaisy.a(uart.o)
                0x08006354                daisy::UartHandler::Init(daisy::UartHandler::Config const&)
 .text._ZN5daisy11UartHandler7StartRxEv
                0x08006458       0x28 ../../libdaisy/build\libdaisy.a(uart.o)
                0x08006458                daisy::UartHandler::StartRx()
 .text._ZN5daisy11UartHandler8RxActiveEv
                0x08006480        0x8 ../../libdaisy/build\libdaisy.a(uart.o)
                0x08006480                daisy::UartHandler::RxActive()
 .text._ZN5daisy11UartHandler7FlushRxEv
                0x08006488       0x10 ../../libdaisy/build\libdaisy.a(uart.o)
                0x08006488                daisy::UartHandler::FlushRx()
 .text._ZN5daisy11UartHandler5PopRxEv
                0x08006498       0x28 ../../libdaisy/build\libdaisy.a(uart.o)
                0x08006498                daisy::UartHandler::PopRx()
 .text._ZN5daisy11UartHandler8ReadableEv
                0x080064c0       0x10 ../../libdaisy/build\libdaisy.a(uart.o)
                0x080064c0                daisy::UartHandler::Readable()
 .text.startup._GLOBAL__sub_I__Z19MapInstanceToHandleP13USART_TypeDef
                0x080064d0      0x140 ../../libdaisy/build\libdaisy.a(uart.o)
 .text._ZN5daisy11TimerHandleD2Ev
                0x08006610        0x4 ../../libdaisy/build\libdaisy.a(system.o)
                0x08006610                daisy::TimerHandle::~TimerHandle()
                0x08006610                daisy::TimerHandle::~TimerHandle()
 .text.SysTick_Handler
                0x08006614       0x10 ../../libdaisy/build\libdaisy.a(system.o)
                0x08006614                SysTick_Handler
 .text.HardFault_Handler
                0x08006624        0x4 ../../libdaisy/build\libdaisy.a(system.o)
                0x08006624                HardFault_Handler
 .text._ZN5daisy6System6GetNowEv
                0x08006628        0x4 ../../libdaisy/build\libdaisy.a(system.o)
                0x08006628                daisy::System::GetNow()
 .text._ZN5daisy6System5DelayEm
                0x0800662c        0x4 ../../libdaisy/build\libdaisy.a(system.o)
                0x0800662c                daisy::System::Delay(unsigned long)
 .text._ZN5daisy6System15ConfigureClocksEv
                0x08006630      0x194 ../../libdaisy/build\libdaisy.a(system.o)
                0x08006630                daisy::System::ConfigureClocks()
 .text._ZN5daisy6System4InitERKNS0_6ConfigE
                0x080067c4      0x11c ../../libdaisy/build\libdaisy.a(system.o)
                0x080067c4                daisy::System::Init(daisy::System::Config const&)
 .text.startup._GLOBAL__sub_I_SysTick_Handler
                0x080068e0       0x1c ../../libdaisy/build\libdaisy.a(system.o)
 .text.SystemInit
                0x080068fc       0x84 ../../libdaisy/build\libdaisy.a(system_stm32h7xx.o)
                0x080068fc                SystemInit
 .text.dummy_rx_callback
                0x08006980        0x4 ../../libdaisy/build\libdaisy.a(usbd_cdc_if.o)
                0x08006980                dummy_rx_callback
 .text.CDC_DeInit_FS
                0x08006984        0x4 ../../libdaisy/build\libdaisy.a(usbd_cdc_if.o)
 .text.CDC_Receive_FS
                0x08006988       0x2c ../../libdaisy/build\libdaisy.a(usbd_cdc_if.o)
 .text.CDC_Receive_HS
                0x080069b4       0x2c ../../libdaisy/build\libdaisy.a(usbd_cdc_if.o)
 .text.CDC_Init_FS
                0x080069e0       0x34 ../../libdaisy/build\libdaisy.a(usbd_cdc_if.o)
 .text.CDC_Init_HS
                0x08006a14       0x34 ../../libdaisy/build\libdaisy.a(usbd_cdc_if.o)
 .text.CDC_Control_FS
                0x08006a48       0x34 ../../libdaisy/build\libdaisy.a(usbd_cdc_if.o)
 .text.CDC_Control_HS
                0x08006a7c       0x34 ../../libdaisy/build\libdaisy.a(usbd_cdc_if.o)
 .text.CDC_DeInit_HS
                0x08006ab0        0x4 ../../libdaisy/build\libdaisy.a(usbd_cdc_if.o)
 .text.HAL_PCD_MspInit
                0x08006ab4      0x144 ../../libdaisy/build\libdaisy.a(usbd_conf.o)
                0x08006ab4                HAL_PCD_MspInit
 .text.HAL_PCD_SetupStageCallback
                0x08006bf8        0xc ../../libdaisy/build\libdaisy.a(usbd_conf.o)
                0x08006bf8                HAL_PCD_SetupStageCallback
 .text.HAL_PCD_DataOutStageCallback
                0x08006c04       0x14 ../../libdaisy/build\libdaisy.a(usbd_conf.o)
                0x08006c04                HAL_PCD_DataOutStageCallback
 .text.HAL_PCD_DataInStageCallback
                0x08006c18       0x14 ../../libdaisy/build\libdaisy.a(usbd_conf.o)
                0x08006c18                HAL_PCD_DataInStageCallback
 .text.HAL_PCD_SOFCallback
                0x08006c2c        0x8 ../../libdaisy/build\libdaisy.a(usbd_conf.o)
                0x08006c2c                HAL_PCD_SOFCallback
 .text.HAL_PCD_ResetCallback
                0x08006c34       0x24 ../../libdaisy/build\libdaisy.a(usbd_conf.o)
                0x08006c34                HAL_PCD_ResetCallback
 .text.HAL_PCD_SuspendCallback
                0x08006c58       0x30 ../../libdaisy/build\libdaisy.a(usbd_conf.o)
                0x08006c58                HAL_PCD_SuspendCallback
 .text.HAL_PCD_ResumeCallback
                0x08006c88        0x8 ../../libdaisy/build\libdaisy.a(usbd_conf.o)
                0x08006c88                HAL_PCD_ResumeCallback
 .text.HAL_PCD_ISOOUTIncompleteCallback
                0x08006c90        0x8 ../../libdaisy/build\libdaisy.a(usbd_conf.o)
                0x08006c90                HAL_PCD_ISOOUTIncompleteCallback
 .text.HAL_PCD_ISOINIncompleteCallback
                0x08006c98        0x8 ../../libdaisy/build\libdaisy.a(usbd_conf.o)
                0x08006c98                HAL_PCD_ISOINIncompleteCallback
 .text.HAL_PCD_ConnectCallback
                0x08006ca0        0x8 ../../libdaisy/build\libdaisy.a(usbd_conf.o)
                0x08006ca0                HAL_PCD_ConnectCallback
 .text.HAL_PCD_DisconnectCallback
                0x08006ca8        0x8 ../../libdaisy/build\libdaisy.a(usbd_conf.o)
                0x08006ca8                HAL_PCD_DisconnectCallback
 .text.USBD_LL_Init
                0x08006cb0       0xe4 ../../libdaisy/build\libdaisy.a(usbd_conf.o)
                0x08006cb0                USBD_LL_Init
 .text.USBD_LL_Start
                0x08006d94       0x1c ../../libdaisy/build\libdaisy.a(usbd_conf.o)
                0x08006d94                USBD_LL_Start
 .text.USBD_LL_OpenEP
                0x08006db0       0x24 ../../libdaisy/build\libdaisy.a(usbd_conf.o)
                0x08006db0                USBD_LL_OpenEP
 .text.USBD_LL_CloseEP
                0x08006dd4       0x1c ../../libdaisy/build\libdaisy.a(usbd_conf.o)
                0x08006dd4                USBD_LL_CloseEP
 .text.USBD_LL_StallEP
                0x08006df0       0x1c ../../libdaisy/build\libdaisy.a(usbd_conf.o)
                0x08006df0                USBD_LL_StallEP
 .text.USBD_LL_ClearStallEP
                0x08006e0c       0x1c ../../libdaisy/build\libdaisy.a(usbd_conf.o)
                0x08006e0c                USBD_LL_ClearStallEP
 .text.USBD_LL_IsStallEP
                0x08006e28       0x28 ../../libdaisy/build\libdaisy.a(usbd_conf.o)
                0x08006e28                USBD_LL_IsStallEP
 .text.USBD_LL_SetUSBAddress
                0x08006e50       0x1c ../../libdaisy/build\libdaisy.a(usbd_conf.o)
                0x08006e50                USBD_LL_SetUSBAddress
 .text.USBD_LL_Transmit
                0x08006e6c       0x1c ../../libdaisy/build\libdaisy.a(usbd_conf.o)
                0x08006e6c                USBD_LL_Transmit
 .text.USBD_LL_PrepareReceive
                0x08006e88       0x1c ../../libdaisy/build\libdaisy.a(usbd_conf.o)
                0x08006e88                USBD_LL_PrepareReceive
 .text.USBD_LL_GetRxDataSize
                0x08006ea4        0x8 ../../libdaisy/build\libdaisy.a(usbd_conf.o)
                0x08006ea4                USBD_LL_GetRxDataSize
 .text.USBD_HS_DeviceDescriptor
                0x08006eac        0xc ../../libdaisy/build\libdaisy.a(usbd_desc.o)
                0x08006eac                USBD_HS_DeviceDescriptor
 .text.USBD_FS_DeviceDescriptor
                0x08006eb8        0xc ../../libdaisy/build\libdaisy.a(usbd_desc.o)
                0x08006eb8                USBD_FS_DeviceDescriptor
 .text.USBD_FS_LangIDStrDescriptor
                0x08006ec4        0xc ../../libdaisy/build\libdaisy.a(usbd_desc.o)
                0x08006ec4                USBD_FS_LangIDStrDescriptor
 .text.USBD_FS_ManufacturerStrDescriptor
                0x08006ed0       0x1c ../../libdaisy/build\libdaisy.a(usbd_desc.o)
                0x08006ed0                USBD_FS_ManufacturerStrDescriptor
 .text.USBD_HS_ProductStrDescriptor
                0x08006eec       0x1c ../../libdaisy/build\libdaisy.a(usbd_desc.o)
                0x08006eec                USBD_HS_ProductStrDescriptor
 .text.USBD_FS_ConfigStrDescriptor
                0x08006f08       0x1c ../../libdaisy/build\libdaisy.a(usbd_desc.o)
                0x08006f08                USBD_FS_ConfigStrDescriptor
 .text.USBD_FS_InterfaceStrDescriptor
                0x08006f24       0x1c ../../libdaisy/build\libdaisy.a(usbd_desc.o)
                0x08006f24                USBD_FS_InterfaceStrDescriptor
 .text.USBD_FS_ProductStrDescriptor
                0x08006f40       0x1c ../../libdaisy/build\libdaisy.a(usbd_desc.o)
                0x08006f40                USBD_FS_ProductStrDescriptor
 .text.USBD_HS_LangIDStrDescriptor
                0x08006f5c        0xc ../../libdaisy/build\libdaisy.a(usbd_desc.o)
                0x08006f5c                USBD_HS_LangIDStrDescriptor
 .text.USBD_HS_ManufacturerStrDescriptor
                0x08006f68       0x1c ../../libdaisy/build\libdaisy.a(usbd_desc.o)
                0x08006f68                USBD_HS_ManufacturerStrDescriptor
 .text.USBD_FS_SerialStrDescriptor
                0x08006f84      0x124 ../../libdaisy/build\libdaisy.a(usbd_desc.o)
                0x08006f84                USBD_FS_SerialStrDescriptor
 .text.USBD_HS_SerialStrDescriptor
                0x080070a8      0x124 ../../libdaisy/build\libdaisy.a(usbd_desc.o)
                0x080070a8                USBD_HS_SerialStrDescriptor
 .text.USBD_HS_InterfaceStrDescriptor
                0x080071cc       0x1c ../../libdaisy/build\libdaisy.a(usbd_desc.o)
                0x080071cc                USBD_HS_InterfaceStrDescriptor
 .text.USBD_HS_ConfigStrDescriptor
                0x080071e8       0x1c ../../libdaisy/build\libdaisy.a(usbd_desc.o)
                0x080071e8                USBD_HS_ConfigStrDescriptor
 .text.dsy_hal_map_get_port
                0x08007204       0x10 ../../libdaisy/build\libdaisy.a(hal_map.o)
                0x08007204                dsy_hal_map_get_port
 .text.dsy_hal_map_get_pin
                0x08007214       0x10 ../../libdaisy/build\libdaisy.a(hal_map.o)
                0x08007214                dsy_hal_map_get_pin
 .text.dsy_hal_map_gpio_clk_enable
                0x08007224      0x150 ../../libdaisy/build\libdaisy.a(hal_map.o)
                0x08007224                dsy_hal_map_gpio_clk_enable
 .text.HAL_MspInit
                0x08007374        0x4 ../../libdaisy/build\libdaisy.a(stm32h7xx_hal.o)
                0x08007374                HAL_MspInit
 .text.HAL_InitTick
                0x08007378       0x4c ../../libdaisy/build\libdaisy.a(stm32h7xx_hal.o)
                0x08007378                HAL_InitTick
 .text.HAL_Init
                0x080073c4       0x60 ../../libdaisy/build\libdaisy.a(stm32h7xx_hal.o)
                0x080073c4                HAL_Init
 .text.HAL_IncTick
                0x08007424       0x18 ../../libdaisy/build\libdaisy.a(stm32h7xx_hal.o)
                0x08007424                HAL_IncTick
 .text.HAL_GetTick
                0x0800743c        0xc ../../libdaisy/build\libdaisy.a(stm32h7xx_hal.o)
                0x0800743c                HAL_GetTick
 .text.HAL_Delay
                0x08007448       0x24 ../../libdaisy/build\libdaisy.a(stm32h7xx_hal.o)
                0x08007448                HAL_Delay
 .text.HAL_GetREVID
                0x0800746c        0xc ../../libdaisy/build\libdaisy.a(stm32h7xx_hal.o)
                0x0800746c                HAL_GetREVID
 .text.HAL_NVIC_SetPriorityGrouping
                0x08007478       0x24 ../../libdaisy/build\libdaisy.a(stm32h7xx_hal_cortex.o)
                0x08007478                HAL_NVIC_SetPriorityGrouping
 .text.HAL_NVIC_SetPriority
                0x0800749c       0x7c ../../libdaisy/build\libdaisy.a(stm32h7xx_hal_cortex.o)
                0x0800749c                HAL_NVIC_SetPriority
 .text.HAL_NVIC_EnableIRQ
                0x08007518       0x1c ../../libdaisy/build\libdaisy.a(stm32h7xx_hal_cortex.o)
                0x08007518                HAL_NVIC_EnableIRQ
 .text.HAL_NVIC_DisableIRQ
                0x08007534       0x28 ../../libdaisy/build\libdaisy.a(stm32h7xx_hal_cortex.o)
                0x08007534                HAL_NVIC_DisableIRQ
 .text.HAL_SYSTICK_Config
                0x0800755c       0x2c ../../libdaisy/build\libdaisy.a(stm32h7xx_hal_cortex.o)
                0x0800755c                HAL_SYSTICK_Config
 .text.HAL_MPU_Disable
                0x08007588       0x1c ../../libdaisy/build\libdaisy.a(stm32h7xx_hal_cortex.o)
                0x08007588                HAL_MPU_Disable
 .text.HAL_MPU_Enable
                0x080075a4       0x20 ../../libdaisy/build\libdaisy.a(stm32h7xx_hal_cortex.o)
                0x080075a4                HAL_MPU_Enable
 .text.HAL_MPU_ConfigRegion
                0x080075c4       0x64 ../../libdaisy/build\libdaisy.a(stm32h7xx_hal_cortex.o)
                0x080075c4                HAL_MPU_ConfigRegion
 .text.HAL_SYSTICK_Callback
                0x08007628        0x4 ../../libdaisy/build\libdaisy.a(stm32h7xx_hal_cortex.o)
                0x08007628                HAL_SYSTICK_Callback
 .text.HAL_SYSTICK_IRQHandler
                0x0800762c        0x8 ../../libdaisy/build\libdaisy.a(stm32h7xx_hal_cortex.o)
                0x0800762c                HAL_SYSTICK_IRQHandler
 .text.DMA_CalcBaseAndBitshift
                0x08007634       0xf4 ../../libdaisy/build\libdaisy.a(stm32h7xx_hal_dma.o)
 .text.DMA_CalcDMAMUXChannelBaseAndMask
                0x08007728       0xd8 ../../libdaisy/build\libdaisy.a(stm32h7xx_hal_dma.o)
 .text.HAL_DMA_Init
                0x08007800      0x37c ../../libdaisy/build\libdaisy.a(stm32h7xx_hal_dma.o)
                0x08007800                HAL_DMA_Init
 .text.HAL_DMA_Start_IT
                0x08007b7c      0x240 ../../libdaisy/build\libdaisy.a(stm32h7xx_hal_dma.o)
                0x08007b7c                HAL_DMA_Start_IT
 .text.HAL_DMA_Abort_IT
                0x08007dbc      0x134 ../../libdaisy/build\libdaisy.a(stm32h7xx_hal_dma.o)
                0x08007dbc                HAL_DMA_Abort_IT
 .text.HAL_DMA_IRQHandler
                0x08007ef0      0x6a0 ../../libdaisy/build\libdaisy.a(stm32h7xx_hal_dma.o)
                0x08007ef0                HAL_DMA_IRQHandler
 .text.HAL_DMA_GetError
                0x08008590        0x4 ../../libdaisy/build\libdaisy.a(stm32h7xx_hal_dma.o)
                0x08008590                HAL_DMA_GetError
 .text.HAL_GPIO_Init
                0x08008594      0x280 ../../libdaisy/build\libdaisy.a(stm32h7xx_hal_gpio.o)
                0x08008594                HAL_GPIO_Init
 .text.HAL_GPIO_DeInit
                0x08008814      0x190 ../../libdaisy/build\libdaisy.a(stm32h7xx_hal_gpio.o)
                0x08008814                HAL_GPIO_DeInit
 .text.HAL_GPIO_WritePin
                0x080089a4        0x8 ../../libdaisy/build\libdaisy.a(stm32h7xx_hal_gpio.o)
                0x080089a4                HAL_GPIO_WritePin
 .text.HAL_PCD_Init
                0x080089ac      0x12c ../../libdaisy/build\libdaisy.a(stm32h7xx_hal_pcd.o)
                0x080089ac                HAL_PCD_Init
 .text.HAL_PCD_Start
                0x08008ad8       0x44 ../../libdaisy/build\libdaisy.a(stm32h7xx_hal_pcd.o)
                0x08008ad8                HAL_PCD_Start
 .text.HAL_PCD_IRQHandler
                0x08008b1c      0x69c ../../libdaisy/build\libdaisy.a(stm32h7xx_hal_pcd.o)
                0x08008b1c                HAL_PCD_IRQHandler
 .text.HAL_PCD_SetAddress
                0x080091b8       0x2c ../../libdaisy/build\libdaisy.a(stm32h7xx_hal_pcd.o)
                0x080091b8                HAL_PCD_SetAddress
 .text.HAL_PCD_EP_Open
                0x080091e4       0x7c ../../libdaisy/build\libdaisy.a(stm32h7xx_hal_pcd.o)
                0x080091e4                HAL_PCD_EP_Open
 .text.HAL_PCD_EP_Close
                0x08009260       0x6c ../../libdaisy/build\libdaisy.a(stm32h7xx_hal_pcd.o)
                0x08009260                HAL_PCD_EP_Close
 .text.HAL_PCD_EP_Receive
                0x080092cc       0x50 ../../libdaisy/build\libdaisy.a(stm32h7xx_hal_pcd.o)
                0x080092cc                HAL_PCD_EP_Receive
 .text.HAL_PCD_EP_GetRxCount
                0x0800931c       0x14 ../../libdaisy/build\libdaisy.a(stm32h7xx_hal_pcd.o)
                0x0800931c                HAL_PCD_EP_GetRxCount
 .text.HAL_PCD_EP_Transmit
                0x08009330       0x50 ../../libdaisy/build\libdaisy.a(stm32h7xx_hal_pcd.o)
                0x08009330                HAL_PCD_EP_Transmit
 .text.HAL_PCD_EP_SetStall
                0x08009380       0x88 ../../libdaisy/build\libdaisy.a(stm32h7xx_hal_pcd.o)
                0x08009380                HAL_PCD_EP_SetStall
 .text.HAL_PCD_EP_ClrStall
                0x08009408       0x78 ../../libdaisy/build\libdaisy.a(stm32h7xx_hal_pcd.o)
                0x08009408                HAL_PCD_EP_ClrStall
 .text.HAL_PCDEx_SetTxFiFo
                0x08009480       0x54 ../../libdaisy/build\libdaisy.a(stm32h7xx_hal_pcd_ex.o)
                0x08009480                HAL_PCDEx_SetTxFiFo
 .text.HAL_PCDEx_SetRxFiFo
                0x080094d4        0xc ../../libdaisy/build\libdaisy.a(stm32h7xx_hal_pcd_ex.o)
                0x080094d4                HAL_PCDEx_SetRxFiFo
 .text.HAL_PCDEx_ActivateLPM
                0x080094e0       0x30 ../../libdaisy/build\libdaisy.a(stm32h7xx_hal_pcd_ex.o)
                0x080094e0                HAL_PCDEx_ActivateLPM
 .text.HAL_PCDEx_LPM_Callback
                0x08009510        0x4 ../../libdaisy/build\libdaisy.a(stm32h7xx_hal_pcd_ex.o)
                0x08009510                HAL_PCDEx_LPM_Callback
 .text.HAL_PWREx_ConfigSupply
                0x08009514       0x4c ../../libdaisy/build\libdaisy.a(stm32h7xx_hal_pwr_ex.o)
                0x08009514                HAL_PWREx_ConfigSupply
 .text.HAL_PWREx_EnableUSBVoltageDetector
                0x08009560       0x10 ../../libdaisy/build\libdaisy.a(stm32h7xx_hal_pwr_ex.o)
                0x08009560                HAL_PWREx_EnableUSBVoltageDetector
 .text.QSPI_Config
                0x08009570      0x174 ../../libdaisy/build\libdaisy.a(stm32h7xx_hal_qspi.o)
 .text.HAL_QSPI_Init
                0x080096e4       0xd8 ../../libdaisy/build\libdaisy.a(stm32h7xx_hal_qspi.o)
                0x080096e4                HAL_QSPI_Init
 .text.HAL_QSPI_DeInit
                0x080097bc       0x3c ../../libdaisy/build\libdaisy.a(stm32h7xx_hal_qspi.o)
                0x080097bc                HAL_QSPI_DeInit
 .text.HAL_QSPI_Command
                0x080097f8       0xd4 ../../libdaisy/build\libdaisy.a(stm32h7xx_hal_qspi.o)
                0x080097f8                HAL_QSPI_Command
 .text.HAL_QSPI_Transmit
                0x080098cc       0xfc ../../libdaisy/build\libdaisy.a(stm32h7xx_hal_qspi.o)
                0x080098cc                HAL_QSPI_Transmit
 .text.HAL_QSPI_Receive
                0x080099c8      0x108 ../../libdaisy/build\libdaisy.a(stm32h7xx_hal_qspi.o)
                0x080099c8                HAL_QSPI_Receive
 .text.HAL_QSPI_AutoPolling
                0x08009ad0       0xf0 ../../libdaisy/build\libdaisy.a(stm32h7xx_hal_qspi.o)
                0x08009ad0                HAL_QSPI_AutoPolling
 .text.HAL_QSPI_MemoryMapped
                0x08009bc0       0xc0 ../../libdaisy/build\libdaisy.a(stm32h7xx_hal_qspi.o)
                0x08009bc0                HAL_QSPI_MemoryMapped
 .text.HAL_QSPI_ErrorCallback
                0x08009c80        0x4 ../../libdaisy/build\libdaisy.a(stm32h7xx_hal_qspi.o)
                0x08009c80                HAL_QSPI_ErrorCallback
 .text.QSPI_DMAAbortCplt
                0x08009c84       0x38 ../../libdaisy/build\libdaisy.a(stm32h7xx_hal_qspi.o)
 .text.HAL_QSPI_AbortCpltCallback
                0x08009cbc        0x4 ../../libdaisy/build\libdaisy.a(stm32h7xx_hal_qspi.o)
                0x08009cbc                HAL_QSPI_AbortCpltCallback
 .text.HAL_QSPI_CmdCpltCallback
                0x08009cc0        0x4 ../../libdaisy/build\libdaisy.a(stm32h7xx_hal_qspi.o)
                0x08009cc0                HAL_QSPI_CmdCpltCallback
 .text.HAL_QSPI_RxCpltCallback
                0x08009cc4        0x4 ../../libdaisy/build\libdaisy.a(stm32h7xx_hal_qspi.o)
                0x08009cc4                HAL_QSPI_RxCpltCallback
 .text.HAL_QSPI_TxCpltCallback
                0x08009cc8        0x4 ../../libdaisy/build\libdaisy.a(stm32h7xx_hal_qspi.o)
                0x08009cc8                HAL_QSPI_TxCpltCallback
 .text.HAL_QSPI_FifoThresholdCallback
                0x08009ccc        0x4 ../../libdaisy/build\libdaisy.a(stm32h7xx_hal_qspi.o)
                0x08009ccc                HAL_QSPI_FifoThresholdCallback
 .text.HAL_QSPI_StatusMatchCallback
                0x08009cd0        0x4 ../../libdaisy/build\libdaisy.a(stm32h7xx_hal_qspi.o)
                0x08009cd0                HAL_QSPI_StatusMatchCallback
 .text.HAL_QSPI_TimeOutCallback
                0x08009cd4        0x4 ../../libdaisy/build\libdaisy.a(stm32h7xx_hal_qspi.o)
                0x08009cd4                HAL_QSPI_TimeOutCallback
 .text.HAL_QSPI_IRQHandler
                0x08009cd8      0x210 ../../libdaisy/build\libdaisy.a(stm32h7xx_hal_qspi.o)
                0x08009cd8                HAL_QSPI_IRQHandler
 .text.HAL_RCC_OscConfig
                0x08009ee8      0x51c ../../libdaisy/build\libdaisy.a(stm32h7xx_hal_rcc.o)
                0x08009ee8                HAL_RCC_OscConfig
 .text.HAL_RCC_GetSysClockFreq
                0x0800a404      0x140 ../../libdaisy/build\libdaisy.a(stm32h7xx_hal_rcc.o)
                0x0800a404                HAL_RCC_GetSysClockFreq
 .text.HAL_RCC_ClockConfig
                0x0800a544      0x234 ../../libdaisy/build\libdaisy.a(stm32h7xx_hal_rcc.o)
                0x0800a544                HAL_RCC_ClockConfig
 .text.HAL_RCC_GetHCLKFreq
                0x0800a778       0x2c ../../libdaisy/build\libdaisy.a(stm32h7xx_hal_rcc.o)
                0x0800a778                HAL_RCC_GetHCLKFreq
 .text.HAL_RCC_GetPCLK1Freq
                0x0800a7a4       0x38 ../../libdaisy/build\libdaisy.a(stm32h7xx_hal_rcc.o)
                0x0800a7a4                HAL_RCC_GetPCLK1Freq
 .text.HAL_RCC_GetPCLK2Freq
                0x0800a7dc       0x38 ../../libdaisy/build\libdaisy.a(stm32h7xx_hal_rcc.o)
                0x0800a7dc                HAL_RCC_GetPCLK2Freq
 .text.RCCEx_PLL2_Config
                0x0800a814       0xf4 ../../libdaisy/build\libdaisy.a(stm32h7xx_hal_rcc_ex.o)
 .text.RCCEx_PLL3_Config
                0x0800a908       0xf4 ../../libdaisy/build\libdaisy.a(stm32h7xx_hal_rcc_ex.o)
 .text.HAL_RCCEx_PeriphCLKConfig
                0x0800a9fc      0xa7c ../../libdaisy/build\libdaisy.a(stm32h7xx_hal_rcc_ex.o)
                0x0800a9fc                HAL_RCCEx_PeriphCLKConfig
 .text.HAL_RCCEx_GetD3PCLK1Freq
                0x0800b478       0x24 ../../libdaisy/build\libdaisy.a(stm32h7xx_hal_rcc_ex.o)
                0x0800b478                HAL_RCCEx_GetD3PCLK1Freq
 .text.HAL_RCCEx_GetPLL2ClockFreq
                0x0800b49c      0x17c ../../libdaisy/build\libdaisy.a(stm32h7xx_hal_rcc_ex.o)
                0x0800b49c                HAL_RCCEx_GetPLL2ClockFreq
 .text.HAL_RCCEx_GetPLL3ClockFreq
                0x0800b618      0x17c ../../libdaisy/build\libdaisy.a(stm32h7xx_hal_rcc_ex.o)
                0x0800b618                HAL_RCCEx_GetPLL3ClockFreq
 .text.HAL_RCCEx_GetPLL1ClockFreq
                0x0800b794      0x17c ../../libdaisy/build\libdaisy.a(stm32h7xx_hal_rcc_ex.o)
                0x0800b794                HAL_RCCEx_GetPLL1ClockFreq
 .text.HAL_RCCEx_GetPeriphCLKFreq
                0x0800b910      0x198 ../../libdaisy/build\libdaisy.a(stm32h7xx_hal_rcc_ex.o)
                0x0800b910                HAL_RCCEx_GetPeriphCLKFreq
 .text.HAL_RCCEx_GetD1SysClockFreq
                0x0800baa8       0x2c ../../libdaisy/build\libdaisy.a(stm32h7xx_hal_rcc_ex.o)
                0x0800baa8                HAL_RCCEx_GetD1SysClockFreq
 .text.HAL_SAI_Init.part.0
                0x0800bad4      0x348 ../../libdaisy/build\libdaisy.a(stm32h7xx_hal_sai.o)
 .text.HAL_SAI_InitProtocol
                0x0800be1c      0x178 ../../libdaisy/build\libdaisy.a(stm32h7xx_hal_sai.o)
                0x0800be1c                HAL_SAI_InitProtocol
 .text.HAL_SAI_Transmit_DMA
                0x0800bf94      0x124 ../../libdaisy/build\libdaisy.a(stm32h7xx_hal_sai.o)
                0x0800bf94                HAL_SAI_Transmit_DMA
 .text.HAL_SAI_Receive_DMA
                0x0800c0b8       0xd0 ../../libdaisy/build\libdaisy.a(stm32h7xx_hal_sai.o)
                0x0800c0b8                HAL_SAI_Receive_DMA
 .text.HAL_SAI_TxCpltCallback
                0x0800c188        0x4 ../../libdaisy/build\libdaisy.a(stm32h7xx_hal_sai.o)
                0x0800c188                HAL_SAI_TxCpltCallback
 .text.SAI_DMATxCplt
                0x0800c18c       0x64 ../../libdaisy/build\libdaisy.a(stm32h7xx_hal_sai.o)
 .text.HAL_SAI_TxHalfCpltCallback
                0x0800c1f0        0x4 ../../libdaisy/build\libdaisy.a(stm32h7xx_hal_sai.o)
                0x0800c1f0                HAL_SAI_TxHalfCpltCallback
 .text.SAI_DMATxHalfCplt
                0x0800c1f4        0xc ../../libdaisy/build\libdaisy.a(stm32h7xx_hal_sai.o)
 .text.SAI_DMARxCplt
                0x0800c200       0x64 ../../libdaisy/build\libdaisy.a(stm32h7xx_hal_sai.o)
 .text.SAI_DMARxHalfCplt
                0x0800c264        0xc ../../libdaisy/build\libdaisy.a(stm32h7xx_hal_sai.o)
 .text.HAL_SAI_ErrorCallback
                0x0800c270        0x4 ../../libdaisy/build\libdaisy.a(stm32h7xx_hal_sai.o)
                0x0800c270                HAL_SAI_ErrorCallback
 .text.SAI_DMAError
                0x0800c274       0x6c ../../libdaisy/build\libdaisy.a(stm32h7xx_hal_sai.o)
 .text.HAL_SDRAM_Init
                0x0800c2e0       0x54 ../../libdaisy/build\libdaisy.a(stm32h7xx_hal_sdram.o)
                0x0800c2e0                HAL_SDRAM_Init
 .text.HAL_SDRAM_SendCommand
                0x0800c334       0x40 ../../libdaisy/build\libdaisy.a(stm32h7xx_hal_sdram.o)
                0x0800c334                HAL_SDRAM_SendCommand
 .text.HAL_SDRAM_ProgramRefreshRate
                0x0800c374       0x30 ../../libdaisy/build\libdaisy.a(stm32h7xx_hal_sdram.o)
                0x0800c374                HAL_SDRAM_ProgramRefreshRate
 .text.SPI_CloseTransfer
                0x0800c3a4       0xb8 ../../libdaisy/build\libdaisy.a(stm32h7xx_hal_spi.o)
 .text.HAL_SPI_Init
                0x0800c45c      0x15c ../../libdaisy/build\libdaisy.a(stm32h7xx_hal_spi.o)
                0x0800c45c                HAL_SPI_Init
 .text.HAL_SPI_Transmit
                0x0800c5b8      0x314 ../../libdaisy/build\libdaisy.a(stm32h7xx_hal_spi.o)
                0x0800c5b8                HAL_SPI_Transmit
 .text.HAL_UART_Receive_DMA
                0x0800c8cc       0xac ../../libdaisy/build\libdaisy.a(stm32h7xx_hal_uart.o)
                0x0800c8cc                HAL_UART_Receive_DMA
 .text.HAL_UART_TxCpltCallback
                0x0800c978        0x4 ../../libdaisy/build\libdaisy.a(stm32h7xx_hal_uart.o)
                0x0800c978                HAL_UART_TxCpltCallback
 .text.UART_DMAReceiveCplt
                0x0800c97c       0x38 ../../libdaisy/build\libdaisy.a(stm32h7xx_hal_uart.o)
 .text.HAL_UART_RxHalfCpltCallback
                0x0800c9b4        0x4 ../../libdaisy/build\libdaisy.a(stm32h7xx_hal_uart.o)
                0x0800c9b4                HAL_UART_RxHalfCpltCallback
 .text.UART_DMARxHalfCplt
                0x0800c9b8        0xc ../../libdaisy/build\libdaisy.a(stm32h7xx_hal_uart.o)
 .text.UART_DMAError
                0x0800c9c4       0x78 ../../libdaisy/build\libdaisy.a(stm32h7xx_hal_uart.o)
 .text.HAL_UART_IRQHandler
                0x0800ca3c      0x1d0 ../../libdaisy/build\libdaisy.a(stm32h7xx_hal_uart.o)
                0x0800ca3c                HAL_UART_IRQHandler
 .text.UART_DMAAbortOnError
                0x0800cc0c       0x14 ../../libdaisy/build\libdaisy.a(stm32h7xx_hal_uart.o)
 .text.UART_SetConfig
                0x0800cc20     0x14b8 ../../libdaisy/build\libdaisy.a(stm32h7xx_hal_uart.o)
                0x0800cc20                UART_SetConfig
 .text.UART_AdvFeatureConfig
                0x0800e0d8       0xb0 ../../libdaisy/build\libdaisy.a(stm32h7xx_hal_uart.o)
                0x0800e0d8                UART_AdvFeatureConfig
 .text.UART_CheckIdleState
                0x0800e188       0x84 ../../libdaisy/build\libdaisy.a(stm32h7xx_hal_uart.o)
                0x0800e188                UART_CheckIdleState
 .text.HAL_UART_Init
                0x0800e20c       0x68 ../../libdaisy/build\libdaisy.a(stm32h7xx_hal_uart.o)
                0x0800e20c                HAL_UART_Init
 .text.HAL_UARTEx_WakeupCallback
                0x0800e274        0x4 ../../libdaisy/build\libdaisy.a(stm32h7xx_hal_uart_ex.o)
                0x0800e274                HAL_UARTEx_WakeupCallback
 .text.HAL_UARTEx_RxFifoFullCallback
                0x0800e278        0x4 ../../libdaisy/build\libdaisy.a(stm32h7xx_hal_uart_ex.o)
                0x0800e278                HAL_UARTEx_RxFifoFullCallback
 .text.HAL_UARTEx_TxFifoEmptyCallback
                0x0800e27c        0x4 ../../libdaisy/build\libdaisy.a(stm32h7xx_hal_uart_ex.o)
                0x0800e27c                HAL_UARTEx_TxFifoEmptyCallback
 .text.HAL_UARTEx_DisableFifoMode
                0x0800e280       0x3c ../../libdaisy/build\libdaisy.a(stm32h7xx_hal_uart_ex.o)
                0x0800e280                HAL_UARTEx_DisableFifoMode
 .text.HAL_UARTEx_SetTxFifoThreshold
                0x0800e2bc       0x9c ../../libdaisy/build\libdaisy.a(stm32h7xx_hal_uart_ex.o)
                0x0800e2bc                HAL_UARTEx_SetTxFifoThreshold
 .text.HAL_UARTEx_SetRxFifoThreshold
                0x0800e358       0x9c ../../libdaisy/build\libdaisy.a(stm32h7xx_hal_uart_ex.o)
                0x0800e358                HAL_UARTEx_SetRxFifoThreshold
 .text.FMC_SDRAM_Init
                0x0800e3f4       0x7c ../../libdaisy/build\libdaisy.a(stm32h7xx_ll_fmc.o)
                0x0800e3f4                FMC_SDRAM_Init
 .text.FMC_SDRAM_Timing_Init
                0x0800e470       0x98 ../../libdaisy/build\libdaisy.a(stm32h7xx_ll_fmc.o)
                0x0800e470                FMC_SDRAM_Timing_Init
 .text.FMC_SDRAM_SendCommand
                0x0800e508       0x28 ../../libdaisy/build\libdaisy.a(stm32h7xx_ll_fmc.o)
                0x0800e508                FMC_SDRAM_SendCommand
 .text.FMC_SDRAM_ProgramRefreshRate
                0x0800e530       0x1c ../../libdaisy/build\libdaisy.a(stm32h7xx_ll_fmc.o)
                0x0800e530                FMC_SDRAM_ProgramRefreshRate
 .text.USB_CoreInit
                0x0800e54c       0xfc ../../libdaisy/build\libdaisy.a(stm32h7xx_ll_usb.o)
                0x0800e54c                USB_CoreInit
 .text.USB_SetTurnaroundTime
                0x0800e648       0xf4 ../../libdaisy/build\libdaisy.a(stm32h7xx_ll_usb.o)
                0x0800e648                USB_SetTurnaroundTime
 .text.USB_EnableGlobalInt
                0x0800e73c       0x10 ../../libdaisy/build\libdaisy.a(stm32h7xx_ll_usb.o)
                0x0800e73c                USB_EnableGlobalInt
 .text.USB_DisableGlobalInt
                0x0800e74c       0x10 ../../libdaisy/build\libdaisy.a(stm32h7xx_ll_usb.o)
                0x0800e74c                USB_DisableGlobalInt
 .text.USB_SetCurrentMode
                0x0800e75c       0x30 ../../libdaisy/build\libdaisy.a(stm32h7xx_ll_usb.o)
                0x0800e75c                USB_SetCurrentMode
 .text.USB_DevInit
                0x0800e78c      0x20c ../../libdaisy/build\libdaisy.a(stm32h7xx_ll_usb.o)
                0x0800e78c                USB_DevInit
 .text.USB_FlushTxFifo
                0x0800e998       0x24 ../../libdaisy/build\libdaisy.a(stm32h7xx_ll_usb.o)
                0x0800e998                USB_FlushTxFifo
 .text.USB_GetDevSpeed
                0x0800e9bc       0x18 ../../libdaisy/build\libdaisy.a(stm32h7xx_ll_usb.o)
                0x0800e9bc                USB_GetDevSpeed
 .text.USB_ActivateEndpoint
                0x0800e9d4       0x90 ../../libdaisy/build\libdaisy.a(stm32h7xx_ll_usb.o)
                0x0800e9d4                USB_ActivateEndpoint
 .text.USB_DeactivateEndpoint
                0x0800ea64       0x84 ../../libdaisy/build\libdaisy.a(stm32h7xx_ll_usb.o)
                0x0800ea64                USB_DeactivateEndpoint
 .text.USB_EPStartXfer
                0x0800eae8      0x230 ../../libdaisy/build\libdaisy.a(stm32h7xx_ll_usb.o)
                0x0800eae8                USB_EPStartXfer
 .text.USB_EP0StartXfer
                0x0800ed18      0x174 ../../libdaisy/build\libdaisy.a(stm32h7xx_ll_usb.o)
                0x0800ed18                USB_EP0StartXfer
 .text.USB_WritePacket
                0x0800ee8c       0x2c ../../libdaisy/build\libdaisy.a(stm32h7xx_ll_usb.o)
                0x0800ee8c                USB_WritePacket
 .text.USB_ReadPacket
                0x0800eeb8       0x20 ../../libdaisy/build\libdaisy.a(stm32h7xx_ll_usb.o)
                0x0800eeb8                USB_ReadPacket
 .text.USB_EPSetStall
                0x0800eed8       0x68 ../../libdaisy/build\libdaisy.a(stm32h7xx_ll_usb.o)
                0x0800eed8                USB_EPSetStall
 .text.USB_EPClearStall
                0x0800ef40       0x58 ../../libdaisy/build\libdaisy.a(stm32h7xx_ll_usb.o)
                0x0800ef40                USB_EPClearStall
 .text.USB_SetDevAddress
                0x0800ef98       0x24 ../../libdaisy/build\libdaisy.a(stm32h7xx_ll_usb.o)
                0x0800ef98                USB_SetDevAddress
 .text.USB_DevConnect
                0x0800efbc       0x1c ../../libdaisy/build\libdaisy.a(stm32h7xx_ll_usb.o)
                0x0800efbc                USB_DevConnect
 .text.USB_DevDisconnect
                0x0800efd8       0x1c ../../libdaisy/build\libdaisy.a(stm32h7xx_ll_usb.o)
                0x0800efd8                USB_DevDisconnect
 .text.USB_ReadInterrupts
                0x0800eff4        0x8 ../../libdaisy/build\libdaisy.a(stm32h7xx_ll_usb.o)
                0x0800eff4                USB_ReadInterrupts
 .text.USB_ReadDevAllOutEpInterrupt
                0x0800effc       0x10 ../../libdaisy/build\libdaisy.a(stm32h7xx_ll_usb.o)
                0x0800effc                USB_ReadDevAllOutEpInterrupt
 .text.USB_ReadDevAllInEpInterrupt
                0x0800f00c       0x10 ../../libdaisy/build\libdaisy.a(stm32h7xx_ll_usb.o)
                0x0800f00c                USB_ReadDevAllInEpInterrupt
 .text.USB_ReadDevOutEPInterrupt
                0x0800f01c       0x14 ../../libdaisy/build\libdaisy.a(stm32h7xx_ll_usb.o)
                0x0800f01c                USB_ReadDevOutEPInterrupt
 .text.USB_ReadDevInEPInterrupt
                0x0800f030       0x20 ../../libdaisy/build\libdaisy.a(stm32h7xx_ll_usb.o)
                0x0800f030                USB_ReadDevInEPInterrupt
 .text.USB_GetMode
                0x0800f050        0x8 ../../libdaisy/build\libdaisy.a(stm32h7xx_ll_usb.o)
                0x0800f050                USB_GetMode
 .text.USB_ActivateSetup
                0x0800f058       0x38 ../../libdaisy/build\libdaisy.a(stm32h7xx_ll_usb.o)
                0x0800f058                USB_ActivateSetup
 .text.USB_EP0_OutStart
                0x0800f090       0x58 ../../libdaisy/build\libdaisy.a(stm32h7xx_ll_usb.o)
                0x0800f090                USB_EP0_OutStart
 .text.USBD_CDC_EP0_RxReady
                0x0800f0e8       0x2c ../../libdaisy/build\libdaisy.a(usbd_cdc.o)
 .text.USBD_CDC_GetFSCfgDesc
                0x0800f114       0x10 ../../libdaisy/build\libdaisy.a(usbd_cdc.o)
 .text.USBD_CDC_GetHSCfgDesc
                0x0800f124       0x10 ../../libdaisy/build\libdaisy.a(usbd_cdc.o)
 .text.USBD_CDC_GetOtherSpeedCfgDesc
                0x0800f134       0x10 ../../libdaisy/build\libdaisy.a(usbd_cdc.o)
 .text.USBD_CDC_GetDeviceQualifierDescriptor
                0x0800f144       0x10 ../../libdaisy/build\libdaisy.a(usbd_cdc.o)
                0x0800f144                USBD_CDC_GetDeviceQualifierDescriptor
 .text.USBD_CDC_DataOut
                0x0800f154       0x30 ../../libdaisy/build\libdaisy.a(usbd_cdc.o)
 .text.USBD_CDC_DataIn
                0x0800f184       0x50 ../../libdaisy/build\libdaisy.a(usbd_cdc.o)
 .text.USBD_CDC_Setup
                0x0800f1d4       0xcc ../../libdaisy/build\libdaisy.a(usbd_cdc.o)
 .text.USBD_CDC_DeInit
                0x0800f2a0       0x44 ../../libdaisy/build\libdaisy.a(usbd_cdc.o)
 .text.USBD_CDC_Init
                0x0800f2e4       0x94 ../../libdaisy/build\libdaisy.a(usbd_cdc.o)
 .text.USBD_CDC_RegisterInterface
                0x0800f378       0x10 ../../libdaisy/build\libdaisy.a(usbd_cdc.o)
                0x0800f378                USBD_CDC_RegisterInterface
 .text.USBD_CDC_SetTxBuffer
                0x0800f388       0x14 ../../libdaisy/build\libdaisy.a(usbd_cdc.o)
                0x0800f388                USBD_CDC_SetTxBuffer
 .text.USBD_CDC_SetRxBuffer
                0x0800f39c       0x10 ../../libdaisy/build\libdaisy.a(usbd_cdc.o)
                0x0800f39c                USBD_CDC_SetRxBuffer
 .text.USBD_CDC_ReceivePacket
                0x0800f3ac       0x38 ../../libdaisy/build\libdaisy.a(usbd_cdc.o)
                0x0800f3ac                USBD_CDC_ReceivePacket
 .text.USBD_Init
                0x0800f3e4       0x44 ../../libdaisy/build\libdaisy.a(usbd_core.o)
                0x0800f3e4                USBD_Init
 .text.USBD_RegisterClass
                0x0800f428       0x2c ../../libdaisy/build\libdaisy.a(usbd_core.o)
                0x0800f428                USBD_RegisterClass
 .text.USBD_Start
                0x0800f454        0xc ../../libdaisy/build\libdaisy.a(usbd_core.o)
                0x0800f454                USBD_Start
 .text.USBD_SetClassConfig
                0x0800f460       0x14 ../../libdaisy/build\libdaisy.a(usbd_core.o)
                0x0800f460                USBD_SetClassConfig
 .text.USBD_ClrClassConfig
                0x0800f474       0x10 ../../libdaisy/build\libdaisy.a(usbd_core.o)
                0x0800f474                USBD_ClrClassConfig
 .text.USBD_LL_SetupStage
                0x0800f484       0x5c ../../libdaisy/build\libdaisy.a(usbd_core.o)
                0x0800f484                USBD_LL_SetupStage
 .text.USBD_LL_DataOutStage
                0x0800f4e0       0x7c ../../libdaisy/build\libdaisy.a(usbd_core.o)
                0x0800f4e0                USBD_LL_DataOutStage
 .text.USBD_LL_DataInStage
                0x0800f55c       0xcc ../../libdaisy/build\libdaisy.a(usbd_core.o)
                0x0800f55c                USBD_LL_DataInStage
 .text.USBD_LL_Reset
                0x0800f628       0x50 ../../libdaisy/build\libdaisy.a(usbd_core.o)
                0x0800f628                USBD_LL_Reset
 .text.USBD_LL_SetSpeed
                0x0800f678        0x8 ../../libdaisy/build\libdaisy.a(usbd_core.o)
                0x0800f678                USBD_LL_SetSpeed
 .text.USBD_LL_Suspend
                0x0800f680       0x14 ../../libdaisy/build\libdaisy.a(usbd_core.o)
                0x0800f680                USBD_LL_Suspend
 .text.USBD_LL_Resume
                0x0800f694       0x10 ../../libdaisy/build\libdaisy.a(usbd_core.o)
                0x0800f694                USBD_LL_Resume
 .text.USBD_LL_SOF
                0x0800f6a4       0x1c ../../libdaisy/build\libdaisy.a(usbd_core.o)
                0x0800f6a4                USBD_LL_SOF
 .text.USBD_LL_IsoINIncomplete
                0x0800f6c0        0x4 ../../libdaisy/build\libdaisy.a(usbd_core.o)
                0x0800f6c0                USBD_LL_IsoINIncomplete
 .text.USBD_LL_IsoOUTIncomplete
                0x0800f6c4        0x4 ../../libdaisy/build\libdaisy.a(usbd_core.o)
                0x0800f6c4                USBD_LL_IsoOUTIncomplete
 .text.USBD_LL_DevConnected
                0x0800f6c8        0x4 ../../libdaisy/build\libdaisy.a(usbd_core.o)
                0x0800f6c8                USBD_LL_DevConnected
 .text.USBD_LL_DevDisconnected
                0x0800f6cc       0x18 ../../libdaisy/build\libdaisy.a(usbd_core.o)
                0x0800f6cc                USBD_LL_DevDisconnected
 .text.USBD_StdDevReq
                0x0800f6e4      0x2f4 ../../libdaisy/build\libdaisy.a(usbd_ctlreq.o)
                0x0800f6e4                USBD_StdDevReq
 .text.USBD_StdItfReq
                0x0800f9d8       0x68 ../../libdaisy/build\libdaisy.a(usbd_ctlreq.o)
                0x0800f9d8                USBD_StdItfReq
 .text.USBD_StdEPReq
                0x0800fa40      0x13c ../../libdaisy/build\libdaisy.a(usbd_ctlreq.o)
                0x0800fa40                USBD_StdEPReq
 .text.USBD_ParseSetupRequest
                0x0800fb7c       0x28 ../../libdaisy/build\libdaisy.a(usbd_ctlreq.o)
                0x0800fb7c                USBD_ParseSetupRequest
 .text.USBD_CtlError
                0x0800fba4       0x18 ../../libdaisy/build\libdaisy.a(usbd_ctlreq.o)
                0x0800fba4                USBD_CtlError
 .text.USBD_GetString
                0x0800fbbc       0x54 ../../libdaisy/build\libdaisy.a(usbd_ctlreq.o)
                0x0800fbbc                USBD_GetString
 .text.USBD_CtlSendData
                0x0800fc10       0x1c ../../libdaisy/build\libdaisy.a(usbd_ioreq.o)
                0x0800fc10                USBD_CtlSendData
 .text.USBD_CtlContinueSendData
                0x0800fc2c       0x14 ../../libdaisy/build\libdaisy.a(usbd_ioreq.o)
                0x0800fc2c                USBD_CtlContinueSendData
 .text.USBD_CtlPrepareRx
                0x0800fc40       0x1c ../../libdaisy/build\libdaisy.a(usbd_ioreq.o)
                0x0800fc40                USBD_CtlPrepareRx
 .text.USBD_CtlContinueRx
                0x0800fc5c       0x14 ../../libdaisy/build\libdaisy.a(usbd_ioreq.o)
                0x0800fc5c                USBD_CtlContinueRx
 .text.USBD_CtlSendStatus
                0x0800fc70       0x18 ../../libdaisy/build\libdaisy.a(usbd_ioreq.o)
                0x0800fc70                USBD_CtlSendStatus
 .text.USBD_CtlReceiveStatus
                0x0800fc88       0x18 ../../libdaisy/build\libdaisy.a(usbd_ioreq.o)
                0x0800fc88                USBD_CtlReceiveStatus
 .text.dsy_i2c_global_init
                0x0800fca0       0x78 ../../libdaisy/build\libdaisy.a(i2c.o)
                0x0800fca0                dsy_i2c_global_init
 .text.DMA1_Stream6_IRQHandler
                0x0800fd18       0x34 ../../libdaisy/build\libdaisy.a(i2c.o)
                0x0800fd18                DMA1_Stream6_IRQHandler
 .text.I2C1_EV_IRQHandler
                0x0800fd4c        0xc ../../libdaisy/build\libdaisy.a(i2c.o)
                0x0800fd4c                I2C1_EV_IRQHandler
 .text.I2C2_EV_IRQHandler
                0x0800fd58        0xc ../../libdaisy/build\libdaisy.a(i2c.o)
                0x0800fd58                I2C2_EV_IRQHandler
 .text.I2C3_EV_IRQHandler
                0x0800fd64        0xc ../../libdaisy/build\libdaisy.a(i2c.o)
                0x0800fd64                I2C3_EV_IRQHandler
 .text.startup._GLOBAL__sub_I__ZN5daisy9I2CHandle4Impl10GlobalInitEv
                0x0800fd70       0x18 ../../libdaisy/build\libdaisy.a(i2c.o)
 .text.HAL_TIM_Base_MspInit
                0x0800fd88       0xcc ../../libdaisy/build\libdaisy.a(tim.o)
                0x0800fd88                HAL_TIM_Base_MspInit
 .text._ZN5daisy11TimerHandle4InitERKNS0_6ConfigE
                0x0800fe54       0xc4 ../../libdaisy/build\libdaisy.a(tim.o)
                0x0800fe54                daisy::TimerHandle::Init(daisy::TimerHandle::Config const&)
 .text._ZN5daisy11TimerHandle5StartEv
                0x0800ff18       0x14 ../../libdaisy/build\libdaisy.a(tim.o)
                0x0800ff18                daisy::TimerHandle::Start()
 .text.dsy_dma_init
                0x0800ff2c       0xd0 ../../libdaisy/build\libdaisy.a(dma.o)
                0x0800ff2c                dsy_dma_init
 .text.HAL_I2C_EV_IRQHandler
                0x0800fffc       0x10 ../../libdaisy/build\libdaisy.a(stm32h7xx_hal_i2c.o)
                0x0800fffc                HAL_I2C_EV_IRQHandler
 .text.HAL_MDMA_Abort_IT
                0x0801000c       0x2c ../../libdaisy/build\libdaisy.a(stm32h7xx_hal_mdma.o)
                0x0801000c                HAL_MDMA_Abort_IT
 .text.HAL_TIM_Base_Init
                0x08010038      0x140 ../../libdaisy/build\libdaisy.a(stm32h7xx_hal_tim.o)
                0x08010038                HAL_TIM_Base_Init
 .text.HAL_TIM_Base_Start
                0x08010178       0x34 ../../libdaisy/build\libdaisy.a(stm32h7xx_hal_tim.o)
                0x08010178                HAL_TIM_Base_Start
 .text.HAL_TIM_ConfigClockSource
                0x080101ac      0x17c ../../libdaisy/build\libdaisy.a(stm32h7xx_hal_tim.o)
                0x080101ac                HAL_TIM_ConfigClockSource
 .text.HAL_TIMEx_MasterConfigSynchronization
                0x08010328       0x64 ../../libdaisy/build\libdaisy.a(stm32h7xx_hal_tim_ex.o)
                0x08010328                HAL_TIMEx_MasterConfigSynchronization
 .text._ZN7daisysp10Oscillator7ProcessEv
                0x0801038c      0x3c4 ../../DaisySP/build\libdaisysp.a(oscillator.o)
                0x0801038c                daisysp::Oscillator::Process()
 .text._ZN7daisysp10Oscillator12CalcPhaseIncEf
                0x08010750       0x18 ../../DaisySP/build\libdaisysp.a(oscillator.o)
                0x08010750                daisysp::Oscillator::CalcPhaseInc(float)
 .text.__aeabi_atexit
                0x08010768        0xa c:/users/vinícius/documents/daisytoolchain-0.3.1/windows/bin/../lib/gcc/arm-none-eabi/10.2.1/../../../../arm-none-eabi/lib/thumb/v7e-m+dp/hard\libstdc++_nano.a(atexit_arm.o)
                0x08010768                __aeabi_atexit
 .text._ZNK10__cxxabiv117__class_type_info11__do_upcastEPKS0_PPv
                0x08010772       0x32 c:/users/vinícius/documents/daisytoolchain-0.3.1/windows/bin/../lib/gcc/arm-none-eabi/10.2.1/../../../../arm-none-eabi/lib/thumb/v7e-m+dp/hard\libstdc++_nano.a(class_type_info.o)
                0x08010772                __cxxabiv1::__class_type_info::__do_upcast(__cxxabiv1::__class_type_info const*, void**) const
 .text._ZNK10__cxxabiv117__class_type_info20__do_find_public_srcEiPKvPKS0_S2_
                0x080107a4        0xc c:/users/vinícius/documents/daisytoolchain-0.3.1/windows/bin/../lib/gcc/arm-none-eabi/10.2.1/../../../../arm-none-eabi/lib/thumb/v7e-m+dp/hard\libstdc++_nano.a(class_type_info.o)
                0x080107a4                __cxxabiv1::__class_type_info::__do_find_public_src(int, void const*, __cxxabiv1::__class_type_info const*, void const*) const
 .text._ZN10__cxxabiv117__class_type_infoD2Ev
                0x080107b0       0x14 c:/users/vinícius/documents/daisytoolchain-0.3.1/windows/bin/../lib/gcc/arm-none-eabi/10.2.1/../../../../arm-none-eabi/lib/thumb/v7e-m+dp/hard\libstdc++_nano.a(class_type_info.o)
                0x080107b0                __cxxabiv1::__class_type_info::~__class_type_info()
                0x080107b0                __cxxabiv1::__class_type_info::~__class_type_info()
 .text._ZN10__cxxabiv117__class_type_infoD0Ev
                0x080107c4       0x14 c:/users/vinícius/documents/daisytoolchain-0.3.1/windows/bin/../lib/gcc/arm-none-eabi/10.2.1/../../../../arm-none-eabi/lib/thumb/v7e-m+dp/hard\libstdc++_nano.a(class_type_info.o)
                0x080107c4                __cxxabiv1::__class_type_info::~__class_type_info()
 .text._ZNK10__cxxabiv117__class_type_info12__do_dyncastEiNS0_10__sub_kindEPKS0_PKvS3_S5_RNS0_16__dyncast_resultE
                0x080107d8       0x3e c:/users/vinícius/documents/daisytoolchain-0.3.1/windows/bin/../lib/gcc/arm-none-eabi/10.2.1/../../../../arm-none-eabi/lib/thumb/v7e-m+dp/hard\libstdc++_nano.a(class_type_info.o)
                0x080107d8                __cxxabiv1::__class_type_info::__do_dyncast(int, __cxxabiv1::__class_type_info::__sub_kind, __cxxabiv1::__class_type_info const*, void const*, __cxxabiv1::__class_type_info const*, void const*, __cxxabiv1::__class_type_info::__dyncast_result&) const
 .text._ZNK10__cxxabiv117__class_type_info11__do_upcastEPKS0_PKvRNS0_15__upcast_resultE
                0x08010816       0x18 c:/users/vinícius/documents/daisytoolchain-0.3.1/windows/bin/../lib/gcc/arm-none-eabi/10.2.1/../../../../arm-none-eabi/lib/thumb/v7e-m+dp/hard\libstdc++_nano.a(class_type_info.o)
                0x08010816                __cxxabiv1::__class_type_info::__do_upcast(__cxxabiv1::__class_type_info const*, void const*, __cxxabiv1::__class_type_info::__upcast_result&) const
 .text._ZNK10__cxxabiv117__class_type_info10__do_catchEPKSt9type_infoPPvj
                0x0801082e       0x2a c:/users/vinícius/documents/daisytoolchain-0.3.1/windows/bin/../lib/gcc/arm-none-eabi/10.2.1/../../../../arm-none-eabi/lib/thumb/v7e-m+dp/hard\libstdc++_nano.a(class_type_info.o)
                0x0801082e                __cxxabiv1::__class_type_info::__do_catch(std::type_info const*, void**, unsigned int) const
 .text._ZdlPvj  0x08010858        0x4 c:/users/vinícius/documents/daisytoolchain-0.3.1/windows/bin/../lib/gcc/arm-none-eabi/10.2.1/../../../../arm-none-eabi/lib/thumb/v7e-m+dp/hard\libstdc++_nano.a(del_ops.o)
                0x08010858                operator delete(void*, unsigned int)
 .text._ZN10__cxxabiv120__si_class_type_infoD2Ev
                0x0801085c       0x14 c:/users/vinícius/documents/daisytoolchain-0.3.1/windows/bin/../lib/gcc/arm-none-eabi/10.2.1/../../../../arm-none-eabi/lib/thumb/v7e-m+dp/hard\libstdc++_nano.a(si_class_type_info.o)
                0x0801085c                __cxxabiv1::__si_class_type_info::~__si_class_type_info()
                0x0801085c                __cxxabiv1::__si_class_type_info::~__si_class_type_info()
 .text._ZN10__cxxabiv120__si_class_type_infoD0Ev
                0x08010870       0x14 c:/users/vinícius/documents/daisytoolchain-0.3.1/windows/bin/../lib/gcc/arm-none-eabi/10.2.1/../../../../arm-none-eabi/lib/thumb/v7e-m+dp/hard\libstdc++_nano.a(si_class_type_info.o)
                0x08010870                __cxxabiv1::__si_class_type_info::~__si_class_type_info()
 .text._ZNK10__cxxabiv120__si_class_type_info20__do_find_public_srcEiPKvPKNS_17__class_type_infoES2_
                0x08010884       0x38 c:/users/vinícius/documents/daisytoolchain-0.3.1/windows/bin/../lib/gcc/arm-none-eabi/10.2.1/../../../../arm-none-eabi/lib/thumb/v7e-m+dp/hard\libstdc++_nano.a(si_class_type_info.o)
                0x08010884                __cxxabiv1::__si_class_type_info::__do_find_public_src(int, void const*, __cxxabiv1::__class_type_info const*, void const*) const
 .text._ZNK10__cxxabiv120__si_class_type_info12__do_dyncastEiNS_17__class_type_info10__sub_kindEPKS1_PKvS4_S6_RNS1_16__dyncast_resultE
                0x080108bc       0x74 c:/users/vinícius/documents/daisytoolchain-0.3.1/windows/bin/../lib/gcc/arm-none-eabi/10.2.1/../../../../arm-none-eabi/lib/thumb/v7e-m+dp/hard\libstdc++_nano.a(si_class_type_info.o)
                0x080108bc                __cxxabiv1::__si_class_type_info::__do_dyncast(int, __cxxabiv1::__class_type_info::__sub_kind, __cxxabiv1::__class_type_info const*, void const*, __cxxabiv1::__class_type_info const*, void const*, __cxxabiv1::__class_type_info::__dyncast_result&) const
 .text._ZNK10__cxxabiv120__si_class_type_info11__do_upcastEPKNS_17__class_type_infoEPKvRNS1_15__upcast_resultE
                0x08010930       0x2a c:/users/vinícius/documents/daisytoolchain-0.3.1/windows/bin/../lib/gcc/arm-none-eabi/10.2.1/../../../../arm-none-eabi/lib/thumb/v7e-m+dp/hard\libstdc++_nano.a(si_class_type_info.o)
                0x08010930                __cxxabiv1::__si_class_type_info::__do_upcast(__cxxabiv1::__class_type_info const*, void const*, __cxxabiv1::__class_type_info::__upcast_result&) const
 .text._ZNSt9type_infoD2Ev
                0x0801095a        0x2 c:/users/vinícius/documents/daisytoolchain-0.3.1/windows/bin/../lib/gcc/arm-none-eabi/10.2.1/../../../../arm-none-eabi/lib/thumb/v7e-m+dp/hard\libstdc++_nano.a(tinfo.o)
                0x0801095a                std::type_info::~type_info()
                0x0801095a                std::type_info::~type_info()
 .text._ZNKSt9type_info14__is_pointer_pEv
                0x0801095c        0x4 c:/users/vinícius/documents/daisytoolchain-0.3.1/windows/bin/../lib/gcc/arm-none-eabi/10.2.1/../../../../arm-none-eabi/lib/thumb/v7e-m+dp/hard\libstdc++_nano.a(tinfo.o)
                0x0801095c                std::type_info::__is_pointer_p() const
                0x0801095c                std::type_info::__is_function_p() const
 .text._ZNKSt9type_infoeqERKS_
                0x08010960       0x2c c:/users/vinícius/documents/daisytoolchain-0.3.1/windows/bin/../lib/gcc/arm-none-eabi/10.2.1/../../../../arm-none-eabi/lib/thumb/v7e-m+dp/hard\libstdc++_nano.a(tinfo.o)
                0x08010960                std::type_info::operator==(std::type_info const&) const
 .text._ZdlPv   0x0801098c        0x4 c:/users/vinícius/documents/daisytoolchain-0.3.1/windows/bin/../lib/gcc/arm-none-eabi/10.2.1/../../../../arm-none-eabi/lib/thumb/v7e-m+dp/hard\libstdc++_nano.a(del_op.o)
                0x0801098c                operator delete(void*)
 .text.cosf     0x08010990      0x1bc c:/users/vinícius/documents/daisytoolchain-0.3.1/windows/bin/../lib/gcc/arm-none-eabi/10.2.1/../../../../arm-none-eabi/lib/thumb/v7e-m+dp/hard\libm.a(lib_a-cosf.o)
                0x08010990                cosf
 .text.with_errnof
                0x08010b4c       0x18 c:/users/vinícius/documents/daisytoolchain-0.3.1/windows/bin/../lib/gcc/arm-none-eabi/10.2.1/../../../../arm-none-eabi/lib/thumb/v7e-m+dp/hard\libm.a(lib_a-math_errf.o)
 .text.xflowf   0x08010b64       0x20 c:/users/vinícius/documents/daisytoolchain-0.3.1/windows/bin/../lib/gcc/arm-none-eabi/10.2.1/../../../../arm-none-eabi/lib/thumb/v7e-m+dp/hard\libm.a(lib_a-math_errf.o)
 .text.__math_uflowf
                0x08010b84        0xc c:/users/vinícius/documents/daisytoolchain-0.3.1/windows/bin/../lib/gcc/arm-none-eabi/10.2.1/../../../../arm-none-eabi/lib/thumb/v7e-m+dp/hard\libm.a(lib_a-math_errf.o)
                0x08010b84                __math_uflowf
 .text.__math_may_uflowf
                0x08010b90        0xc c:/users/vinícius/documents/daisytoolchain-0.3.1/windows/bin/../lib/gcc/arm-none-eabi/10.2.1/../../../../arm-none-eabi/lib/thumb/v7e-m+dp/hard\libm.a(lib_a-math_errf.o)
                0x08010b90                __math_may_uflowf
 .text.__math_oflowf
                0x08010b9c        0xc c:/users/vinícius/documents/daisytoolchain-0.3.1/windows/bin/../lib/gcc/arm-none-eabi/10.2.1/../../../../arm-none-eabi/lib/thumb/v7e-m+dp/hard\libm.a(lib_a-math_errf.o)
                0x08010b9c                __math_oflowf
 .text.__math_divzerof
                0x08010ba8       0x24 c:/users/vinícius/documents/daisytoolchain-0.3.1/windows/bin/../lib/gcc/arm-none-eabi/10.2.1/../../../../arm-none-eabi/lib/thumb/v7e-m+dp/hard\libm.a(lib_a-math_errf.o)
                0x08010ba8                __math_divzerof
 .text.__math_invalidf
                0x08010bcc       0x20 c:/users/vinícius/documents/daisytoolchain-0.3.1/windows/bin/../lib/gcc/arm-none-eabi/10.2.1/../../../../arm-none-eabi/lib/thumb/v7e-m+dp/hard\libm.a(lib_a-math_errf.o)
                0x08010bcc                __math_invalidf
 *fill*         0x08010bec        0x4 
 .text.powf     0x08010bf0      0x328 c:/users/vinícius/documents/daisytoolchain-0.3.1/windows/bin/../lib/gcc/arm-none-eabi/10.2.1/../../../../arm-none-eabi/lib/thumb/v7e-m+dp/hard\libm.a(lib_a-sf_pow.o)
                0x08010bf0                powf
 .text.sinf     0x08010f18      0x20c c:/users/vinícius/documents/daisytoolchain-0.3.1/windows/bin/../lib/gcc/arm-none-eabi/10.2.1/../../../../arm-none-eabi/lib/thumb/v7e-m+dp/hard\libm.a(lib_a-sinf.o)
                0x08010f18                sinf
 .text.fmodf    0x08011124       0x54 c:/users/vinícius/documents/daisytoolchain-0.3.1/windows/bin/../lib/gcc/arm-none-eabi/10.2.1/../../../../arm-none-eabi/lib/thumb/v7e-m+dp/hard\libm.a(lib_a-wf_fmod.o)
                0x08011124                fmodf
 .text.__ieee754_fmodf
                0x08011178      0x120 c:/users/vinícius/documents/daisytoolchain-0.3.1/windows/bin/../lib/gcc/arm-none-eabi/10.2.1/../../../../arm-none-eabi/lib/thumb/v7e-m+dp/hard\libm.a(lib_a-ef_fmod.o)
                0x08011178                __ieee754_fmodf
 .text.calloc   0x08011298       0x10 c:/users/vinícius/documents/daisytoolchain-0.3.1/windows/bin/../lib/gcc/arm-none-eabi/10.2.1/../../../../arm-none-eabi/lib/thumb/v7e-m+dp/hard\libc_nano.a(lib_a-calloc.o)
                0x08011298                calloc
 .text.__cxa_atexit
                0x080112a8       0x1c c:/users/vinícius/documents/daisytoolchain-0.3.1/windows/bin/../lib/gcc/arm-none-eabi/10.2.1/../../../../arm-none-eabi/lib/thumb/v7e-m+dp/hard\libc_nano.a(lib_a-cxa_atexit.o)
                0x080112a8                __cxa_atexit
 .text.__errno  0x080112c4        0xc c:/users/vinícius/documents/daisytoolchain-0.3.1/windows/bin/../lib/gcc/arm-none-eabi/10.2.1/../../../../arm-none-eabi/lib/thumb/v7e-m+dp/hard\libc_nano.a(lib_a-errno.o)
                0x080112c4                __errno
 .text.__libc_init_array
                0x080112d0       0x48 c:/users/vinícius/documents/daisytoolchain-0.3.1/windows/bin/../lib/gcc/arm-none-eabi/10.2.1/../../../../arm-none-eabi/lib/thumb/v7e-m+dp/hard\libc_nano.a(lib_a-init.o)
                0x080112d0                __libc_init_array
 .text.free     0x08011318       0x10 c:/users/vinícius/documents/daisytoolchain-0.3.1/windows/bin/../lib/gcc/arm-none-eabi/10.2.1/../../../../arm-none-eabi/lib/thumb/v7e-m+dp/hard\libc_nano.a(lib_a-malloc.o)
                0x08011318                free
 .text.memcpy   0x08011328       0x1c c:/users/vinícius/documents/daisytoolchain-0.3.1/windows/bin/../lib/gcc/arm-none-eabi/10.2.1/../../../../arm-none-eabi/lib/thumb/v7e-m+dp/hard\libc_nano.a(lib_a-memcpy-stub.o)
                0x08011328                memcpy
 .text.memset   0x08011344       0x10 c:/users/vinícius/documents/daisytoolchain-0.3.1/windows/bin/../lib/gcc/arm-none-eabi/10.2.1/../../../../arm-none-eabi/lib/thumb/v7e-m+dp/hard\libc_nano.a(lib_a-memset.o)
                0x08011344                memset
 .text._calloc_r
                0x08011354       0x1e c:/users/vinícius/documents/daisytoolchain-0.3.1/windows/bin/../lib/gcc/arm-none-eabi/10.2.1/../../../../arm-none-eabi/lib/thumb/v7e-m+dp/hard\libc_nano.a(lib_a-nano-callocr.o)
                0x08011354                _calloc_r
 *fill*         0x08011372        0x2 
 .text._free_r  0x08011374       0x98 c:/users/vinícius/documents/daisytoolchain-0.3.1/windows/bin/../lib/gcc/arm-none-eabi/10.2.1/../../../../arm-none-eabi/lib/thumb/v7e-m+dp/hard\libc_nano.a(lib_a-nano-freer.o)
                0x08011374                _free_r
 .text._malloc_r
                0x0801140c       0xb4 c:/users/vinícius/documents/daisytoolchain-0.3.1/windows/bin/../lib/gcc/arm-none-eabi/10.2.1/../../../../arm-none-eabi/lib/thumb/v7e-m+dp/hard\libc_nano.a(lib_a-nano-mallocr.o)
                0x0801140c                _malloc_r
 .text.printf   0x080114c0       0x30 c:/users/vinícius/documents/daisytoolchain-0.3.1/windows/bin/../lib/gcc/arm-none-eabi/10.2.1/../../../../arm-none-eabi/lib/thumb/v7e-m+dp/hard\libc_nano.a(lib_a-printf.o)
                0x080114c0                iprintf
                0x080114c0                printf
 .text.putchar  0x080114f0       0x2c c:/users/vinícius/documents/daisytoolchain-0.3.1/windows/bin/../lib/gcc/arm-none-eabi/10.2.1/../../../../arm-none-eabi/lib/thumb/v7e-m+dp/hard\libc_nano.a(lib_a-putchar.o)
                0x080114f0                putchar
 .text._sbrk_r  0x0801151c       0x20 c:/users/vinícius/documents/daisytoolchain-0.3.1/windows/bin/../lib/gcc/arm-none-eabi/10.2.1/../../../../arm-none-eabi/lib/thumb/v7e-m+dp/hard\libc_nano.a(lib_a-sbrkr.o)
                0x0801151c                _sbrk_r
 .text.std      0x0801153c       0x48 c:/users/vinícius/documents/daisytoolchain-0.3.1/windows/bin/../lib/gcc/arm-none-eabi/10.2.1/../../../../arm-none-eabi/lib/thumb/v7e-m+dp/hard\libc_nano.a(lib_a-findfp.o)
 .text._cleanup_r
                0x08011584        0xc c:/users/vinícius/documents/daisytoolchain-0.3.1/windows/bin/../lib/gcc/arm-none-eabi/10.2.1/../../../../arm-none-eabi/lib/thumb/v7e-m+dp/hard\libc_nano.a(lib_a-findfp.o)
                0x08011584                _cleanup_r
 .text.__sfmoreglue
                0x08011590       0x2c c:/users/vinícius/documents/daisytoolchain-0.3.1/windows/bin/../lib/gcc/arm-none-eabi/10.2.1/../../../../arm-none-eabi/lib/thumb/v7e-m+dp/hard\libc_nano.a(lib_a-findfp.o)
                0x08011590                __sfmoreglue
 .text.__sfp_lock_acquire
                0x080115bc        0xc c:/users/vinícius/documents/daisytoolchain-0.3.1/windows/bin/../lib/gcc/arm-none-eabi/10.2.1/../../../../arm-none-eabi/lib/thumb/v7e-m+dp/hard\libc_nano.a(lib_a-findfp.o)
                0x080115bc                __sfp_lock_acquire
 .text.__sfp_lock_release