Archive member included to satisfy reference by file (symbol)

../../libdaisy/build\libdaisy.a(daisy_seed.o)
                              build/globalFunc.o (daisy::DaisySeed::Configure())
../../libdaisy/build\libdaisy.a(codec_ak4556.o)
                              ../../libdaisy/build\libdaisy.a(daisy_seed.o) (daisy::Ak4556::Init(dsy_gpio_pin))
../../libdaisy/build\libdaisy.a(sdram.o)
                              ../../libdaisy/build\libdaisy.a(daisy_seed.o) (dsy_sdram_init)
../../libdaisy/build\libdaisy.a(audio.o)
                              ../../libdaisy/build\libdaisy.a(daisy_seed.o) (daisy::AudioHandle::Init(daisy::AudioHandle::Config const&, daisy::SaiHandle))
../../libdaisy/build\libdaisy.a(gpio.o)
                              build/globalFunc.o (dsy_gpio_init)
../../libdaisy/build\libdaisy.a(qspi.o)
                              ../../libdaisy/build\libdaisy.a(daisy_seed.o) (dsy_qspi_init)
../../libdaisy/build\libdaisy.a(sai.o)
                              ../../libdaisy/build\libdaisy.a(daisy_seed.o) (daisy::SaiHandle::Init(daisy::SaiHandle::Config const&))
../../libdaisy/build\libdaisy.a(spi.o)
                              build/globalFunc.o (daisy::SpiHandle::Init(daisy::SpiHandle::Config const&))
../../libdaisy/build\libdaisy.a(system.o)
                              build/globalFunc.o (daisy::System::Delay(unsigned long))
../../libdaisy/build\libdaisy.a(system_stm32h7xx.o)
                              build/startup_stm32h750xx.o (SystemInit)
../../libdaisy/build\libdaisy.a(hal_map.o)
                              ../../libdaisy/build\libdaisy.a(sdram.o) (dsy_hal_map_get_port)
../../libdaisy/build\libdaisy.a(stm32h7xx_hal.o)
                              ../../libdaisy/build\libdaisy.a(system.o) (HAL_Init)
../../libdaisy/build\libdaisy.a(stm32h7xx_hal_cortex.o)
                              ../../libdaisy/build\libdaisy.a(stm32h7xx_hal.o) (HAL_NVIC_SetPriorityGrouping)
../../libdaisy/build\libdaisy.a(stm32h7xx_hal_dma.o)
                              ../../libdaisy/build\libdaisy.a(sai.o) (HAL_DMA_Init)
../../libdaisy/build\libdaisy.a(stm32h7xx_hal_gpio.o)
                              ../../libdaisy/build\libdaisy.a(sdram.o) (HAL_GPIO_Init)
../../libdaisy/build\libdaisy.a(stm32h7xx_hal_pwr_ex.o)
                              ../../libdaisy/build\libdaisy.a(system.o) (HAL_PWREx_ConfigSupply)
../../libdaisy/build\libdaisy.a(stm32h7xx_hal_qspi.o)
                              ../../libdaisy/build\libdaisy.a(qspi.o) (HAL_QSPI_Init)
../../libdaisy/build\libdaisy.a(stm32h7xx_hal_rcc.o)
                              ../../libdaisy/build\libdaisy.a(system.o) (HAL_RCC_OscConfig)
../../libdaisy/build\libdaisy.a(stm32h7xx_hal_rcc_ex.o)
                              ../../libdaisy/build\libdaisy.a(system.o) (HAL_RCCEx_PeriphCLKConfig)
../../libdaisy/build\libdaisy.a(stm32h7xx_hal_sai.o)
                              ../../libdaisy/build\libdaisy.a(sai.o) (HAL_SAI_InitProtocol)
../../libdaisy/build\libdaisy.a(stm32h7xx_hal_sdram.o)
                              ../../libdaisy/build\libdaisy.a(sdram.o) (HAL_SDRAM_Init)
../../libdaisy/build\libdaisy.a(stm32h7xx_hal_spi.o)
                              ../../libdaisy/build\libdaisy.a(spi.o) (HAL_SPI_Init)
../../libdaisy/build\libdaisy.a(stm32h7xx_ll_fmc.o)
                              ../../libdaisy/build\libdaisy.a(stm32h7xx_hal_sdram.o) (FMC_SDRAM_Init)
../../libdaisy/build\libdaisy.a(i2c.o)
                              ../../libdaisy/build\libdaisy.a(system.o) (dsy_i2c_global_init)
../../libdaisy/build\libdaisy.a(tim.o)
                              ../../libdaisy/build\libdaisy.a(system.o) (daisy::TimerHandle::Init(daisy::TimerHandle::Config const&))
../../libdaisy/build\libdaisy.a(dma.o)
                              ../../libdaisy/build\libdaisy.a(system.o) (dsy_dma_init)
../../libdaisy/build\libdaisy.a(stm32h7xx_hal_i2c.o)
                              ../../libdaisy/build\libdaisy.a(i2c.o) (HAL_I2C_Init)
../../libdaisy/build\libdaisy.a(stm32h7xx_hal_i2c_ex.o)
                              ../../libdaisy/build\libdaisy.a(i2c.o) (HAL_I2CEx_ConfigAnalogFilter)
../../libdaisy/build\libdaisy.a(stm32h7xx_hal_mdma.o)
                              ../../libdaisy/build\libdaisy.a(stm32h7xx_hal_qspi.o) (HAL_MDMA_Start_IT)
../../libdaisy/build\libdaisy.a(stm32h7xx_hal_pwr.o)
                              ../../libdaisy/build\libdaisy.a(stm32h7xx_hal_pwr_ex.o) (HAL_PWR_PVDCallback)
../../libdaisy/build\libdaisy.a(stm32h7xx_hal_tim.o)
                              ../../libdaisy/build\libdaisy.a(tim.o) (HAL_TIM_Base_Init)
../../libdaisy/build\libdaisy.a(stm32h7xx_hal_tim_ex.o)
                              ../../libdaisy/build\libdaisy.a(stm32h7xx_hal_tim.o) (TIMEx_DMACommutationCplt)
c:/users/vinícius/documents/daisytoolchain-0.3.1/windows/bin/../lib/gcc/arm-none-eabi/10.2.1/../../../../arm-none-eabi/lib/thumb/v7e-m+dp/hard\libstdc++_nano.a(atexit_arm.o)
                              build/metamorphic_project.o (__aeabi_atexit)
[...]
Memory Configuration

Name             Origin             Length             Attributes
FLASH            0x08000000         0x00020000         xr
DTCMRAM          0x20000000         0x00020000         xrw
SRAM             0x24000000         0x00080000         xrw
RAM_D2           0x30000000         0x00048000         xrw
RAM_D3           0x38000000         0x00010000         xrw
ITCMRAM          0x00000000         0x00010000         xrw
SDRAM            0xc0000000         0x04000000         xrw
QSPIFLASH        0x90000000         0x00800000         xr
*default*        0x00000000         0xffffffff

Linker script and memory map

LOAD c:/users/vinícius/documents/daisytoolchain-0.3.1/windows/bin/../lib/gcc/arm-none-eabi/10.2.1/thumb/v7e-m+dp/hard/crti.o
LOAD c:/users/vinícius/documents/daisytoolchain-0.3.1/windows/bin/../lib/gcc/arm-none-eabi/10.2.1/thumb/v7e-m+dp/hard/crtbegin.o
LOAD c:/users/vinícius/documents/daisytoolchain-0.3.1/windows/bin/../lib/gcc/arm-none-eabi/10.2.1/../../../../arm-none-eabi/lib/thumb/v7e-m+dp/hard/crt0.o
LOAD build/startup_stm32h750xx.o
LOAD build/globalFunc.o
LOAD build/menus.o
LOAD build/metamorphic_project.o
LOAD ../../libdaisy/build\libdaisy.a
LOAD c:/users/vinícius/documents/daisytoolchain-0.3.1/windows/bin/../lib/gcc/arm-none-eabi/10.2.1/../../../../arm-none-eabi/lib/thumb/v7e-m+dp/hard\libnosys.a
LOAD ../../DaisySP/build\libdaisysp.a
LOAD c:/users/vinícius/documents/daisytoolchain-0.3.1/windows/bin/../lib/gcc/arm-none-eabi/10.2.1/../../../../arm-none-eabi/lib/thumb/v7e-m+dp/hard\libstdc++_nano.a
LOAD c:/users/vinícius/documents/daisytoolchain-0.3.1/windows/bin/../lib/gcc/arm-none-eabi/10.2.1/../../../../arm-none-eabi/lib/thumb/v7e-m+dp/hard\libm.a
LOAD c:/users/vinícius/documents/daisytoolchain-0.3.1/windows/bin/../lib/gcc/arm-none-eabi/10.2.1/../../../../arm-none-eabi/lib/thumb/v7e-m+dp/hard\libc_nano.a
START GROUP
LOAD c:/users/vinícius/documents/daisytoolchain-0.3.1/windows/bin/../lib/gcc/arm-none-eabi/10.2.1/thumb/v7e-m+dp/hard\libgcc.a
LOAD c:/users/vinícius/documents/daisytoolchain-0.3.1/windows/bin/../lib/gcc/arm-none-eabi/10.2.1/../../../../arm-none-eabi/lib/thumb/v7e-m+dp/hard\libc_nano.a
END GROUP
START GROUP
LOAD c:/users/vinícius/documents/daisytoolchain-0.3.1/windows/bin/../lib/gcc/arm-none-eabi/10.2.1/thumb/v7e-m+dp/hard\libgcc.a
LOAD c:/users/vinícius/documents/daisytoolchain-0.3.1/windows/bin/../lib/gcc/arm-none-eabi/10.2.1/../../../../arm-none-eabi/lib/thumb/v7e-m+dp/hard\libc_nano.a
LOAD c:/users/vinícius/documents/daisytoolchain-0.3.1/windows/bin/../lib/gcc/arm-none-eabi/10.2.1/../../../../arm-none-eabi/lib/thumb/v7e-m+dp/hard\libnosys.a
END GROUP
START GROUP
LOAD c:/users/vinícius/documents/daisytoolchain-0.3.1/windows/bin/../lib/gcc/arm-none-eabi/10.2.1/thumb/v7e-m+dp/hard\libgcc.a
LOAD c:/users/vinícius/documents/daisytoolchain-0.3.1/windows/bin/../lib/gcc/arm-none-eabi/10.2.1/../../../../arm-none-eabi/lib/thumb/v7e-m+dp/hard\libc_nano.a
LOAD c:/users/vinícius/documents/daisytoolchain-0.3.1/windows/bin/../lib/gcc/arm-none-eabi/10.2.1/../../../../arm-none-eabi/lib/thumb/v7e-m+dp/hard\libnosys.a
END GROUP
LOAD c:/users/vinícius/documents/daisytoolchain-0.3.1/windows/bin/../lib/gcc/arm-none-eabi/10.2.1/thumb/v7e-m+dp/hard/crtend.o
LOAD c:/users/vinícius/documents/daisytoolchain-0.3.1/windows/bin/../lib/gcc/arm-none-eabi/10.2.1/thumb/v7e-m+dp/hard/crtn.o
                0x20020000                _estack = 0x20020000

.isr_vector     0x08000000      0x298
                0x08000000                . = ALIGN (0x4)
 *(.isr_vector)
 .isr_vector    0x08000000      0x298 build/startup_stm32h750xx.o
                0x08000000                g_pfnVectors
                0x08000298                . = ALIGN (0x4)

.text           0x08000298     0x98c0
                0x08000298                . = ALIGN (0x4)
                0x08000298                _stext = .
 *(.text)
 .text          0x08000298       0x40 c:/users/vinícius/documents/daisytoolchain-0.3.1/windows/bin/../lib/gcc/arm-none-eabi/10.2.1/thumb/v7e-m+dp/hard/crtbegin.o
 .text          0x080002d8       0x14 c:/users/vinícius/documents/daisytoolchain-0.3.1/windows/bin/../lib/gcc/arm-none-eabi/10.2.1/../../../../arm-none-eabi/lib/thumb/v7e-m+dp/hard\libc_nano.a(lib_a-strcmp.o)
                0x080002d8                strcmp
 .text          0x080002ec      0x378 c:/users/vinícius/documents/daisytoolchain-0.3.1/windows/bin/../lib/gcc/arm-none-eabi/10.2.1/thumb/v7e-m+dp/hard\libgcc.a(_arm_addsubdf3.o)
                0x080002ec                __aeabi_drsub
                0x080002f4                __aeabi_dsub
                0x080002f4                __subdf3
                0x080002f8                __aeabi_dadd
                0x080002f8                __adddf3
                0x08000570                __floatunsidf
                0x08000570                __aeabi_ui2d
                0x08000590                __floatsidf
                0x08000590                __aeabi_i2d
                0x080005b4                __aeabi_f2d
                0x080005b4                __extendsfdf2
                0x080005f8                __floatundidf
                0x080005f8                __aeabi_ul2d
                0x08000608                __floatdidf
                0x08000608                __aeabi_l2d
 *(.text*)
 .text.Default_Handler
                0x08000664        0x4 build/startup_stm32h750xx.o
                0x08000664                RTC_Alarm_IRQHandler
                0x08000664                HASH_RNG_IRQHandler
                0x08000664                EXTI2_IRQHandler
                0x08000664                TIM8_CC_IRQHandler
                0x08000664                HRTIM1_Master_IRQHandler
                0x08000664                DebugMon_Handler
                0x08000664                UART8_IRQHandler
                0x08000664                SPI4_IRQHandler
                0x08000664                TIM1_CC_IRQHandler
                0x08000664                BDMA_Channel6_IRQHandler
                0x08000664                DMA2_Stream5_IRQHandler
                0x08000664                HRTIM1_FLT_IRQHandler
                0x08000664                JPEG_IRQHandler
                0x08000664                DMA1_Stream5_IRQHandler
                0x08000664                BDMA_Channel1_IRQHandler
                0x08000664                HRTIM1_TIMD_IRQHandler
                0x08000664                TAMP_STAMP_IRQHandler
                0x08000664                PendSV_Handler
                0x08000664                NMI_Handler
                0x08000664                EXTI3_IRQHandler
                0x08000664                LPTIM4_IRQHandler
                0x08000664                TIM8_TRG_COM_TIM14_IRQHandler
                0x08000664                LPTIM2_IRQHandler
                0x08000664                DFSDM1_FLT1_IRQHandler
                0x08000664                DMAMUX2_OVR_IRQHandler
                0x08000664                TIM8_UP_TIM13_IRQHandler
                0x08000664                I2C3_ER_IRQHandler
                0x08000664                DFSDM1_FLT2_IRQHandler
                0x08000664                MDMA_IRQHandler
                0x08000664                LPTIM3_IRQHandler
                0x08000664                HSEM1_IRQHandler
                0x08000664                EXTI0_IRQHandler
                0x08000664                DMA1_Stream2_IRQHandler
                0x08000664                FPU_IRQHandler
                0x08000664                OTG_HS_WKUP_IRQHandler
                0x08000664                FDCAN1_IT1_IRQHandler
                0x08000664                UsageFault_Handler
                0x08000664                LTDC_ER_IRQHandler
                0x08000664                DMA2_Stream2_IRQHandler
                0x08000664                HRTIM1_TIME_IRQHandler
                0x08000664                SPI1_IRQHandler
                0x08000664                TIM6_DAC_IRQHandler
                0x08000664                DCMI_IRQHandler
                0x08000664                HRTIM1_TIMC_IRQHandler
                0x08000664                DMA2_Stream3_IRQHandler
                0x08000664                SAI2_IRQHandler
                0x08000664                DFSDM1_FLT3_IRQHandler
                0x08000664                USART6_IRQHandler
                0x08000664                TIM17_IRQHandler
                0x08000664                USART3_IRQHandler
                0x08000664                CRYP_IRQHandler
                0x08000664                BDMA_Channel7_IRQHandler
                0x08000664                LPTIM5_IRQHandler
                0x08000664                UART5_IRQHandler
                0x08000664                ADC3_IRQHandler
                0x08000664                DMA2_Stream0_IRQHandler
                0x08000664                TIM4_IRQHandler
                0x08000664                BDMA_Channel2_IRQHandler
                0x08000664                DMAMUX1_OVR_IRQHandler
                0x08000664                TIM16_IRQHandler
                0x08000664                UART4_IRQHandler
                0x08000664                BDMA_Channel5_IRQHandler
                0x08000664                TIM3_IRQHandler
                0x08000664                RCC_IRQHandler
                0x08000664                TIM8_BRK_TIM12_IRQHandler
                0x08000664                TIM1_TRG_COM_IRQHandler
                0x08000664                Default_Handler
                0x08000664                ECC_IRQHandler
                0x08000664                CEC_IRQHandler
                0x08000664                EXTI15_10_IRQHandler
                0x08000664                BDMA_Channel0_IRQHandler
                0x08000664                ADC_IRQHandler
                0x08000664                DMA1_Stream7_IRQHandler
                0x08000664                HRTIM1_TIMA_IRQHandler
                0x08000664                SPI5_IRQHandler
                0x08000664                TIM7_IRQHandler
                0x08000664                SDMMC1_IRQHandler
                0x08000664                TIM5_IRQHandler
                0x08000664                DMA2_Stream7_IRQHandler
                0x08000664                TIM15_IRQHandler
                0x08000664                PVD_AVD_IRQHandler
                0x08000664                EXTI9_5_IRQHandler
                0x08000664                RTC_WKUP_IRQHandler
                0x08000664                LTDC_IRQHandler
                0x08000664                SAI3_IRQHandler
                0x08000664                ETH_WKUP_IRQHandler
                0x08000664                SPDIF_RX_IRQHandler
                0x08000664                SPI2_IRQHandler
                0x08000664                OTG_HS_EP1_IN_IRQHandler
                0x08000664                MemManage_Handler
                0x08000664                SVC_Handler
                0x08000664                CRS_IRQHandler
                0x08000664                EXTI4_IRQHandler
                0x08000664                HRTIM1_TIMB_IRQHandler
                0x08000664                FDCAN2_IT1_IRQHandler
                0x08000664                ETH_IRQHandler
                0x08000664                TIM1_UP_IRQHandler
                0x08000664                BDMA_Channel4_IRQHandler
                0x08000664                OTG_HS_EP1_OUT_IRQHandler
                0x08000664                WWDG_IRQHandler
                0x08000664                SPI6_IRQHandler
                0x08000664                I2C4_EV_IRQHandler
                0x08000664                MDIOS_IRQHandler
                0x08000664                FDCAN2_IT0_IRQHandler
                0x08000664                LPUART1_IRQHandler
                0x08000664                FDCAN1_IT0_IRQHandler
                0x08000664                TIM2_IRQHandler
                0x08000664                OTG_FS_WKUP_IRQHandler
                0x08000664                OTG_HS_IRQHandler
                0x08000664                DMA2D_IRQHandler
                0x08000664                TIM1_BRK_IRQHandler
                0x08000664                EXTI1_IRQHandler
                0x08000664                SDMMC2_IRQHandler
                0x08000664                OTG_FS_EP1_OUT_IRQHandler
                0x08000664                BDMA_Channel3_IRQHandler
                0x08000664                UART7_IRQHandler
                0x08000664                MDIOS_WKUP_IRQHandler
                0x08000664                USART2_IRQHandler
                0x08000664                DFSDM1_FLT0_IRQHandler
                0x08000664                SAI4_IRQHandler
                0x08000664                I2C2_ER_IRQHandler
                0x08000664                DMA2_Stream1_IRQHandler
                0x08000664                FLASH_IRQHandler
                0x08000664                DMA2_Stream4_IRQHandler
                0x08000664                BusFault_Handler
                0x08000664                USART1_IRQHandler
                0x08000664                OTG_FS_IRQHandler
                0x08000664                SPI3_IRQHandler
                0x08000664                WAKEUP_PIN_IRQHandler
                0x08000664                OTG_FS_EP1_IN_IRQHandler
                0x08000664                I2C1_ER_IRQHandler
                0x08000664                FMC_IRQHandler
                0x08000664                FDCAN_CAL_IRQHandler
                0x08000664                SWPMI1_IRQHandler
                0x08000664                COMP1_IRQHandler
                0x08000664                LPTIM1_IRQHandler
                0x08000664                I2C4_ER_IRQHandler
                0x08000664                DMA2_Stream6_IRQHandler
                0x08000664                SAI1_IRQHandler
 .text.Reset_Handler
                0x08000668       0x44 build/startup_stm32h750xx.o
                0x08000668                Reset_Handler
 .text._ZN5daisy13SSD130xDriverILj128ELj64ENS_24SSD130x4WireSpiTransportEE4InitENS2_6ConfigE
                0x080006ac      0x2d4 build/globalFunc.o
                0x080006ac                daisy::SSD130xDriver<128u, 64u, daisy::SSD130x4WireSpiTransport>::Init(daisy::SSD130xDriver<128u, 64u, daisy::SSD130x4WireSpiTransport>::Config)
 .text._Z12hardwareInitPN5daisy9DaisySeedEPNS_11OledDisplayINS_13SSD130xDriverILj128ELj64ENS_24SSD130x4WireSpiTransportEEEEE
                0x08000980       0x3c build/globalFunc.o
                0x08000980                hardwareInit(daisy::DaisySeed*, daisy::OledDisplay<daisy::SSD130xDriver<128u, 64u, daisy::SSD130x4WireSpiTransport> >*)
 .text._ZN5daisy11OledDisplayINS_13SSD130xDriverILj128ELj64ENS_24SSD130x4WireSpiTransportEEEE4FillEb
                0x080009bc       0x10 build/menus.o
                0x080009bc                daisy::OledDisplay<daisy::SSD130xDriver<128u, 64u, daisy::SSD130x4WireSpiTransport> >::Fill(bool)
 .text._ZNK5daisy11OledDisplayINS_13SSD130xDriverILj128ELj64ENS_24SSD130x4WireSpiTransportEEEE5WidthEv
                0x080009cc        0x4 build/menus.o
                0x080009cc                daisy::OledDisplay<daisy::SSD130xDriver<128u, 64u, daisy::SSD130x4WireSpiTransport> >::Width() const
 .text._ZNK5daisy11OledDisplayINS_13SSD130xDriverILj128ELj64ENS_24SSD130x4WireSpiTransportEEEE6HeightEv
                0x080009d0        0x4 build/menus.o
                0x080009d0                daisy::OledDisplay<daisy::SSD130xDriver<128u, 64u, daisy::SSD130x4WireSpiTransport> >::Height() const
 .text._ZN5daisy11OledDisplayINS_13SSD130xDriverILj128ELj64ENS_24SSD130x4WireSpiTransportEEEE6UpdateEv
                0x080009d4       0x8c build/menus.o
                0x080009d4                daisy::OledDisplay<daisy::SSD130xDriver<128u, 64u, daisy::SSD130x4WireSpiTransport> >::Update()
 .text._ZN5daisy25OneBitGraphicsDisplayImplINS_11OledDisplayINS_13SSD130xDriverILj128ELj64ENS_24SSD130x4WireSpiTransportEEEEEE8DrawLineEjjjjb
                0x08000a60       0xfc build/menus.o
                0x08000a60                daisy::OneBitGraphicsDisplayImpl<daisy::OledDisplay<daisy::SSD130xDriver<128u, 64u, daisy::SSD130x4WireSpiTransport> > >::DrawLine(unsigned int, unsigned int, unsigned int, unsigned int, bool)
 .text._ZN5daisy25OneBitGraphicsDisplayImplINS_11OledDisplayINS_13SSD130xDriverILj128ELj64ENS_24SSD130x4WireSpiTransportEEEEEE8DrawRectEjjjjbb
                0x08000b5c      0x418 build/menus.o
                0x08000b5c                daisy::OneBitGraphicsDisplayImpl<daisy::OledDisplay<daisy::SSD130xDriver<128u, 64u, daisy::SSD130x4WireSpiTransport> > >::DrawRect(unsigned int, unsigned int, unsigned int, unsigned int, bool, bool)
 *fill*         0x08000f74        0x4 
 .text._ZN5Menus12SplashScreenEPN5daisy11OledDisplayINS0_13SSD130xDriverILj128ELj64ENS0_24SSD130x4WireSpiTransportEEEEE
                0x08000f78     0x11dc build/menus.o
                0x08000f78                Menus::SplashScreen(daisy::OledDisplay<daisy::SSD130xDriver<128u, 64u, daisy::SSD130x4WireSpiTransport> >*)
 .text._ZN5daisy9DaisySeedD2Ev
                0x08002154        0x4 build/metamorphic_project.o
                0x08002154                daisy::DaisySeed::~DaisySeed()
                0x08002154                daisy::DaisySeed::~DaisySeed()
 .text._ZN5daisy11OledDisplayINS_13SSD130xDriverILj128ELj64ENS_24SSD130x4WireSpiTransportEEEED2Ev
                0x08002158        0x4 build/metamorphic_project.o
                0x08002158                daisy::OledDisplay<daisy::SSD130xDriver<128u, 64u, daisy::SSD130x4WireSpiTransport> >::~OledDisplay()
                0x08002158                daisy::OledDisplay<daisy::SSD130xDriver<128u, 64u, daisy::SSD130x4WireSpiTransport> >::~OledDisplay()
 .text._ZN5daisy11OledDisplayINS_13SSD130xDriverILj128ELj64ENS_24SSD130x4WireSpiTransportEEEED0Ev
                0x0800215c       0x10 build/metamorphic_project.o
                0x0800215c                daisy::OledDisplay<daisy::SSD130xDriver<128u, 64u, daisy::SSD130x4WireSpiTransport> >::~OledDisplay()
 .text._ZN5daisy25OneBitGraphicsDisplayImplINS_11OledDisplayINS_13SSD130xDriverILj128ELj64ENS_24SSD130x4WireSpiTransportEEEEEE9WriteCharEc7FontDefb
                0x0800216c      0x1a0 build/metamorphic_project.o
                0x0800216c                daisy::OneBitGraphicsDisplayImpl<daisy::OledDisplay<daisy::SSD130xDriver<128u, 64u, daisy::SSD130x4WireSpiTransport> > >::WriteChar(char, FontDef, bool)
 .text._ZN5daisy25OneBitGraphicsDisplayImplINS_11OledDisplayINS_13SSD130xDriverILj128ELj64ENS_24SSD130x4WireSpiTransportEEEEEE11WriteStringEPKc7FontDefb
                0x0800230c       0x40 build/metamorphic_project.o
                0x0800230c                daisy::OneBitGraphicsDisplayImpl<daisy::OledDisplay<daisy::SSD130xDriver<128u, 64u, daisy::SSD130x4WireSpiTransport> > >::WriteString(char const*, FontDef, bool)
 .text._ZN5daisy11OledDisplayINS_13SSD130xDriverILj128ELj64ENS_24SSD130x4WireSpiTransportEEEE9DrawPixelEjjb
                0x0800234c       0x44 build/metamorphic_project.o
                0x0800234c                daisy::OledDisplay<daisy::SSD130xDriver<128u, 64u, daisy::SSD130x4WireSpiTransport> >::DrawPixel(unsigned int, unsigned int, bool)
 .text._ZN5daisy25OneBitGraphicsDisplayImplINS_11OledDisplayINS_13SSD130xDriverILj128ELj64ENS_24SSD130x4WireSpiTransportEEEEEE7DrawArcEjjjiib
                0x08002390      0x478 build/metamorphic_project.o
                0x08002390                daisy::OneBitGraphicsDisplayImpl<daisy::OledDisplay<daisy::SSD130xDriver<128u, 64u, daisy::SSD130x4WireSpiTransport> > >::DrawArc(unsigned int, unsigned int, unsigned int, int, int, bool)
 .text.startup.main
                0x08002808       0x20 build/metamorphic_project.o
                0x08002808                main
 .text.startup._GLOBAL__sub_I_hw
                0x08002828       0x40 build/metamorphic_project.o
 .text._ZN5daisy9DaisySeed9ConfigureEv
                0x08002868       0x4c ../../libdaisy/build\libdaisy.a(daisy_seed.o)
                0x08002868                daisy::DaisySeed::Configure()
 .text._ZN5daisy9DaisySeed6GetPinEh
                0x080028b4       0x2c ../../libdaisy/build\libdaisy.a(daisy_seed.o)
                0x080028b4                daisy::DaisySeed::GetPin(unsigned char)
 .text._ZN5daisy9DaisySeed14ConfigureAudioEv
                0x080028e0       0x78 ../../libdaisy/build\libdaisy.a(daisy_seed.o)
                0x080028e0                daisy::DaisySeed::ConfigureAudio()
 .text._ZN5daisy9DaisySeed4InitEb
                0x08002958       0x7c ../../libdaisy/build\libdaisy.a(daisy_seed.o)
                0x08002958                daisy::DaisySeed::Init(bool)
 .text._ZN5daisy6Ak45564InitE12dsy_gpio_pin
                0x080029d4       0x44 ../../libdaisy/build\libdaisy.a(codec_ak4556.o)
                0x080029d4                daisy::Ak4556::Init(dsy_gpio_pin)
 .text.dsy_sdram_init
                0x08002a18      0x108 ../../libdaisy/build\libdaisy.a(sdram.o)
                0x08002a18                dsy_sdram_init
 .text.HAL_SDRAM_MspInit
                0x08002b20      0x1d0 ../../libdaisy/build\libdaisy.a(sdram.o)
                0x08002b20                HAL_SDRAM_MspInit
 .text._ZN5daisy11AudioHandle4InitERKNS0_6ConfigENS_9SaiHandleE
                0x08002cf0       0x64 ../../libdaisy/build\libdaisy.a(audio.o)
                0x08002cf0                daisy::AudioHandle::Init(daisy::AudioHandle::Config const&, daisy::SaiHandle)
 .text._ZNK5daisy11AudioHandle9GetConfigEv
                0x08002d54        0x8 ../../libdaisy/build\libdaisy.a(audio.o)
                0x08002d54                daisy::AudioHandle::GetConfig() const
 .text._ZN5daisy11AudioHandle13GetSampleRateEv
                0x08002d5c        0x8 ../../libdaisy/build\libdaisy.a(audio.o)
                0x08002d5c                daisy::AudioHandle::GetSampleRate()
 .text.startup._GLOBAL__sub_I__ZN5daisy11AudioHandle4Impl4InitENS0_6ConfigENS_9SaiHandleE
                0x08002d64       0x10 ../../libdaisy/build\libdaisy.a(audio.o)
 .text.dsy_gpio_init
                0x08002d74      0x1b8 ../../libdaisy/build\libdaisy.a(gpio.o)
                0x08002d74                dsy_gpio_init
 .text.dsy_gpio_write
                0x08002f2c       0x24 ../../libdaisy/build\libdaisy.a(gpio.o)
                0x08002f2c                dsy_gpio_write
 .text.dsy_qspi_init
                0x08002f50      0x388 ../../libdaisy/build\libdaisy.a(qspi.o)
                0x08002f50                dsy_qspi_init
 .text.HAL_QSPI_MspInit
                0x080032d8      0x10c ../../libdaisy/build\libdaisy.a(qspi.o)
                0x080032d8                HAL_QSPI_MspInit
 .text.HAL_QSPI_MspDeInit
                0x080033e4       0x58 ../../libdaisy/build\libdaisy.a(qspi.o)
                0x080033e4                HAL_QSPI_MspDeInit
 .text.QUADSPI_IRQHandler
                0x0800343c        0xc ../../libdaisy/build\libdaisy.a(qspi.o)
                0x0800343c                QUADSPI_IRQHandler
 .text._ZN5daisy9SaiHandle4Impl7InitDmaENS1_15PeripheralBlockE
                0x08003448       0xa0 ../../libdaisy/build\libdaisy.a(sai.o)
                0x08003448                daisy::SaiHandle::Impl::InitDma(daisy::SaiHandle::Impl::PeripheralBlock)
 .text._ZN5daisy9SaiHandle4Impl8InitPinsEv
                0x080034e8       0xa8 ../../libdaisy/build\libdaisy.a(sai.o)
                0x080034e8                daisy::SaiHandle::Impl::InitPins()
 .text.HAL_SAI_MspInit
                0x08003590      0x164 ../../libdaisy/build\libdaisy.a(sai.o)
                0x08003590                HAL_SAI_MspInit
 .text.DMA1_Stream0_IRQHandler
                0x080036f4        0xc ../../libdaisy/build\libdaisy.a(sai.o)
                0x080036f4                DMA1_Stream0_IRQHandler
 .text.DMA1_Stream1_IRQHandler
                0x08003700        0xc ../../libdaisy/build\libdaisy.a(sai.o)
                0x08003700                DMA1_Stream1_IRQHandler
 .text.DMA1_Stream3_IRQHandler
                0x0800370c        0xc ../../libdaisy/build\libdaisy.a(sai.o)
                0x0800370c                DMA1_Stream3_IRQHandler
 .text.DMA1_Stream4_IRQHandler
                0x08003718        0xc ../../libdaisy/build\libdaisy.a(sai.o)
                0x08003718                DMA1_Stream4_IRQHandler
 *fill*         0x08003724        0x4 
 .text._ZN5daisy9SaiHandle4InitERKNS0_6ConfigE
                0x08003728      0x1f0 ../../libdaisy/build\libdaisy.a(sai.o)
                0x08003728                daisy::SaiHandle::Init(daisy::SaiHandle::Config const&)
 .text._ZNK5daisy9SaiHandle9GetConfigEv
                0x08003918        0x4 ../../libdaisy/build\libdaisy.a(sai.o)
                0x08003918                daisy::SaiHandle::GetConfig() const
 .text._ZN5daisy9SaiHandle13GetSampleRateEv
                0x0800391c       0x24 ../../libdaisy/build\libdaisy.a(sai.o)
                0x0800391c                daisy::SaiHandle::GetSampleRate()
 .text._ZN5daisy9SpiHandle4Impl8InitPinsEv
                0x08003940      0x274 ../../libdaisy/build\libdaisy.a(spi.o)
                0x08003940                daisy::SpiHandle::Impl::InitPins()
 .text.HAL_SPI_MspInit
                0x08003bb4      0x154 ../../libdaisy/build\libdaisy.a(spi.o)
                0x08003bb4                HAL_SPI_MspInit
 .text._ZN5daisy9SpiHandle4InitERKNS0_6ConfigE
                0x08003d08      0x104 ../../libdaisy/build\libdaisy.a(spi.o)
                0x08003d08                daisy::SpiHandle::Init(daisy::SpiHandle::Config const&)
 .text._ZN5daisy9SpiHandle16BlockingTransmitEPhjm
                0x08003e0c       0x14 ../../libdaisy/build\libdaisy.a(spi.o)
                0x08003e0c                daisy::SpiHandle::BlockingTransmit(unsigned char*, unsigned int, unsigned long)
 .text.startup._GLOBAL__sub_I__Z19MapInstanceToHandleP11SPI_TypeDef
                0x08003e20      0x168 ../../libdaisy/build\libdaisy.a(spi.o)
 .text._ZN5daisy11TimerHandleD2Ev
                0x08003f88        0x4 ../../libdaisy/build\libdaisy.a(system.o)
                0x08003f88                daisy::TimerHandle::~TimerHandle()
                0x08003f88                daisy::TimerHandle::~TimerHandle()
 .text.SysTick_Handler
                0x08003f8c       0x10 ../../libdaisy/build\libdaisy.a(system.o)
                0x08003f8c                SysTick_Handler
 .text.HardFault_Handler
                0x08003f9c        0x4 ../../libdaisy/build\libdaisy.a(system.o)
                0x08003f9c                HardFault_Handler
 .text._ZN5daisy6System5DelayEm
                0x08003fa0        0x4 ../../libdaisy/build\libdaisy.a(system.o)
                0x08003fa0                daisy::System::Delay(unsigned long)
 .text._ZN5daisy6System15ConfigureClocksEv
                0x08003fa4      0x194 ../../libdaisy/build\libdaisy.a(system.o)
                0x08003fa4                daisy::System::ConfigureClocks()
 .text._ZN5daisy6System4InitERKNS0_6ConfigE
                0x08004138      0x11c ../../libdaisy/build\libdaisy.a(system.o)
                0x08004138                daisy::System::Init(daisy::System::Config const&)
 .text.startup._GLOBAL__sub_I_SysTick_Handler
                0x08004254       0x1c ../../libdaisy/build\libdaisy.a(system.o)
 .text.SystemInit
                0x08004270       0x84 ../../libdaisy/build\libdaisy.a(system_stm32h7xx.o)
                0x08004270                SystemInit
 .text.dsy_hal_map_get_port
                0x080042f4       0x10 ../../libdaisy/build\libdaisy.a(hal_map.o)
                0x080042f4                dsy_hal_map_get_port
 .text.dsy_hal_map_get_pin
                0x08004304       0x10 ../../libdaisy/build\libdaisy.a(hal_map.o)
                0x08004304                dsy_hal_map_get_pin
 .text.dsy_hal_map_gpio_clk_enable
                0x08004314      0x150 ../../libdaisy/build\libdaisy.a(hal_map.o)
                0x08004314                dsy_hal_map_gpio_clk_enable
 .text.HAL_MspInit
                0x08004464        0x4 ../../libdaisy/build\libdaisy.a(stm32h7xx_hal.o)
                0x08004464                HAL_MspInit
 .text.HAL_InitTick
                0x08004468       0x4c ../../libdaisy/build\libdaisy.a(stm32h7xx_hal.o)
                0x08004468                HAL_InitTick
 .text.HAL_Init
                0x080044b4       0x60 ../../libdaisy/build\libdaisy.a(stm32h7xx_hal.o)
                0x080044b4                HAL_Init
 .text.HAL_IncTick
                0x08004514       0x18 ../../libdaisy/build\libdaisy.a(stm32h7xx_hal.o)
                0x08004514                HAL_IncTick
 .text.HAL_GetTick
                0x0800452c        0xc ../../libdaisy/build\libdaisy.a(stm32h7xx_hal.o)
                0x0800452c                HAL_GetTick
 .text.HAL_Delay
                0x08004538       0x24 ../../libdaisy/build\libdaisy.a(stm32h7xx_hal.o)
                0x08004538                HAL_Delay
 .text.HAL_GetREVID
                0x0800455c        0xc ../../libdaisy/build\libdaisy.a(stm32h7xx_hal.o)
                0x0800455c                HAL_GetREVID
 .text.HAL_NVIC_SetPriorityGrouping
                0x08004568       0x24 ../../libdaisy/build\libdaisy.a(stm32h7xx_hal_cortex.o)
                0x08004568                HAL_NVIC_SetPriorityGrouping
 .text.HAL_NVIC_SetPriority
                0x0800458c       0x7c ../../libdaisy/build\libdaisy.a(stm32h7xx_hal_cortex.o)
                0x0800458c                HAL_NVIC_SetPriority
 .text.HAL_NVIC_EnableIRQ
                0x08004608       0x1c ../../libdaisy/build\libdaisy.a(stm32h7xx_hal_cortex.o)
                0x08004608                HAL_NVIC_EnableIRQ
 .text.HAL_NVIC_DisableIRQ
                0x08004624       0x28 ../../libdaisy/build\libdaisy.a(stm32h7xx_hal_cortex.o)
                0x08004624                HAL_NVIC_DisableIRQ
 .text.HAL_SYSTICK_Config
                0x0800464c       0x2c ../../libdaisy/build\libdaisy.a(stm32h7xx_hal_cortex.o)
                0x0800464c                HAL_SYSTICK_Config
 .text.HAL_MPU_Disable
                0x08004678       0x1c ../../libdaisy/build\libdaisy.a(stm32h7xx_hal_cortex.o)
                0x08004678                HAL_MPU_Disable
 .text.HAL_MPU_Enable
                0x08004694       0x20 ../../libdaisy/build\libdaisy.a(stm32h7xx_hal_cortex.o)
                0x08004694                HAL_MPU_Enable
 .text.HAL_MPU_ConfigRegion
                0x080046b4       0x64 ../../libdaisy/build\libdaisy.a(stm32h7xx_hal_cortex.o)
                0x080046b4                HAL_MPU_ConfigRegion
 .text.HAL_SYSTICK_Callback
                0x08004718        0x4 ../../libdaisy/build\libdaisy.a(stm32h7xx_hal_cortex.o)
                0x08004718                HAL_SYSTICK_Callback
 .text.HAL_SYSTICK_IRQHandler
                0x0800471c        0x8 ../../libdaisy/build\libdaisy.a(stm32h7xx_hal_cortex.o)
                0x0800471c                HAL_SYSTICK_IRQHandler
 .text.DMA_CalcBaseAndBitshift
                0x08004724       0xf4 ../../libdaisy/build\libdaisy.a(stm32h7xx_hal_dma.o)
 .text.DMA_CalcDMAMUXChannelBaseAndMask
                0x08004818       0xd8 ../../libdaisy/build\libdaisy.a(stm32h7xx_hal_dma.o)
 .text.HAL_DMA_Init
                0x080048f0      0x37c ../../libdaisy/build\libdaisy.a(stm32h7xx_hal_dma.o)
                0x080048f0                HAL_DMA_Init
 .text.HAL_DMA_IRQHandler
                0x08004c6c      0x6a0 ../../libdaisy/build\libdaisy.a(stm32h7xx_hal_dma.o)
                0x08004c6c                HAL_DMA_IRQHandler
 .text.HAL_GPIO_Init
                0x0800530c      0x280 ../../libdaisy/build\libdaisy.a(stm32h7xx_hal_gpio.o)
                0x0800530c                HAL_GPIO_Init
 .text.HAL_GPIO_DeInit
                0x0800558c      0x190 ../../libdaisy/build\libdaisy.a(stm32h7xx_hal_gpio.o)
                0x0800558c                HAL_GPIO_DeInit
 .text.HAL_GPIO_WritePin
                0x0800571c        0x8 ../../libdaisy/build\libdaisy.a(stm32h7xx_hal_gpio.o)
                0x0800571c                HAL_GPIO_WritePin
 .text.HAL_PWREx_ConfigSupply
                0x08005724       0x4c ../../libdaisy/build\libdaisy.a(stm32h7xx_hal_pwr_ex.o)
                0x08005724                HAL_PWREx_ConfigSupply
 .text.HAL_PWREx_EnableUSBVoltageDetector
                0x08005770       0x10 ../../libdaisy/build\libdaisy.a(stm32h7xx_hal_pwr_ex.o)
                0x08005770                HAL_PWREx_EnableUSBVoltageDetector
 .text.QSPI_Config
                0x08005780      0x174 ../../libdaisy/build\libdaisy.a(stm32h7xx_hal_qspi.o)
 .text.HAL_QSPI_Init
                0x080058f4       0xd8 ../../libdaisy/build\libdaisy.a(stm32h7xx_hal_qspi.o)
                0x080058f4                HAL_QSPI_Init
 .text.HAL_QSPI_DeInit
                0x080059cc       0x3c ../../libdaisy/build\libdaisy.a(stm32h7xx_hal_qspi.o)
                0x080059cc                HAL_QSPI_DeInit
 .text.HAL_QSPI_Command
                0x08005a08       0xd4 ../../libdaisy/build\libdaisy.a(stm32h7xx_hal_qspi.o)
                0x08005a08                HAL_QSPI_Command
 .text.HAL_QSPI_Transmit
                0x08005adc       0xfc ../../libdaisy/build\libdaisy.a(stm32h7xx_hal_qspi.o)
                0x08005adc                HAL_QSPI_Transmit
 .text.HAL_QSPI_Receive
                0x08005bd8      0x108 ../../libdaisy/build\libdaisy.a(stm32h7xx_hal_qspi.o)
                0x08005bd8                HAL_QSPI_Receive
 .text.HAL_QSPI_AutoPolling
                0x08005ce0       0xf0 ../../libdaisy/build\libdaisy.a(stm32h7xx_hal_qspi.o)
                0x08005ce0                HAL_QSPI_AutoPolling
 .text.HAL_QSPI_MemoryMapped
                0x08005dd0       0xc0 ../../libdaisy/build\libdaisy.a(stm32h7xx_hal_qspi.o)
                0x08005dd0                HAL_QSPI_MemoryMapped
 .text.HAL_QSPI_ErrorCallback
                0x08005e90        0x4 ../../libdaisy/build\libdaisy.a(stm32h7xx_hal_qspi.o)
                0x08005e90                HAL_QSPI_ErrorCallback
 .text.QSPI_DMAAbortCplt
                0x08005e94       0x38 ../../libdaisy/build\libdaisy.a(stm32h7xx_hal_qspi.o)
 .text.HAL_QSPI_AbortCpltCallback
                0x08005ecc        0x4 ../../libdaisy/build\libdaisy.a(stm32h7xx_hal_qspi.o)
                0x08005ecc                HAL_QSPI_AbortCpltCallback
 .text.HAL_QSPI_CmdCpltCallback
                0x08005ed0        0x4 ../../libdaisy/build\libdaisy.a(stm32h7xx_hal_qspi.o)
                0x08005ed0                HAL_QSPI_CmdCpltCallback
 .text.HAL_QSPI_RxCpltCallback
                0x08005ed4        0x4 ../../libdaisy/build\libdaisy.a(stm32h7xx_hal_qspi.o)
                0x08005ed4                HAL_QSPI_RxCpltCallback
 .text.HAL_QSPI_TxCpltCallback
                0x08005ed8        0x4 ../../libdaisy/build\libdaisy.a(stm32h7xx_hal_qspi.o)
                0x08005ed8                HAL_QSPI_TxCpltCallback
 .text.HAL_QSPI_FifoThresholdCallback
                0x08005edc        0x4 ../../libdaisy/build\libdaisy.a(stm32h7xx_hal_qspi.o)
                0x08005edc                HAL_QSPI_FifoThresholdCallback
 .text.HAL_QSPI_StatusMatchCallback
                0x08005ee0        0x4 ../../libdaisy/build\libdaisy.a(stm32h7xx_hal_qspi.o)
                0x08005ee0                HAL_QSPI_StatusMatchCallback
 .text.HAL_QSPI_TimeOutCallback
                0x08005ee4        0x4 ../../libdaisy/build\libdaisy.a(stm32h7xx_hal_qspi.o)
                0x08005ee4                HAL_QSPI_TimeOutCallback
 .text.HAL_QSPI_IRQHandler
                0x08005ee8      0x210 ../../libdaisy/build\libdaisy.a(stm32h7xx_hal_qspi.o)
                0x08005ee8                HAL_QSPI_IRQHandler
 .text.HAL_RCC_OscConfig
                0x080060f8      0x51c ../../libdaisy/build\libdaisy.a(stm32h7xx_hal_rcc.o)
                0x080060f8                HAL_RCC_OscConfig
 .text.HAL_RCC_GetSysClockFreq
                0x08006614      0x140 ../../libdaisy/build\libdaisy.a(stm32h7xx_hal_rcc.o)
                0x08006614                HAL_RCC_GetSysClockFreq
 .text.HAL_RCC_ClockConfig
                0x08006754      0x234 ../../libdaisy/build\libdaisy.a(stm32h7xx_hal_rcc.o)
                0x08006754                HAL_RCC_ClockConfig
 .text.RCCEx_PLL2_Config
                0x08006988       0xf4 ../../libdaisy/build\libdaisy.a(stm32h7xx_hal_rcc_ex.o)
 .text.RCCEx_PLL3_Config
                0x08006a7c       0xf4 ../../libdaisy/build\libdaisy.a(stm32h7xx_hal_rcc_ex.o)
 .text.HAL_RCCEx_PeriphCLKConfig
                0x08006b70      0xa7c ../../libdaisy/build\libdaisy.a(stm32h7xx_hal_rcc_ex.o)
                0x08006b70                HAL_RCCEx_PeriphCLKConfig
 .text.HAL_RCCEx_GetPLL2ClockFreq
                0x080075ec      0x17c ../../libdaisy/build\libdaisy.a(stm32h7xx_hal_rcc_ex.o)
                0x080075ec                HAL_RCCEx_GetPLL2ClockFreq
 .text.HAL_RCCEx_GetPLL3ClockFreq
                0x08007768      0x17c ../../libdaisy/build\libdaisy.a(stm32h7xx_hal_rcc_ex.o)
                0x08007768                HAL_RCCEx_GetPLL3ClockFreq
 .text.HAL_RCCEx_GetPLL1ClockFreq
                0x080078e4      0x17c ../../libdaisy/build\libdaisy.a(stm32h7xx_hal_rcc_ex.o)
                0x080078e4                HAL_RCCEx_GetPLL1ClockFreq
 .text.HAL_RCCEx_GetPeriphCLKFreq
                0x08007a60      0x198 ../../libdaisy/build\libdaisy.a(stm32h7xx_hal_rcc_ex.o)
                0x08007a60                HAL_RCCEx_GetPeriphCLKFreq
 .text.HAL_SAI_Init.part.0
                0x08007bf8      0x348 ../../libdaisy/build\libdaisy.a(stm32h7xx_hal_sai.o)
 .text.HAL_SAI_InitProtocol
                0x08007f40      0x178 ../../libdaisy/build\libdaisy.a(stm32h7xx_hal_sai.o)
                0x08007f40                HAL_SAI_InitProtocol
 .text.HAL_SDRAM_Init
                0x080080b8       0x54 ../../libdaisy/build\libdaisy.a(stm32h7xx_hal_sdram.o)
                0x080080b8                HAL_SDRAM_Init
 .text.HAL_SDRAM_SendCommand
                0x0800810c       0x40 ../../libdaisy/build\libdaisy.a(stm32h7xx_hal_sdram.o)
                0x0800810c                HAL_SDRAM_SendCommand
 .text.HAL_SDRAM_ProgramRefreshRate
                0x0800814c       0x30 ../../libdaisy/build\libdaisy.a(stm32h7xx_hal_sdram.o)
                0x0800814c                HAL_SDRAM_ProgramRefreshRate
 .text.SPI_CloseTransfer
                0x0800817c       0xb8 ../../libdaisy/build\libdaisy.a(stm32h7xx_hal_spi.o)
 .text.HAL_SPI_Init
                0x08008234      0x15c ../../libdaisy/build\libdaisy.a(stm32h7xx_hal_spi.o)
                0x08008234                HAL_SPI_Init
 .text.HAL_SPI_Transmit
                0x08008390      0x314 ../../libdaisy/build\libdaisy.a(stm32h7xx_hal_spi.o)
                0x08008390                HAL_SPI_Transmit
 .text.FMC_SDRAM_Init
                0x080086a4       0x7c ../../libdaisy/build\libdaisy.a(stm32h7xx_ll_fmc.o)
                0x080086a4                FMC_SDRAM_Init
 .text.FMC_SDRAM_Timing_Init
                0x08008720       0x98 ../../libdaisy/build\libdaisy.a(stm32h7xx_ll_fmc.o)
                0x08008720                FMC_SDRAM_Timing_Init
 .text.FMC_SDRAM_SendCommand
                0x080087b8       0x28 ../../libdaisy/build\libdaisy.a(stm32h7xx_ll_fmc.o)
                0x080087b8                FMC_SDRAM_SendCommand
 .text.FMC_SDRAM_ProgramRefreshRate
                0x080087e0       0x1c ../../libdaisy/build\libdaisy.a(stm32h7xx_ll_fmc.o)
                0x080087e0                FMC_SDRAM_ProgramRefreshRate
 .text.dsy_i2c_global_init
                0x080087fc       0x78 ../../libdaisy/build\libdaisy.a(i2c.o)
                0x080087fc                dsy_i2c_global_init
 .text.DMA1_Stream6_IRQHandler
                0x08008874       0x34 ../../libdaisy/build\libdaisy.a(i2c.o)
                0x08008874                DMA1_Stream6_IRQHandler
 .text.I2C1_EV_IRQHandler
                0x080088a8        0xc ../../libdaisy/build\libdaisy.a(i2c.o)
                0x080088a8                I2C1_EV_IRQHandler
 .text.I2C2_EV_IRQHandler
                0x080088b4        0xc ../../libdaisy/build\libdaisy.a(i2c.o)
                0x080088b4                I2C2_EV_IRQHandler
 .text.I2C3_EV_IRQHandler
                0x080088c0        0xc ../../libdaisy/build\libdaisy.a(i2c.o)
                0x080088c0                I2C3_EV_IRQHandler
 .text.startup._GLOBAL__sub_I__ZN5daisy9I2CHandle4Impl10GlobalInitEv
                0x080088cc       0x18 ../../libdaisy/build\libdaisy.a(i2c.o)
 .text.HAL_TIM_Base_MspInit
                0x080088e4       0xcc ../../libdaisy/build\libdaisy.a(tim.o)
                0x080088e4                HAL_TIM_Base_MspInit
 .text._ZN5daisy11TimerHandle4InitERKNS0_6ConfigE
                0x080089b0       0xc4 ../../libdaisy/build\libdaisy.a(tim.o)
                0x080089b0                daisy::TimerHandle::Init(daisy::TimerHandle::Config const&)
 .text._ZN5daisy11TimerHandle5StartEv
                0x08008a74       0x14 ../../libdaisy/build\libdaisy.a(tim.o)
                0x08008a74                daisy::TimerHandle::Start()
 .text.dsy_dma_init
                0x08008a88       0xd0 ../../libdaisy/build\libdaisy.a(dma.o)
                0x08008a88                dsy_dma_init
 .text.HAL_I2C_EV_IRQHandler
                0x08008b58       0x10 ../../libdaisy/build\libdaisy.a(stm32h7xx_hal_i2c.o)
                0x08008b58                HAL_I2C_EV_IRQHandler
 .text.HAL_MDMA_Abort_IT
                0x08008b68       0x2c ../../libdaisy/build\libdaisy.a(stm32h7xx_hal_mdma.o)
                0x08008b68                HAL_MDMA_Abort_IT
 .text.HAL_TIM_Base_Init
                0x08008b94      0x140 ../../libdaisy/build\libdaisy.a(stm32h7xx_hal_tim.o)
                0x08008b94                HAL_TIM_Base_Init
 .text.HAL_TIM_Base_Start
                0x08008cd4       0x34 ../../libdaisy/build\libdaisy.a(stm32h7xx_hal_tim.o)
                0x08008cd4                HAL_TIM_Base_Start
 .text.HAL_TIM_ConfigClockSource
                0x08008d08      0x17c ../../libdaisy/build\libdaisy.a(stm32h7xx_hal_tim.o)
                0x08008d08                HAL_TIM_ConfigClockSource
 .text.HAL_TIMEx_MasterConfigSynchronization
                0x08008e84       0x64 ../../libdaisy/build\libdaisy.a(stm32h7xx_hal_tim_ex.o)
                0x08008e84                HAL_TIMEx_MasterConfigSynchronization
 .text.__aeabi_atexit
                0x08008ee8        0xa c:/users/vinícius/documents/daisytoolchain-0.3.1/windows/bin/../lib/gcc/arm-none-eabi/10.2.1/../../../../arm-none-eabi/lib/thumb/v7e-m+dp/hard\libstdc++_nano.a(atexit_arm.o)
                0x08008ee8                __aeabi_atexit
 .text._ZNK10__cxxabiv117__class_type_info11__do_upcastEPKS0_PPv
                0x08008ef2       0x32 c:/users/vinícius/documents/daisytoolchain-0.3.1/windows/bin/../lib/gcc/arm-none-eabi/10.2.1/../../../../arm-none-eabi/lib/thumb/v7e-m+dp/hard\libstdc++_nano.a(class_type_info.o)
                0x08008ef2                __cxxabiv1::__class_type_info::__do_upcast(__cxxabiv1::__class_type_info const*, void**) const
 .text._ZNK10__cxxabiv117__class_type_info20__do_find_public_srcEiPKvPKS0_S2_
                0x08008f24        0xc c:/users/vinícius/documents/daisytoolchain-0.3.1/windows/bin/../lib/gcc/arm-none-eabi/10.2.1/../../../../arm-none-eabi/lib/thumb/v7e-m+dp/hard\libstdc++_nano.a(class_type_info.o)
                0x08008f24                __cxxabiv1::__class_type_info::__do_find_public_src(int, void const*, __cxxabiv1::__class_type_info const*, void const*) const
 .text._ZN10__cxxabiv117__class_type_infoD2Ev
                0x08008f30       0x14 c:/users/vinícius/documents/daisytoolchain-0.3.1/windows/bin/../lib/gcc/arm-none-eabi/10.2.1/../../../../arm-none-eabi/lib/thumb/v7e-m+dp/hard\libstdc++_nano.a(class_type_info.o)
                0x08008f30                __cxxabiv1::__class_type_info::~__class_type_info()
                0x08008f30                __cxxabiv1::__class_type_info::~__class_type_info()
 .text._ZN10__cxxabiv117__class_type_infoD0Ev
                0x08008f44       0x14 c:/users/vinícius/documents/daisytoolchain-0.3.1/windows/bin/../lib/gcc/arm-none-eabi/10.2.1/../../../../arm-none-eabi/lib/thumb/v7e-m+dp/hard\libstdc++_nano.a(class_type_info.o)
                0x08008f44                __cxxabiv1::__class_type_info::~__class_type_info()
 .text._ZNK10__cxxabiv117__class_type_info12__do_dyncastEiNS0_10__sub_kindEPKS0_PKvS3_S5_RNS0_16__dyncast_resultE
                0x08008f58       0x3e c:/users/vinícius/documents/daisytoolchain-0.3.1/windows/bin/../lib/gcc/arm-none-eabi/10.2.1/../../../../arm-none-eabi/lib/thumb/v7e-m+dp/hard\libstdc++_nano.a(class_type_info.o)
                0x08008f58                __cxxabiv1::__class_type_info::__do_dyncast(int, __cxxabiv1::__class_type_info::__sub_kind, __cxxabiv1::__class_type_info const*, void const*, __cxxabiv1::__class_type_info const*, void const*, __cxxabiv1::__class_type_info::__dyncast_result&) const
 .text._ZNK10__cxxabiv117__class_type_info11__do_upcastEPKS0_PKvRNS0_15__upcast_resultE
                0x08008f96       0x18 c:/users/vinícius/documents/daisytoolchain-0.3.1/windows/bin/../lib/gcc/arm-none-eabi/10.2.1/../../../../arm-none-eabi/lib/thumb/v7e-m+dp/hard\libstdc++_nano.a(class_type_info.o)
                0x08008f96                __cxxabiv1::__class_type_info::__do_upcast(__cxxabiv1::__class_type_info const*, void const*, __cxxabiv1::__class_type_info::__upcast_result&) const
 .text._ZNK10__cxxabiv117__class_type_info10__do_catchEPKSt9type_infoPPvj
                0x08008fae       0x2a c:/users/vinícius/documents/daisytoolchain-0.3.1/windows/bin/../lib/gcc/arm-none-eabi/10.2.1/../../../../arm-none-eabi/lib/thumb/v7e-m+dp/hard\libstdc++_nano.a(class_type_info.o)
                0x08008fae                __cxxabiv1::__class_type_info::__do_catch(std::type_info const*, void**, unsigned int) const
 .text._ZdlPvj  0x08008fd8        0x4 c:/users/vinícius/documents/daisytoolchain-0.3.1/windows/bin/../lib/gcc/arm-none-eabi/10.2.1/../../../../arm-none-eabi/lib/thumb/v7e-m+dp/hard\libstdc++_nano.a(del_ops.o)
                0x08008fd8                operator delete(void*, unsigned int)
 .text._ZN10__cxxabiv120__si_class_type_infoD2Ev
                0x08008fdc       0x14 c:/users/vinícius/documents/daisytoolchain-0.3.1/windows/bin/../lib/gcc/arm-none-eabi/10.2.1/../../../../arm-none-eabi/lib/thumb/v7e-m+dp/hard\libstdc++_nano.a(si_class_type_info.o)
                0x08008fdc                __cxxabiv1::__si_class_type_info::~__si_class_type_info()
                0x08008fdc                __cxxabiv1::__si_class_type_info::~__si_class_type_info()
 .text._ZN10__cxxabiv120__si_class_type_infoD0Ev
                0x08008ff0       0x14 c:/users/vinícius/documents/daisytoolchain-0.3.1/windows/bin/../lib/gcc/arm-none-eabi/10.2.1/../../../../arm-none-eabi/lib/thumb/v7e-m+dp/hard\libstdc++_nano.a(si_class_type_info.o)
                0x08008ff0                __cxxabiv1::__si_class_type_info::~__si_class_type_info()
 .text._ZNK10__cxxabiv120__si_class_type_info20__do_find_public_srcEiPKvPKNS_17__class_type_infoES2_
                0x08009004       0x38 c:/users/vinícius/documents/daisytoolchain-0.3.1/windows/bin/../lib/gcc/arm-none-eabi/10.2.1/../../../../arm-none-eabi/lib/thumb/v7e-m+dp/hard\libstdc++_nano.a(si_class_type_info.o)
                0x08009004                __cxxabiv1::__si_class_type_info::__do_find_public_src(int, void const*, __cxxabiv1::__class_type_info const*, void const*) const
 .text._ZNK10__cxxabiv120__si_class_type_info12__do_dyncastEiNS_17__class_type_info10__sub_kindEPKS1_PKvS4_S6_RNS1_16__dyncast_resultE
                0x0800903c       0x74 c:/users/vinícius/documents/daisytoolchain-0.3.1/windows/bin/../lib/gcc/arm-none-eabi/10.2.1/../../../../arm-none-eabi/lib/thumb/v7e-m+dp/hard\libstdc++_nano.a(si_class_type_info.o)
                0x0800903c                __cxxabiv1::__si_class_type_info::__do_dyncast(int, __cxxabiv1::__class_type_info::__sub_kind, __cxxabiv1::__class_type_info const*, void const*, __cxxabiv1::__class_type_info const*, void const*, __cxxabiv1::__class_type_info::__dyncast_result&) const
 .text._ZNK10__cxxabiv120__si_class_type_info11__do_upcastEPKNS_17__class_type_infoEPKvRNS1_15__upcast_resultE
                0x080090b0       0x2a c:/users/vinícius/documents/daisytoolchain-0.3.1/windows/bin/../lib/gcc/arm-none-eabi/10.2.1/../../../../arm-none-eabi/lib/thumb/v7e-m+dp/hard\libstdc++_nano.a(si_class_type_info.o)
                0x080090b0                __cxxabiv1::__si_class_type_info::__do_upcast(__cxxabiv1::__class_type_info const*, void const*, __cxxabiv1::__class_type_info::__upcast_result&) const
 .text._ZNSt9type_infoD2Ev
                0x080090da        0x2 c:/users/vinícius/documents/daisytoolchain-0.3.1/windows/bin/../lib/gcc/arm-none-eabi/10.2.1/../../../../arm-none-eabi/lib/thumb/v7e-m+dp/hard\libstdc++_nano.a(tinfo.o)
                0x080090da                std::type_info::~type_info()
                0x080090da                std::type_info::~type_info()
 .text._ZNKSt9type_info14__is_pointer_pEv
                0x080090dc        0x4 c:/users/vinícius/documents/daisytoolchain-0.3.1/windows/bin/../lib/gcc/arm-none-eabi/10.2.1/../../../../arm-none-eabi/lib/thumb/v7e-m+dp/hard\libstdc++_nano.a(tinfo.o)
                0x080090dc                std::type_info::__is_pointer_p() const
                0x080090dc                std::type_info::__is_function_p() const
 .text._ZNKSt9type_infoeqERKS_
                0x080090e0       0x2c c:/users/vinícius/documents/daisytoolchain-0.3.1/windows/bin/../lib/gcc/arm-none-eabi/10.2.1/../../../../arm-none-eabi/lib/thumb/v7e-m+dp/hard\libstdc++_nano.a(tinfo.o)
                0x080090e0                std::type_info::operator==(std::type_info const&) const
 .text._ZdlPv   0x0800910c        0x4 c:/users/vinícius/documents/daisytoolchain-0.3.1/windows/bin/../lib/gcc/arm-none-eabi/10.2.1/../../../../arm-none-eabi/lib/thumb/v7e-m+dp/hard\libstdc++_nano.a(del_op.o)
                0x0800910c                operator delete(void*)
 .text.cosf     0x08009110      0x1bc c:/users/vinícius/documents/daisytoolchain-0.3.1/windows/bin/../lib/gcc/arm-none-eabi/10.2.1/../../../../arm-none-eabi/lib/thumb/v7e-m+dp/hard\libm.a(lib_a-cosf.o)
                0x08009110                cosf
 .text.with_errnof
                0x080092cc       0x18 c:/users/vinícius/documents/daisytoolchain-0.3.1/windows/bin/../lib/gcc/arm-none-eabi/10.2.1/../../../../arm-none-eabi/lib/thumb/v7e-m+dp/hard\libm.a(lib_a-math_errf.o)
 .text.__math_invalidf
                0x080092e4       0x20 c:/users/vinícius/documents/daisytoolchain-0.3.1/windows/bin/../lib/gcc/arm-none-eabi/10.2.1/../../../../arm-none-eabi/lib/thumb/v7e-m+dp/hard\libm.a(lib_a-math_errf.o)
                0x080092e4                __math_invalidf
 *fill*         0x08009304        0x4 
 .text.sinf     0x08009308      0x20c c:/users/vinícius/documents/daisytoolchain-0.3.1/windows/bin/../lib/gcc/arm-none-eabi/10.2.1/../../../../arm-none-eabi/lib/thumb/v7e-m+dp/hard\libm.a(lib_a-sinf.o)
                0x08009308                sinf
 .text.__cxa_atexit
                0x08009514       0x1c c:/users/vinícius/documents/daisytoolchain-0.3.1/windows/bin/../lib/gcc/arm-none-eabi/10.2.1/../../../../arm-none-eabi/lib/thumb/v7e-m+dp/hard\libc_nano.a(lib_a-cxa_atexit.o)
                0x08009514                __cxa_atexit
 .text.__errno  0x08009530        0xc c:/users/vinícius/documents/daisytoolchain-0.3.1/windows/bin/../lib/gcc/arm-none-eabi/10.2.1/../../../../arm-none-eabi/lib/thumb/v7e-m+dp/hard\libc_nano.a(lib_a-errno.o)
                0x08009530                __errno
 .text.__libc_init_array
                0x0800953c       0x48 c:/users/vinícius/documents/daisytoolchain-0.3.1/windows/bin/../lib/gcc/arm-none-eabi/10.2.1/../../../../arm-none-eabi/lib/thumb/v7e-m+dp/hard\libc_nano.a(lib_a-init.o)
                0x0800953c                __libc_init_array
 .text.free     0x08009584       0x10 c:/users/vinícius/documents/daisytoolchain-0.3.1/windows/bin/../lib/gcc/arm-none-eabi/10.2.1/../../../../arm-none-eabi/lib/thumb/v7e-m+dp/hard\libc_nano.a(lib_a-malloc.o)
                0x08009584                free
 .text.memcpy   0x08009594       0x1c c:/users/vinícius/documents/daisytoolchain-0.3.1/windows/bin/../lib/gcc/arm-none-eabi/10.2.1/../../../../arm-none-eabi/lib/thumb/v7e-m+dp/hard\libc_nano.a(lib_a-memcpy-stub.o)
                0x08009594                memcpy
 .text.memset   0x080095b0       0x10 c:/users/vinícius/documents/daisytoolchain-0.3.1/windows/bin/../lib/gcc/arm-none-eabi/10.2.1/../../../../arm-none-eabi/lib/thumb/v7e-m+dp/hard\libc_nano.a(lib_a-memset.o)
                0x080095b0                memset
 .text._free_r  0x080095c0       0x98 c:/users/vinícius/documents/daisytoolchain-0.3.1/windows/bin/../lib/gcc/arm-none-eabi/10.2.1/../../../../arm-none-eabi/lib/thumb/v7e-m+dp/hard\libc_nano.a(lib_a-nano-freer.o)
                0x080095c0                _free_r
 .text.__malloc_lock
                0x08009658        0xc c:/users/vinícius/documents/daisytoolchain-0.3.1/windows/bin/../lib/gcc/arm-none-eabi/10.2.1/../../../../arm-none-eabi/lib/thumb/v7e-m+dp/hard\libc_nano.a(lib_a-mlock.o)
                0x08009658                __malloc_lock
 .text.__malloc_unlock
                0x08009664        0xc c:/users/vinícius/documents/daisytoolchain-0.3.1/windows/bin/../lib/gcc/arm-none-eabi/10.2.1/../../../../arm-none-eabi/lib/thumb/v7e-m+dp/hard\libc_nano.a(lib_a-mlock.o)
                0x08009664                __malloc_unlock
 .text.__retarget_lock_acquire_recursive
                0x08009670        0x2 c:/users/vinícius/documents/daisytoolchain-0.3.1/windows/bin/../lib/gcc/arm-none-eabi/10.2.1/../../../../arm-none-eabi/lib/thumb/v7e-m+dp/hard\libc_nano.a(lib_a-lock.o)
                0x08009670                __retarget_lock_acquire_recursive
 .text.__retarget_lock_release_recursive
                0x08009672        0x2 c:/users/vinícius/documents/daisytoolchain-0.3.1/windows/bin/../lib/gcc/arm-none-eabi/10.2.1/../../../../arm-none-eabi/lib/thumb/v7e-m+dp/hard\libc_nano.a(lib_a-lock.o)
                0x08009672                __retarget_lock_release_recursive
 *(.rodata)
 .rodata        0x08009674       0x10 ../../libdaisy/build\libdaisy.a(tim.o)
 *(.rodata*)
 .rodata._ZTSN5daisy21OneBitGraphicsDisplayE
                0x08009684       0x20 build/metamorphic_project.o
                0x08009684                typeinfo name for daisy::OneBitGraphicsDisplay
 .rodata._ZTIN5daisy21OneBitGraphicsDisplayE
                0x080096a4        0x8 build/metamorphic_project.o
                0x080096a4                typeinfo for daisy::OneBitGraphicsDisplay
 .rodata._ZTSN5daisy25OneBitGraphicsDisplayImplINS_11OledDisplayINS_13SSD130xDriverILj128ELj64ENS_24SSD130x4WireSpiTransportEEEEEEE
                0x080096ac       0x77 build/metamorphic_project.o
                0x080096ac                typeinfo name for daisy::OneBitGraphicsDisplayImpl<daisy::OledDisplay<daisy::SSD130xDriver<128u, 64u, daisy::SSD130x4WireSpiTransport> > >
 *fill*         0x08009723        0x1 
 .rodata._ZTIN5daisy25OneBitGraphicsDisplayImplINS_11OledDisplayINS_13SSD130xDriverILj128ELj64ENS_24SSD130x4WireSpiTransportEEEEEEE
                0x08009724        0xc build/metamorphic_project.o
                0x08009724                typeinfo for daisy::OneBitGraphicsDisplayImpl<daisy::OledDisplay<daisy::SSD130xDriver<128u, 64u, daisy::SSD130x4WireSpiTransport> > >
 .rodata._ZTSN5daisy11OledDisplayINS_13SSD130xDriverILj128ELj64ENS_24SSD130x4WireSpiTransportEEEEE
                0x08009730       0x56 build/metamorphic_project.o
                0x08009730                typeinfo name for daisy::OledDisplay<daisy::SSD130xDriver<128u, 64u, daisy::SSD130x4WireSpiTransport> >
 *fill*         0x08009786        0x2 
 .rodata._ZTIN5daisy11OledDisplayINS_13SSD130xDriverILj128ELj64ENS_24SSD130x4WireSpiTransportEEEEE
                0x08009788        0xc build/metamorphic_project.o
                0x08009788                typeinfo for daisy::OledDisplay<daisy::SSD130xDriver<128u, 64u, daisy::SSD130x4WireSpiTransport> >
 .rodata._ZTVN5daisy11OledDisplayINS_13SSD130xDriverILj128ELj64ENS_24SSD130x4WireSpiTransportEEEEE
                0x08009794       0x38 build/metamorphic_project.o
                0x08009794                vtable for daisy::OledDisplay<daisy::SSD130xDriver<128u, 64u, daisy::SSD130x4WireSpiTransport> >
 .rodata._ZL8seedgpio
                0x080097cc       0x3e ../../libdaisy/build\libdaisy.a(daisy_seed.o)
 *fill*         0x0800980a        0x2 
 .rodata.HAL_QSPI_MspInit.str1.4
                0x0800980c        0x7 ../../libdaisy/build\libdaisy.a(qspi.o)
 *fill*         0x08009813        0x1 
 .rodata.CSWTCH.33
                0x08009814        0x3 ../../libdaisy/build\libdaisy.a(sai.o)
 *fill*         0x08009817        0x1 
 .rodata.CSWTCH.34
                0x08009818        0xc ../../libdaisy/build\libdaisy.a(sai.o)
 .rodata.CSWTCH.41
                0x08009824       0x14 ../../libdaisy/build\libdaisy.a(sai.o)
 .rodata.CSWTCH.29
                0x08009838       0x18 ../../libdaisy/build\libdaisy.a(spi.o)
 .rodata.CSWTCH.30
                0x08009850        0xc ../../libdaisy/build\libdaisy.a(spi.o)
 .rodata._ZL13pins_none_spi
                0x0800985c        0x3 ../../libdaisy/build\libdaisy.a(spi.o)
 *fill*         0x0800985f        0x1 
 .rodata._ZL16pins_periphs_spi
                0x08009860       0x60 ../../libdaisy/build\libdaisy.a(spi.o)
 .rodata.D1CorePrescTable
                0x080098c0       0x10 ../../libdaisy/build\libdaisy.a(system_stm32h7xx.o)
                0x080098c0                D1CorePrescTable
 .rodata.gpio_hal_pin_map
                0x080098d0       0x20 ../../libdaisy/build\libdaisy.a(hal_map.o)
 .rodata.gpio_hal_port_map
                0x080098f0       0x30 ../../libdaisy/build\libdaisy.a(hal_map.o)
 .rodata.flagBitshiftOffset.0
                0x08009920        0x8 ../../libdaisy/build\libdaisy.a(stm32h7xx_hal_dma.o)
 .rodata._ZTIN10__cxxabiv117__class_type_infoE
                0x08009928        0xc c:/users/vinícius/documents/daisytoolchain-0.3.1/windows/bin/../lib/gcc/arm-none-eabi/10.2.1/../../../../arm-none-eabi/lib/thumb/v7e-m+dp/hard\libstdc++_nano.a(class_type_info.o)
                0x08009928                typeinfo for __cxxabiv1::__class_type_info
 .rodata._ZTSN10__cxxabiv117__class_type_infoE
                0x08009934       0x22 c:/users/vinícius/documents/daisytoolchain-0.3.1/windows/bin/../lib/gcc/arm-none-eabi/10.2.1/../../../../arm-none-eabi/lib/thumb/v7e-m+dp/hard\libstdc++_nano.a(class_type_info.o)
                0x08009934                typeinfo name for __cxxabiv1::__class_type_info
 *fill*         0x08009956        0x2 
 .rodata._ZTVN10__cxxabiv117__class_type_infoE
                0x08009958       0x2c c:/users/vinícius/documents/daisytoolchain-0.3.1/windows/bin/../lib/gcc/arm-none-eabi/10.2.1/../../../../arm-none-eabi/lib/thumb/v7e-m+dp/hard\libstdc++_nano.a(class_type_info.o)
                0x08009958                vtable for __cxxabiv1::__class_type_info
 .rodata._ZTIN10__cxxabiv120__si_class_type_infoE
                0x08009984        0xc c:/users/vinícius/documents/daisytoolchain-0.3.1/windows/bin/../lib/gcc/arm-none-eabi/10.2.1/../../../../arm-none-eabi/lib/thumb/v7e-m+dp/hard\libstdc++_nano.a(si_class_type_info.o)
                0x08009984                typeinfo for __cxxabiv1::__si_class_type_info
 .rodata._ZTSN10__cxxabiv120__si_class_type_infoE
                0x08009990       0x25 c:/users/vinícius/documents/daisytoolchain-0.3.1/windows/bin/../lib/gcc/arm-none-eabi/10.2.1/../../../../arm-none-eabi/lib/thumb/v7e-m+dp/hard\libstdc++_nano.a(si_class_type_info.o)
                0x08009990                typeinfo name for __cxxabiv1::__si_class_type_info
 *fill*         0x080099b5        0x3 
 .rodata._ZTVN10__cxxabiv120__si_class_type_infoE
                0x080099b8       0x2c c:/users/vinícius/documents/daisytoolchain-0.3.1/windows/bin/../lib/gcc/arm-none-eabi/10.2.1/../../../../arm-none-eabi/lib/thumb/v7e-m+dp/hard\libstdc++_nano.a(si_class_type_info.o)
                0x080099b8                vtable for __cxxabiv1::__si_class_type_info
 .rodata._ZTISt9type_info
                0x080099e4        0x8 c:/users/vinícius/documents/daisytoolchain-0.3.1/windows/bin/../lib/gcc/arm-none-eabi/10.2.1/../../../../arm-none-eabi/lib/thumb/v7e-m+dp/hard\libstdc++_nano.a(tinfo.o)
                0x080099e4                typeinfo for std::type_info
 .rodata._ZTSSt9type_info
                0x080099ec        0xd c:/users/vinícius/documents/daisytoolchain-0.3.1/windows/bin/../lib/gcc/arm-none-eabi/10.2.1/../../../../arm-none-eabi/lib/thumb/v7e-m+dp/hard\libstdc++_nano.a(tinfo.o)
                0x080099ec                typeinfo name for std::type_info
 *fill*         0x080099f9        0x3 
 .rodata.__inv_pio4
                0x080099fc       0x60 c:/users/vinícius/documents/daisytoolchain-0.3.1/windows/bin/../lib/gcc/arm-none-eabi/10.2.1/../../../../arm-none-eabi/lib/thumb/v7e-m+dp/hard\libm.a(lib_a-sincosf_data.o)
                0x080099fc                __inv_pio4
 *fill*         0x08009a5c        0x4 
 .rodata.__sincosf_table
                0x08009a60       0xe0 c:/users/vinícius/documents/daisytoolchain-0.3.1/windows/bin/../lib/gcc/arm-none-eabi/10.2.1/../../../../arm-none-eabi/lib/thumb/v7e-m+dp/hard\libm.a(lib_a-sincosf_data.o)
                0x08009a60                __sincosf_table
 *(.glue_7)
 .glue_7        0x08009b40        0x0 linker stubs
 *(.glue_7t)
 .glue_7t       0x08009b40        0x0 linker stubs
 *(.init)
 .init          0x08009b40        0x4 c:/users/vinícius/documents/daisytoolchain-0.3.1/windows/bin/../lib/gcc/arm-none-eabi/10.2.1/thumb/v7e-m+dp/hard/crti.o
                0x08009b40                _init
 .init          0x08009b44        0x8 c:/users/vinícius/documents/daisytoolchain-0.3.1/windows/bin/../lib/gcc/arm-none-eabi/10.2.1/thumb/v7e-m+dp/hard/crtn.o
 *(.fini)
 .fini          0x08009b4c        0x4 c:/users/vinícius/documents/daisytoolchain-0.3.1/windows/bin/../lib/gcc/arm-none-eabi/10.2.1/thumb/v7e-m+dp/hard/crti.o
                0x08009b4c                _fini
 .fini          0x08009b50        0x8 c:/users/vinícius/documents/daisytoolchain-0.3.1/windows/bin/../lib/gcc/arm-none-eabi/10.2.1/thumb/v7e-m+dp/hard/crtn.o
                0x08009b58                . = ALIGN (0x4)
                0x08009b58                _etext = .

.eh_frame       0x08009b58        0x0
 .eh_frame      0x08009b58        0x0 c:/users/vinícius/documents/daisytoolchain-0.3.1/windows/bin/../lib/gcc/arm-none-eabi/10.2.1/thumb/v7e-m+dp/hard/crtbegin.o

.vfp11_veneer   0x08009b58        0x0
 .vfp11_veneer  0x08009b58        0x0 linker stubs

.v4_bx          0x08009b58        0x0
 .v4_bx         0x08009b58        0x0 linker stubs

.iplt           0x08009b58        0x0
 .iplt          0x08009b58        0x0 c:/users/vinícius/documents/daisytoolchain-0.3.1/windows/bin/../lib/gcc/arm-none-eabi/10.2.1/thumb/v7e-m+dp/hard/crtbegin.o

.rel.dyn        0x08009b58        0x0
 .rel.iplt      0x08009b58        0x0 c:/users/vinícius/documents/daisytoolchain-0.3.1/windows/bin/../lib/gcc/arm-none-eabi/10.2.1/thumb/v7e-m+dp/hard/crtbegin.o

.ARM.extab      0x08009b58        0x0
                0x08009b58                . = ALIGN (0x4)
 *(.ARM.extab)
 *(.gnu.linkonce.armextab.*)
                0x08009b58                . = ALIGN (0x4)

.exidx          0x08009b58        0x0
                0x08009b58                . = ALIGN (0x4)
                [!provide]                PROVIDE (__exidx_start = .)
 *(.ARM.exidx*)
                0x08009b58                . = ALIGN (0x4)
                [!provide]                PROVIDE (__exidx_end = .)

.ARM.attributes
                0x08009b58       0x2e
 *(.ARM.attributes)
 .ARM.attributes
                0x08009b58       0x1e c:/users/vinícius/documents/daisytoolchain-0.3.1/windows/bin/../lib/gcc/arm-none-eabi/10.2.1/thumb/v7e-m+dp/hard/crti.o
 .ARM.attributes
                0x08009b76       0x32 c:/users/vinícius/documents/daisytoolchain-0.3.1/windows/bin/../lib/gcc/arm-none-eabi/10.2.1/thumb/v7e-m+dp/hard/crtbegin.o
 .ARM.attributes
                0x08009ba8       0x32 build/startup_stm32h750xx.o
 .ARM.attributes
                0x08009bda       0x32 build/globalFunc.o
 .ARM.attributes
                0x08009c0c       0x32 build/menus.o
 .ARM.attributes
                0x08009c3e       0x32 build/metamorphic_project.o
 .ARM.attributes
                0x08009c70       0x32 ../../libdaisy/build\libdaisy.a(daisy_seed.o)
 .ARM.attributes
                0x08009ca2       0x32 ../../libdaisy/build\libdaisy.a(codec_ak4556.o)
 .ARM.attributes
                0x08009cd4       0x32 ../../libdaisy/build\libdaisy.a(sdram.o)
 .ARM.attributes
                0x08009d06       0x32 ../../libdaisy/build\libdaisy.a(audio.o)
 .ARM.attributes
                0x08009d38       0x32 ../../libdaisy/build\libdaisy.a(gpio.o)
 .ARM.attributes
                0x08009d6a       0x32 ../../libdaisy/build\libdaisy.a(qspi.o)
 .ARM.attributes
                0x08009d9c       0x32 ../../libdaisy/build\libdaisy.a(sai.o)
 .ARM.attributes
                0x08009dce       0x32 ../../libdaisy/build\libdaisy.a(spi.o)
 .ARM.attributes
                0x08009e00       0x32 ../../libdaisy/build\libdaisy.a(system.o)
 .ARM.attributes
                0x08009e32       0x32 ../../libdaisy/build\libdaisy.a(system_stm32h7xx.o)
 .ARM.attributes
                0x08009e64       0x32 ../../libdaisy/build\libdaisy.a(hal_map.o)
 .ARM.attributes
                0x08009e96       0x32 ../../libdaisy/build\libdaisy.a(stm32h7xx_hal.o)
 .ARM.attributes
                0x08009ec8       0x32 ../../libdaisy/build\libdaisy.a(stm32h7xx_hal_cortex.o)
 .ARM.attributes
                0x08009efa       0x32 ../../libdaisy/build\libdaisy.a(stm32h7xx_hal_dma.o)
 .ARM.attributes
                0x08009f2c       0x32 ../../libdaisy/build\libdaisy.a(stm32h7xx_hal_gpio.o)
 .ARM.attributes
                0x08009f5e       0x32 ../../libdaisy/build\libdaisy.a(stm32h7xx_hal_pwr_ex.o)
 .ARM.attributes
                0x08009f90       0x32 ../../libdaisy/build\libdaisy.a(stm32h7xx_hal_qspi.o)
 .ARM.attributes
                0x08009fc2       0x32 ../../libdaisy/build\libdaisy.a(stm32h7xx_hal_rcc.o)
 .ARM.attributes
                0x08009ff4       0x32 ../../libdaisy/build\libdaisy.a(stm32h7xx_hal_rcc_ex.o)
 .ARM.attributes
                0x0800a026       0x32 ../../libdaisy/build\libdaisy.a(stm32h7xx_hal_sai.o)
 .ARM.attributes
                0x0800a058       0x32 ../../libdaisy/build\libdaisy.a(stm32h7xx_hal_sdram.o)
 .ARM.attributes
                0x0800a08a       0x32 ../../libdaisy/build\libdaisy.a(stm32h7xx_hal_spi.o)
 .ARM.attributes
                0x0800a0bc       0x32 ../../libdaisy/build\libdaisy.a(stm32h7xx_ll_fmc.o)
 .ARM.attributes
                0x0800a0ee       0x32 ../../libdaisy/build\libdaisy.a(i2c.o)
 .ARM.attributes
                0x0800a120       0x32 ../../libdaisy/build\libdaisy.a(tim.o)
 .ARM.attributes
                0x0800a152       0x32 ../../libdaisy/build\libdaisy.a(dma.o)
 .ARM.attributes
                0x0800a184       0x32 ../../libdaisy/build\libdaisy.a(stm32h7xx_hal_i2c.o)
 .ARM.attributes
                0x0800a1b6       0x32 ../../libdaisy/build\libdaisy.a(stm32h7xx_hal_mdma.o)
 .ARM.attributes
                0x0800a1e8       0x32 ../../libdaisy/build\libdaisy.a(stm32h7xx_hal_tim.o)
 .ARM.attributes
                0x0800a21a       0x32 ../../libdaisy/build\libdaisy.a(stm32h7xx_hal_tim_ex.o)
 .ARM.attributes
                0x0800a24c       0x32 c:/users/vinícius/documents/daisytoolchain-0.3.1/windows/bin/../lib/gcc/arm-none-eabi/10.2.1/../../../../arm-none-eabi/lib/thumb/v7e-m+dp/hard\libstdc++_nano.a(atexit_arm.o)
 .ARM.attributes
                0x0800a27e       0x32 c:/users/vinícius/documents/daisytoolchain-0.3.1/windows/bin/../lib/gcc/arm-none-eabi/10.2.1/../../../../arm-none-eabi/lib/thumb/v7e-m+dp/hard\libstdc++_nano.a(class_type_info.o)
 .ARM.attributes
                0x0800a2b0       0x32 c:/users/vinícius/documents/daisytoolchain-0.3.1/windows/bin/../lib/gcc/arm-none-eabi/10.2.1/../../../../arm-none-eabi/lib/thumb/v7e-m+dp/hard\libstdc++_nano.a(del_ops.o)
 .ARM.attributes
                0x0800a2e2       0x32 c:/users/vinícius/documents/daisytoolchain-0.3.1/windows/bin/../lib/gcc/arm-none-eabi/10.2.1/../../../../arm-none-eabi/lib/thumb/v7e-m+dp/hard\libstdc++_nano.a(si_class_type_info.o)
 .ARM.attributes
                0x0800a314       0x32 c:/users/vinícius/documents/daisytoolchain-0.3.1/windows/bin/../lib/gcc/arm-none-eabi/10.2.1/../../../../arm-none-eabi/lib/thumb/v7e-m+dp/hard\libstdc++_nano.a(tinfo.o)
 .ARM.attributes
                0x0800a346       0x32 c:/users/vinícius/documents/daisytoolchain-0.3.1/windows/bin/../lib/gcc/arm-none-eabi/10.2.1/../../../../arm-none-eabi/lib/thumb/v7e-m+dp/hard\libstdc++_nano.a(del_op.o)
 .ARM.attributes
                0x0800a378       0x32 c:/users/vinícius/documents/daisytoolchain-0.3.1/windows/bin/../lib/gcc/arm-none-eabi/10.2.1/../../../../arm-none-eabi/lib/thumb/v7e-m+dp/hard\libm.a(lib_a-cosf.o)
 .ARM.attributes
                0x0800a3aa       0x32 c:/users/vinícius/documents/daisytoolchain-0.3.1/windows/bin/../lib/gcc/arm-none-eabi/10.2.1/../../../../arm-none-eabi/lib/thumb/v7e-m+dp/hard\libm.a(lib_a-math_errf.o)
 .ARM.attributes
                0x0800a3dc       0x30 c:/users/vinícius/documents/daisytoolchain-0.3.1/windows/bin/../lib/gcc/arm-none-eabi/10.2.1/../../../../arm-none-eabi/lib/thumb/v7e-m+dp/hard\libm.a(lib_a-sincosf_data.o)
 .ARM.attributes
                0x0800a40c       0x32 c:/users/vinícius/documents/daisytoolchain-0.3.1/windows/bin/../lib/gcc/arm-none-eabi/10.2.1/../../../../arm-none-eabi/lib/thumb/v7e-m+dp/hard\libm.a(lib_a-sinf.o)
 .ARM.attributes
                0x0800a43e       0x32 c:/users/vinícius/documents/daisytoolchain-0.3.1/windows/bin/../lib/gcc/arm-none-eabi/10.2.1/../../../../arm-none-eabi/lib/thumb/v7e-m+dp/hard\libc_nano.a(lib_a-cxa_atexit.o)
 .ARM.attributes
                0x0800a470       0x32 c:/users/vinícius/documents/daisytoolchain-0.3.1/windows/bin/../lib/gcc/arm-none-eabi/10.2.1/../../../../arm-none-eabi/lib/thumb/v7e-m+dp/hard\libc_nano.a(lib_a-errno.o)
 .ARM.attributes
                0x0800a4a2       0x30 c:/users/vinícius/documents/daisytoolchain-0.3.1/windows/bin/../lib/gcc/arm-none-eabi/10.2.1/../../../../arm-none-eabi/lib/thumb/v7e-m+dp/hard\libc_nano.a(lib_a-impure.o)
 .ARM.attributes
                0x0800a4d2       0x32 c:/users/vinícius/documents/daisytoolchain-0.3.1/windows/bin/../lib/gcc/arm-none-eabi/10.2.1/../../../../arm-none-eabi/lib/thumb/v7e-m+dp/hard\libc_nano.a(lib_a-init.o)
 .ARM.attributes
                0x0800a504       0x32 c:/users/vinícius/documents/daisytoolchain-0.3.1/windows/bin/../lib/gcc/arm-none-eabi/10.2.1/../../../../arm-none-eabi/lib/thumb/v7e-m+dp/hard\libc_nano.a(lib_a-malloc.o)
 .ARM.attributes
                0x0800a536       0x32 c:/users/vinícius/documents/daisytoolchain-0.3.1/windows/bin/../lib/gcc/arm-none-eabi/10.2.1/../../../../arm-none-eabi/lib/thumb/v7e-m+dp/hard\libc_nano.a(lib_a-memcpy-stub.o)
 .ARM.attributes
                0x0800a568       0x32 c:/users/vinícius/documents/daisytoolchain-0.3.1/windows/bin/../lib/gcc/arm-none-eabi/10.2.1/../../../../arm-none-eabi/lib/thumb/v7e-m+dp/hard\libc_nano.a(lib_a-memset.o)
 .ARM.attributes
                0x0800a59a       0x32 c:/users/vinícius/documents/daisytoolchain-0.3.1/windows/bin/../lib/gcc/arm-none-eabi/10.2.1/../../../../arm-none-eabi/lib/thumb/v7e-m+dp/hard\libc_nano.a(lib_a-nano-freer.o)
 .ARM.attributes
                0x0800a5cc       0x32 c:/users/vinícius/documents/daisytoolchain-0.3.1/windows/bin/../lib/gcc/arm-none-eabi/10.2.1/../../../../arm-none-eabi/lib/thumb/v7e-m+dp/hard\libc_nano.a(lib_a-nano-mallocr.o)
 .ARM.attributes
                0x0800a5fe       0x1c c:/users/vinícius/documents/daisytoolchain-0.3.1/windows/bin/../lib/gcc/arm-none-eabi/10.2.1/../../../../arm-none-eabi/lib/thumb/v7e-m+dp/hard\libc_nano.a(lib_a-strcmp.o)
 .ARM.attributes
                0x0800a61a       0x32 c:/users/vinícius/documents/daisytoolchain-0.3.1/windows/bin/../lib/gcc/arm-none-eabi/10.2.1/../../../../arm-none-eabi/lib/thumb/v7e-m+dp/hard\libc_nano.a(lib_a-mlock.o)
 .ARM.attributes
                0x0800a64c       0x32 c:/users/vinícius/documents/daisytoolchain-0.3.1/windows/bin/../lib/gcc/arm-none-eabi/10.2.1/../../../../arm-none-eabi/lib/thumb/v7e-m+dp/hard\libc_nano.a(lib_a-lock.o)
 .ARM.attributes
                0x0800a67e       0x1e c:/users/vinícius/documents/daisytoolchain-0.3.1/windows/bin/../lib/gcc/arm-none-eabi/10.2.1/thumb/v7e-m+dp/hard\libgcc.a(_arm_addsubdf3.o)
 .ARM.attributes
                0x0800a69c       0x1e c:/users/vinícius/documents/daisytoolchain-0.3.1/windows/bin/../lib/gcc/arm-none-eabi/10.2.1/thumb/v7e-m+dp/hard/crtn.o

.preinit_array  0x08009b58        0x0
                0x08009b58                PROVIDE (__preinit_array_start = .)
 *(.preinit_array*)
                0x08009b58                PROVIDE (__preinit_array_end = .)

.init_array     0x08009b58       0x18
                0x08009b58                PROVIDE (__init_array_start = .)
 *(SORT_BY_NAME(.init_array.*))
 *(.init_array*)
 .init_array    0x08009b58        0x4 c:/users/vinícius/documents/daisytoolchain-0.3.1/windows/bin/../lib/gcc/arm-none-eabi/10.2.1/thumb/v7e-m+dp/hard/crtbegin.o
 .init_array    0x08009b5c        0x4 build/metamorphic_project.o
 .init_array    0x08009b60        0x4 ../../libdaisy/build\libdaisy.a(audio.o)
 .init_array    0x08009b64        0x4 ../../libdaisy/build\libdaisy.a(spi.o)
 .init_array    0x08009b68        0x4 ../../libdaisy/build\libdaisy.a(system.o)
 .init_array    0x08009b6c        0x4 ../../libdaisy/build\libdaisy.a(i2c.o)
                0x08009b70                PROVIDE (__init_array_end = .)

.fini_array     0x08009b70        0x4
                [!provide]                PROVIDE (__fini_array_start = .)
 *(.fini_array*)
 .fini_array    0x08009b70        0x4 c:/users/vinícius/documents/daisytoolchain-0.3.1/windows/bin/../lib/gcc/arm-none-eabi/10.2.1/thumb/v7e-m+dp/hard/crtbegin.o
 *(SORT_BY_NAME(.fini_array.*))
                [!provide]                PROVIDE (__fini_array_end = .)

.data           0x24000000      0x174 load address 0x08009b74
                0x24000000                . = ALIGN (0x4)
                0x24000000                _sdata = .
                [!provide]                PROVIDE (__data_start__ = _sdata)
 *(.data)
 .data          0x24000000        0x4 c:/users/vinícius/documents/daisytoolchain-0.3.1/windows/bin/../lib/gcc/arm-none-eabi/10.2.1/thumb/v7e-m+dp/hard/crtbegin.o
                0x24000000                __dso_handle
 *(.data*)
 .data._ZL13spi1_pins_nss
                0x24000004        0x9 ../../libdaisy/build\libdaisy.a(spi.o)
 *fill*         0x2400000d        0x3 
 .data._ZL13spi2_pins_nss
                0x24000010        0x9 ../../libdaisy/build\libdaisy.a(spi.o)
 *fill*         0x24000019        0x3 
 .data._ZL13spi3_pins_nss
                0x2400001c        0x9 ../../libdaisy/build\libdaisy.a(spi.o)
 *fill*         0x24000025        0x3 
 .data._ZL13spi6_pins_nss
                0x24000028        0x9 ../../libdaisy/build\libdaisy.a(spi.o)
 *fill*         0x24000031        0x3 
 .data._ZL14spi1_pins_miso
                0x24000034        0x9 ../../libdaisy/build\libdaisy.a(spi.o)
 *fill*         0x2400003d        0x3 
 .data._ZL14spi1_pins_mosi
                0x24000040        0x9 ../../libdaisy/build\libdaisy.a(spi.o)
 *fill*         0x24000049        0x3 
 .data._ZL14spi1_pins_sclk
                0x2400004c        0x9 ../../libdaisy/build\libdaisy.a(spi.o)
 *fill*         0x24000055        0x3 
 .data._ZL14spi2_pins_miso
                0x24000058        0x9 ../../libdaisy/build\libdaisy.a(spi.o)
 *fill*         0x24000061        0x3 
 .data._ZL14spi2_pins_mosi
                0x24000064        0x9 ../../libdaisy/build\libdaisy.a(spi.o)
 *fill*         0x2400006d        0x3 
 .data._ZL14spi3_pins_miso
                0x24000070        0x9 ../../libdaisy/build\libdaisy.a(spi.o)
 *fill*         0x24000079        0x3 
 .data._ZL14spi3_pins_mosi
                0x2400007c        0x9 ../../libdaisy/build\libdaisy.a(spi.o)
 *fill*         0x24000085        0x3 
 .data._ZL14spi3_pins_sclk
                0x24000088        0x9 ../../libdaisy/build\libdaisy.a(spi.o)
 *fill*         0x24000091        0x3 
 .data._ZL14spi6_pins_miso
                0x24000094        0x9 ../../libdaisy/build\libdaisy.a(spi.o)
 *fill*         0x2400009d        0x3 
 .data._ZL14spi6_pins_mosi
                0x240000a0        0x9 ../../libdaisy/build\libdaisy.a(spi.o)
 *fill*         0x240000a9        0x3 
 .data._ZL14spi6_pins_sclk
                0x240000ac        0x9 ../../libdaisy/build\libdaisy.a(spi.o)
 *fill*         0x240000b5        0x3 
 .data.SystemCoreClock
                0x240000b8        0x4 ../../libdaisy/build\libdaisy.a(system_stm32h7xx.o)
                0x240000b8                SystemCoreClock
 .data.SystemD2Clock
                0x240000bc        0x4 ../../libdaisy/build\libdaisy.a(system_stm32h7xx.o)
                0x240000bc                SystemD2Clock
 .data.uwTickFreq
                0x240000c0        0x1 ../../libdaisy/build\libdaisy.a(stm32h7xx_hal.o)
 *fill*         0x240000c1        0x3 
 .data.uwTickPrio
                0x240000c4        0x4 ../../libdaisy/build\libdaisy.a(stm32h7xx_hal.o)
 .data._ZN5daisy9I2CHandle4Impl21queued_dma_transfers_E
                0x240000c8       0x48 ../../libdaisy/build\libdaisy.a(i2c.o)
                0x240000c8                daisy::I2CHandle::Impl::queued_dma_transfers_
 .data._impure_ptr
                0x24000110        0x4 c:/users/vinícius/documents/daisytoolchain-0.3.1/windows/bin/../lib/gcc/arm-none-eabi/10.2.1/../../../../arm-none-eabi/lib/thumb/v7e-m+dp/hard\libc_nano.a(lib_a-impure.o)
                0x24000110                _impure_ptr
 .data.impure_data
                0x24000114       0x60 c:/users/vinícius/documents/daisytoolchain-0.3.1/windows/bin/../lib/gcc/arm-none-eabi/10.2.1/../../../../arm-none-eabi/lib/thumb/v7e-m+dp/hard\libc_nano.a(lib_a-impure.o)
                0x24000174                . = ALIGN (0x4)
                0x24000174                _edata = .
                [!provide]                PROVIDE (__data_end__ = _edata)
                0x08009b74                _sidata = LOADADDR (.data)

.igot.plt       0x24000174        0x0 load address 0x08009ce8
 .igot.plt      0x24000174        0x0 c:/users/vinícius/documents/daisytoolchain-0.3.1/windows/bin/../lib/gcc/arm-none-eabi/10.2.1/thumb/v7e-m+dp/hard/crtbegin.o

.bss            0x24000178     0x1310 load address 0x08009ce8
                0x24000178                . = ALIGN (0x4)
                0x24000178                _sbss = .
                0x24000178                PROVIDE (__bss_start__ = _sbss)
 *(.bss)
 .bss           0x24000178       0x1c c:/users/vinícius/documents/daisytoolchain-0.3.1/windows/bin/../lib/gcc/arm-none-eabi/10.2.1/thumb/v7e-m+dp/hard/crtbegin.o
 *(.bss*)
 .bss.display   0x24000194      0x414 build/metamorphic_project.o
                0x24000194                display
 .bss.hw        0x240005a8       0x3c build/metamorphic_project.o
                0x240005a8                hw
 .bss.synthMenus
                0x240005e4        0x4 build/metamorphic_project.o
                0x240005e4                synthMenus
 .bss.FMC_Initialized
                0x240005e8        0x4 ../../libdaisy/build\libdaisy.a(sdram.o)
 *fill*         0x240005ec        0x4 
 .bss.dsy_sdram
                0x240005f0       0x3c ../../libdaisy/build\libdaisy.a(sdram.o)
 .bss._ZN5daisyL12audio_handleE
                0x2400062c       0x30 ../../libdaisy/build\libdaisy.a(audio.o)
 .bss.qspi_handle
                0x2400065c       0x54 ../../libdaisy/build\libdaisy.a(qspi.o)
 .bss._ZN5daisyL11sai_handlesE
                0x240006b0      0x4b8 ../../libdaisy/build\libdaisy.a(sai.o)
 .bss._ZL11spi_handles
                0x24000b68      0x420 ../../libdaisy/build\libdaisy.a(spi.o)
 .bss._ZL13spi4_pins_nss
                0x24000f88        0x9 ../../libdaisy/build\libdaisy.a(spi.o)
 *fill*         0x24000f91        0x3 
 .bss._ZL13spi5_pins_nss
                0x24000f94        0x9 ../../libdaisy/build\libdaisy.a(spi.o)
 *fill*         0x24000f9d        0x3 
 .bss._ZL14spi2_pins_sclk
                0x24000fa0        0x9 ../../libdaisy/build\libdaisy.a(spi.o)
 *fill*         0x24000fa9        0x3 
 .bss._ZL14spi4_pins_miso
                0x24000fac        0x9 ../../libdaisy/build\libdaisy.a(spi.o)
 *fill*         0x24000fb5        0x3 
 .bss._ZL14spi4_pins_mosi
                0x24000fb8        0x9 ../../libdaisy/build\libdaisy.a(spi.o)
 *fill*         0x24000fc1        0x3 
 .bss._ZL14spi4_pins_sclk
                0x24000fc4        0x9 ../../libdaisy/build\libdaisy.a(spi.o)
 *fill*         0x24000fcd        0x3 
 .bss._ZL14spi5_pins_miso
                0x24000fd0        0x9 ../../libdaisy/build\libdaisy.a(spi.o)
 *fill*         0x24000fd9        0x3 
 .bss._ZL14spi5_pins_mosi
                0x24000fdc        0x9 ../../libdaisy/build\libdaisy.a(spi.o)
 *fill*         0x24000fe5        0x3 
 .bss._ZL14spi5_pins_sclk
                0x24000fe8        0x9 ../../libdaisy/build\libdaisy.a(spi.o)
 *fill*         0x24000ff1        0x3 
 .bss._ZN5daisy6System4tim_E
                0x24000ff4        0x4 ../../libdaisy/build\libdaisy.a(system.o)
                0x24000ff4                daisy::System::tim_
 .bss.uwTick    0x24000ff8        0x4 ../../libdaisy/build\libdaisy.a(stm32h7xx_hal.o)
 .bss._ZN5daisy9I2CHandle4Impl22dma_active_peripheral_E
                0x24000ffc        0x1 ../../libdaisy/build\libdaisy.a(i2c.o)
                0x24000ffc                daisy::I2CHandle::Impl::dma_active_peripheral_
 *fill*         0x24000ffd        0x3 
 .bss._ZN5daisyL11i2c_handlesE
                0x24001000      0x360 ../../libdaisy/build\libdaisy.a(i2c.o)
 .bss._ZN5daisyL11tim_handlesE
                0x24001360      0x120 ../../libdaisy/build\libdaisy.a(tim.o)
 .bss.__malloc_free_list
                0x24001480        0x4 c:/users/vinícius/documents/daisytoolchain-0.3.1/windows/bin/../lib/gcc/arm-none-eabi/10.2.1/../../../../arm-none-eabi/lib/thumb/v7e-m+dp/hard\libc_nano.a(lib_a-nano-mallocr.o)
                0x24001480                __malloc_free_list
 .bss.__lock___malloc_recursive_mutex
                0x24001484        0x1 c:/users/vinícius/documents/daisytoolchain-0.3.1/windows/bin/../lib/gcc/arm-none-eabi/10.2.1/../../../../arm-none-eabi/lib/thumb/v7e-m+dp/hard\libc_nano.a(lib_a-lock.o)
                0x24001484                __lock___malloc_recursive_mutex
 *(COMMON)
                0x24001488                . = ALIGN (0x4)
 *fill*         0x24001485        0x3 
                0x24001488                _ebss = .
                0x24001488                PROVIDE (__bss_end__ = _ebss)
                0x24001488                PROVIDE (end = .)

.dtcmram_bss    0x20000000        0x0
                0x20000000                . = ALIGN (0x4)
                0x20000000                _sdtcmram_bss = .
                [!provide]                PROVIDE (__dtcmram_bss_start__ = _sdtcmram_bss)
 *(.dtcmram_bss)
 *(.dtcmram_bss*)
                0x20000000                . = ALIGN (0x4)
                0x20000000                _edtcmram_bss = .
                [!provide]                PROVIDE (__dtcmram_bss_end__ = _edtcmram_bss)

.sram1_bss      0x30000000     0x4000
                0x30000000                . = ALIGN (0x4)
                0x30000000                _ssram1_bss = .
                [!provide]                PROVIDE (__sram1_bss_start__ = _sram1_bss)
 *(.sram1_bss)
 .sram1_bss     0x30000000     0x4000 ../../libdaisy/build\libdaisy.a(audio.o)
 *(.sram1_bss*)
                0x30004000                . = ALIGN (0x4)
                0x30004000                _esram1_bss = .
                [!provide]                PROVIDE (__sram1_bss_end__ = _esram1_bss)

.sdram_bss      0xc0000000        0x0
                0xc0000000                . = ALIGN (0x4)
                0xc0000000                _ssdram_bss = .
                [!provide]                PROVIDE (__sdram_bss_start = _ssdram_bss)
 *(.sdram_bss)
 *(.sdram_bss*)
                0xc0000000                . = ALIGN (0x4)
                0xc0000000                _esdram_bss = .
                [!provide]                PROVIDE (__sdram_bss_end = _esdram_bss)

.qspiflash_text
                0x90000000        0x0
                0x90000000                . = ALIGN (0x4)
                0x90000000                _sqspiflash_text = .
                [!provide]                PROVIDE (__qspiflash_text_start = _sqspiflash_text)
 *(.qspiflash_text)
 *(.qspiflash_text*)
                0x90000000                . = ALIGN (0x4)
                0x90000000                _eqspiflash_text = .
                [!provide]                PROVIDE (__qspiflash_text_end = _eqspiflash_text)

.qspiflash_data
                0x90000000        0x0
                0x90000000                . = ALIGN (0x4)
                0x90000000                _sqspiflash_data = .
                [!provide]                PROVIDE (__qspiflash_data_start = _sqspiflash_data)
 *(.qspiflash_data)
 *(.qspiflash_data*)
                0x90000000                . = ALIGN (0x4)
                0x90000000                _eqspiflash_data = .
                [!provide]                PROVIDE (__qspiflash_data_end = _eqspiflash_data)

.qspiflash_bss  0x90000000        0x0
                0x90000000                . = ALIGN (0x4)
                0x90000000                _sqspiflash_bss = .
                [!provide]                PROVIDE (__qspiflash_bss_start = _sqspiflash_bss)
 *(.qspiflash_bss)
 *(.qspiflash_bss*)
                0x90000000                . = ALIGN (0x4)
                0x90000000                _eqspiflash_bss = .
                [!provide]                PROVIDE (__qspiflash_bss_end = _eqspiflash_bss)

.heap           0x24001488        0x0
                0x24001488                . = ALIGN (0x4)
                [!provide]                PROVIDE (__heap_start__ = .)
 *(.heap)
                0x24001488                . = ALIGN (0x4)
                [!provide]                PROVIDE (__heap_end__ = .)

.reserved_for_stack
                0x24001488        0x0
                0x24001488                . = ALIGN (0x4)
                [!provide]                PROVIDE (__reserved_for_stack_start__ = .)
 *(.reserved_for_stack)
                0x24001488                . = ALIGN (0x4)
                [!provide]                PROVIDE (__reserved_for_stack_end__ = .)

DISCARD
 libc.a(*)
 libm.a(*)
 libgcc.a(*)
OUTPUT(build/metamorphic_project.elf elf32-littlearm)
LOAD linker stubs
LOAD c:/users/vinícius/documents/daisytoolchain-0.3.1/windows/bin/../lib/gcc/arm-none-eabi/10.2.1/../../../../arm-none-eabi/lib/thumb/v7e-m+dp/hard\libc.a
LOAD c:/users/vinícius/documents/daisytoolchain-0.3.1/windows/bin/../lib/gcc/arm-none-eabi/10.2.1/../../../../arm-none-eabi/lib/thumb/v7e-m+dp/hard\libm.a
LOAD c:/users/vinícius/documents/daisytoolchain-0.3.1/windows/bin/../lib/gcc/arm-none-eabi/10.2.1/thumb/v7e-m+dp/hard\libgcc.a

.debug_info     0x00000000    0x58f41
 .debug_info    0x00000000      0x1d0 build/startup_stm32h750xx.o
 .debug_info    0x000001d0     0x5c15 build/globalFunc.o
 .debug_info    0x00005de5     0x709e build/menus.o
 .debug_info    0x0000ce83     0x88f1 build/metamorphic_project.o
 .debug_info    0x00015774     0x3e8a ../../libdaisy/build\libdaisy.a(daisy_seed.o)
 .debug_info    0x000195fe     0x12cd ../../libdaisy/build\libdaisy.a(codec_ak4556.o)
 .debug_info    0x0001a8cb     0x13ad ../../libdaisy/build\libdaisy.a(sdram.o)
 .debug_info    0x0001bc78     0x2d05 ../../libdaisy/build\libdaisy.a(audio.o)
 .debug_info    0x0001e97d      0xc1b ../../libdaisy/build\libdaisy.a(gpio.o)
 .debug_info    0x0001f598     0x2613 ../../libdaisy/build\libdaisy.a(qspi.o)
 .debug_info    0x00021bab     0x44b6 ../../libdaisy/build\libdaisy.a(sai.o)
 .debug_info    0x00026061     0x4473 ../../libdaisy/build\libdaisy.a(spi.o)
 .debug_info    0x0002a4d4     0x4308 ../../libdaisy/build\libdaisy.a(system.o)
 .debug_info    0x0002e7dc      0xa3b ../../libdaisy/build\libdaisy.a(system_stm32h7xx.o)
 .debug_info    0x0002f217      0x80c ../../libdaisy/build\libdaisy.a(hal_map.o)
 .debug_info    0x0002fa23     0x16d6 ../../libdaisy/build\libdaisy.a(stm32h7xx_hal.o)
 .debug_info    0x000310f9     0x13f0 ../../libdaisy/build\libdaisy.a(stm32h7xx_hal_cortex.o)
 .debug_info    0x000324e9      0xf2f ../../libdaisy/build\libdaisy.a(stm32h7xx_hal_dma.o)
 .debug_info    0x00033418      0xd4d ../../libdaisy/build\libdaisy.a(stm32h7xx_hal_gpio.o)
 .debug_info    0x00034165      0xf42 ../../libdaisy/build\libdaisy.a(stm32h7xx_hal_pwr_ex.o)
 .debug_info    0x000350a7     0x1ed9 ../../libdaisy/build\libdaisy.a(stm32h7xx_hal_qspi.o)
 .debug_info    0x00036f80     0x1267 ../../libdaisy/build\libdaisy.a(stm32h7xx_hal_rcc.o)
 .debug_info    0x000381e7     0x16c3 ../../libdaisy/build\libdaisy.a(stm32h7xx_hal_rcc_ex.o)
 .debug_info    0x000398aa     0x2063 ../../libdaisy/build\libdaisy.a(stm32h7xx_hal_sai.o)
 .debug_info    0x0003b90d     0x12ab ../../libdaisy/build\libdaisy.a(stm32h7xx_hal_sdram.o)
 .debug_info    0x0003cbb8     0x1bc0 ../../libdaisy/build\libdaisy.a(stm32h7xx_hal_spi.o)
 .debug_info    0x0003e778      0xd17 ../../libdaisy/build\libdaisy.a(stm32h7xx_ll_fmc.o)
 .debug_info    0x0003f48f     0x6dd3 ../../libdaisy/build\libdaisy.a(i2c.o)
 .debug_info    0x00046262     0x4403 ../../libdaisy/build\libdaisy.a(tim.o)
 .debug_info    0x0004a665     0x1050 ../../libdaisy/build\libdaisy.a(dma.o)
 .debug_info    0x0004b6b5     0x6323 ../../libdaisy/build\libdaisy.a(stm32h7xx_hal_i2c.o)
 .debug_info    0x000519d8      0xffe ../../libdaisy/build\libdaisy.a(stm32h7xx_hal_mdma.o)
 .debug_info    0x000529d6     0x4b86 ../../libdaisy/build\libdaisy.a(stm32h7xx_hal_tim.o)
 .debug_info    0x0005755c     0x19e5 ../../libdaisy/build\libdaisy.a(stm32h7xx_hal_tim_ex.o)

.debug_abbrev   0x00000000     0x9274
 .debug_abbrev  0x00000000      0x136 build/startup_stm32h750xx.o
 .debug_abbrev  0x00000136      0x7b1 build/globalFunc.o
 .debug_abbrev  0x000008e7      0x83c build/menus.o
 .debug_abbrev  0x00001123      0xb99 build/metamorphic_project.o
 .debug_abbrev  0x00001cbc      0x7e2 ../../libdaisy/build\libdaisy.a(daisy_seed.o)
 .debug_abbrev  0x0000249e      0x365 ../../libdaisy/build\libdaisy.a(codec_ak4556.o)
 .debug_abbrev  0x00002803      0x313 ../../libdaisy/build\libdaisy.a(sdram.o)
 .debug_abbrev  0x00002b16      0x6b3 ../../libdaisy/build\libdaisy.a(audio.o)
 .debug_abbrev  0x000031c9      0x292 ../../libdaisy/build\libdaisy.a(gpio.o)
 .debug_abbrev  0x0000345b      0x482 ../../libdaisy/build\libdaisy.a(qspi.o)
 .debug_abbrev  0x000038dd      0x794 ../../libdaisy/build\libdaisy.a(sai.o)
 .debug_abbrev  0x00004071      0x6be ../../libdaisy/build\libdaisy.a(spi.o)
 .debug_abbrev  0x0000472f      0x718 ../../libdaisy/build\libdaisy.a(system.o)
 .debug_abbrev  0x00004e47      0x139 ../../libdaisy/build\libdaisy.a(system_stm32h7xx.o)
 .debug_abbrev  0x00004f80      0x193 ../../libdaisy/build\libdaisy.a(hal_map.o)
 .debug_abbrev  0x00005113      0x2b5 ../../libdaisy/build\libdaisy.a(stm32h7xx_hal.o)
 .debug_abbrev  0x000053c8      0x35f ../../libdaisy/build\libdaisy.a(stm32h7xx_hal_cortex.o)
 .debug_abbrev  0x00005727      0x343 ../../libdaisy/build\libdaisy.a(stm32h7xx_hal_dma.o)
 .debug_abbrev  0x00005a6a      0x237 ../../libdaisy/build\libdaisy.a(stm32h7xx_hal_gpio.o)
 .debug_abbrev  0x00005ca1      0x327 ../../libdaisy/build\libdaisy.a(stm32h7xx_hal_pwr_ex.o)
 .debug_abbrev  0x00005fc8      0x300 ../../libdaisy/build\libdaisy.a(stm32h7xx_hal_qspi.o)
 .debug_abbrev  0x000062c8      0x2d7 ../../libdaisy/build\libdaisy.a(stm32h7xx_hal_rcc.o)
 .debug_abbrev  0x0000659f      0x309 ../../libdaisy/build\libdaisy.a(stm32h7xx_hal_rcc_ex.o)
 .debug_abbrev  0x000068a8      0x334 ../../libdaisy/build\libdaisy.a(stm32h7xx_hal_sai.o)
 .debug_abbrev  0x00006bdc      0x25e ../../libdaisy/build\libdaisy.a(stm32h7xx_hal_sdram.o)
 .debug_abbrev  0x00006e3a      0x3d0 ../../libdaisy/build\libdaisy.a(stm32h7xx_hal_spi.o)
 .debug_abbrev  0x0000720a      0x19b ../../libdaisy/build\libdaisy.a(stm32h7xx_ll_fmc.o)
 .debug_abbrev  0x000073a5      0x952 ../../libdaisy/build\libdaisy.a(i2c.o)
 .debug_abbrev  0x00007cf7      0x688 ../../libdaisy/build\libdaisy.a(tim.o)
 .debug_abbrev  0x0000837f      0x1f6 ../../libdaisy/build\libdaisy.a(dma.o)
 .debug_abbrev  0x00008575      0x3cb ../../libdaisy/build\libdaisy.a(stm32h7xx_hal_i2c.o)
 .debug_abbrev  0x00008940      0x2cd ../../libdaisy/build\libdaisy.a(stm32h7xx_hal_mdma.o)
 .debug_abbrev  0x00008c0d      0x366 ../../libdaisy/build\libdaisy.a(stm32h7xx_hal_tim.o)
 .debug_abbrev  0x00008f73      0x301 ../../libdaisy/build\libdaisy.a(stm32h7xx_hal_tim_ex.o)

.debug_aranges  0x00000000     0x1948
 .debug_aranges
                0x00000000       0x28 build/startup_stm32h750xx.o
 .debug_aranges
                0x00000028       0x28 build/globalFunc.o
 .debug_aranges
                0x00000050       0x50 build/menus.o
 .debug_aranges
                0x000000a0       0x98 build/metamorphic_project.o
 .debug_aranges
                0x00000138       0xb8 ../../libdaisy/build\libdaisy.a(daisy_seed.o)
 .debug_aranges
                0x000001f0       0x20 ../../libdaisy/build\libdaisy.a(codec_ak4556.o)
 .debug_aranges
                0x00000210       0x38 ../../libdaisy/build\libdaisy.a(sdram.o)
 .debug_aranges
                0x00000248       0xd0 ../../libdaisy/build\libdaisy.a(audio.o)
 .debug_aranges
                0x00000318       0x40 ../../libdaisy/build\libdaisy.a(gpio.o)
 .debug_aranges
                0x00000358       0x60 ../../libdaisy/build\libdaisy.a(qspi.o)
 .debug_aranges
                0x000003b8       0xf0 ../../libdaisy/build\libdaisy.a(sai.o)
 .debug_aranges
                0x000004a8       0x98 ../../libdaisy/build\libdaisy.a(spi.o)
 .debug_aranges
                0x00000540       0xc0 ../../libdaisy/build\libdaisy.a(system.o)
 .debug_aranges
                0x00000600       0x28 ../../libdaisy/build\libdaisy.a(system_stm32h7xx.o)
 .debug_aranges
                0x00000628       0x30 ../../libdaisy/build\libdaisy.a(hal_map.o)
 .debug_aranges
                0x00000658      0x198 ../../libdaisy/build\libdaisy.a(stm32h7xx_hal.o)
 .debug_aranges
                0x000007f0       0xb0 ../../libdaisy/build\libdaisy.a(stm32h7xx_hal_cortex.o)
 .debug_aranges
                0x000008a0       0x88 ../../libdaisy/build\libdaisy.a(stm32h7xx_hal_dma.o)
 .debug_aranges